regular_sir_full sir 0 ok
regular_sir_full seir 0 ok
regular_sir_full tv_sir 0 ok
regular_sir_full ude_sir_h2 0 ok
regular_sir_full neural_ode_h2 0 ok
regular_sir_full sir 1 ok
regular_sir_full seir 1 ok
regular_sir_full tv_sir 1 ok
regular_sir_full ude_sir_h2 1 ok
regular_sir_full neural_ode_h2 1 ok
regular_sir_full sir 2 ok
regular_sir_full seir 2 ok
regular_sir_full tv_sir 2 ok
regular_sir_full ude_sir_h2 2 ok
regular_sir_full neural_ode_h2 2 ok
regular_sir_full sir 3 ok
regular_sir_full seir 3 ok
regular_sir_full tv_sir 3 ok
regular_sir_full ude_sir_h2 3 ok
regular_sir_full neural_ode_h2 3 ok
regular_sir_full sir 4 ok
regular_sir_full seir 4 ok
regular_sir_full tv_sir 4 ok
regular_sir_full ude_sir_h2 4 ok
regular_sir_full neural_ode_h2 4 ok
regular_sir_full sir 5 ok
regular_sir_full seir 5 ok
regular_sir_full tv_sir 5 ok
regular_sir_full ude_sir_h2 5 ok
regular_sir_full neural_ode_h2 5 ok
regular_sir_full sir 6 ok
regular_sir_full seir 6 ok
regular_sir_full tv_sir 6 ok
regular_sir_full ude_sir_h2 6 ok
regular_sir_full neural_ode_h2 6 ok
regular_sir_full sir 7 ok
regular_sir_full seir 7 ok
regular_sir_full tv_sir 7 ok
regular_sir_full ude_sir_h2 7 ok
regular_sir_full neural_ode_h2 7 ok
regular_sir_full sir 8 ok
regular_sir_full seir 8 ok
regular_sir_full tv_sir 8 ok
regular_sir_full ude_sir_h2 8 ok
regular_sir_full neural_ode_h2 8 ok
regular_sir_full sir 9 ok
regular_sir_full seir 9 ok
regular_sir_full tv_sir 9 ok
regular_sir_full ude_sir_h2 9 ok
regular_sir_full neural_ode_h2 9 ok
regular_sir_full sir 10 ok
regular_sir_full seir 10 ok
regular_sir_full tv_sir 10 ok
regular_sir_full ude_sir_h2 10 ok
regular_sir_full neural_ode_h2 10 ok
regular_sir_full sir 11 ok
regular_sir_full seir 11 ok
regular_sir_full tv_sir 11 ok
regular_sir_full ude_sir_h2 11 ok
regular_sir_full neural_ode_h2 11 ok
regular_sir_full sir 12 ok
regular_sir_full seir 12 ok
regular_sir_full tv_sir 12 ok
regular_sir_full ude_sir_h2 12 ok
regular_sir_full neural_ode_h2 12 ok
regular_sir_full sir 13 ok
regular_sir_full seir 13 ok
regular_sir_full tv_sir 13 ok
regular_sir_full ude_sir_h2 13 ok
regular_sir_full neural_ode_h2 13 ok
regular_sir_full sir 14 ok
regular_sir_full tv_sir 14 ok
regular_sir_full seir 14 ok
regular_sir_full ude_sir_h2 14 ok
regular_sir_full neural_ode_h2 14 ok
regular_sir_full sir 15 ok
regular_sir_full seir 15 ok
regular_sir_full tv_sir 15 ok
regular_sir_full ude_sir_h2 15 ok
regular_sir_full neural_ode_h2 15 ok
regular_sir_full sir 16 ok
regular_sir_full seir 16 ok
regular_sir_full tv_sir 16 ok
regular_sir_full ude_sir_h2 16 ok
regular_sir_full neural_ode_h2 16 ok
regular_sir_full sir 17 ok
regular_sir_full seir 17 ok
regular_sir_full tv_sir 17 ok
regular_sir_full ude_sir_h2 17 ok
regular_sir_full neural_ode_h2 17 ok
regular_sir_full sir 18 ok
regular_sir_full seir 18 ok
regular_sir_full tv_sir 18 ok
regular_sir_full ude_sir_h2 18 ok
regular_sir_full neural_ode_h2 18 ok
regular_sir_full sir 19 ok
regular_sir_full seir 19 ok
regular_sir_full tv_sir 19 ok
regular_sir_full ude_sir_h2 19 ok
regular_sir_full neural_ode_h2 19 ok
regular_sir_full sir 20 ok
regular_sir_full seir 20 ok
regular_sir_full tv_sir 20 ok
regular_sir_full ude_sir_h2 20 ok
regular_sir_full neural_ode_h2 20 ok
regular_sir_full sir 21 ok
regular_sir_full seir 21 ok
regular_sir_full tv_sir 21 ok
regular_sir_full ude_sir_h2 21 ok
regular_sir_full neural_ode_h2 21 ok
regular_sir_full sir 22 ok
regular_sir_full seir 22 ok
regular_sir_full tv_sir 22 ok
regular_sir_full ude_sir_h2 22 ok
regular_sir_full neural_ode_h2 22 ok
regular_sir_full sir 23 ok
regular_sir_full seir 23 ok
regular_sir_full tv_sir 23 ok
regular_sir_full ude_sir_h2 23 ok
regular_sir_full neural_ode_h2 23 ok
regular_sir_full sir 24 ok
regular_sir_full seir 24 ok
regular_sir_full tv_sir 24 ok
regular_sir_full ude_sir_h2 24 ok
regular_sir_full neural_ode_h2 24 ok
regular_sir_full sir 25 ok
regular_sir_full seir 25 ok
regular_sir_full ude_sir_h2 25 ok
regular_sir_full tv_sir 25 ok
regular_sir_full sir 26 ok
regular_sir_full neural_ode_h2 25 ok
regular_sir_full seir 26 ok
regular_sir_full tv_sir 26 ok
regular_sir_full ude_sir_h2 26 ok
regular_sir_full sir 27 ok
regular_sir_full neural_ode_h2 26 ok
regular_sir_full seir 27 ok
regular_sir_full tv_sir 27 ok
regular_sir_full ude_sir_h2 27 ok
regular_sir_full neural_ode_h2 27 ok
regular_sir_full sir 28 ok
regular_sir_full seir 28 ok
regular_sir_full tv_sir 28 ok
regular_sir_full ude_sir_h2 28 ok
regular_sir_full neural_ode_h2 28 ok
regular_sir_full seir 29 ok
regular_sir_full sir 29 ok
regular_sir_full tv_sir 29 ok
regular_sir_full ude_sir_h2 29 ok
regular_sir_full neural_ode_h2 29 ok
regular_sir_full sir 30 ok
regular_sir_full tv_sir 30 ok
regular_sir_full seir 30 ok
regular_sir_full ude_sir_h2 30 ok
regular_sir_full neural_ode_h2 30 ok
regular_sir_full sir 31 ok
regular_sir_full seir 31 ok
regular_sir_full tv_sir 31 ok
regular_sir_full ude_sir_h2 31 ok
regular_sir_full neural_ode_h2 31 ok
regular_sir_full sir 32 ok
regular_sir_full seir 32 ok
regular_sir_full tv_sir 32 ok
regular_sir_full ude_sir_h2 32 ok
regular_sir_full neural_ode_h2 32 ok
regular_sir_full sir 33 ok
regular_sir_full seir 33 ok
regular_sir_full tv_sir 33 ok
regular_sir_full neural_ode_h2 33 ok
regular_sir_full ude_sir_h2 33 ok
regular_sir_full sir 34 ok
regular_sir_full seir 34 ok
regular_sir_full tv_sir 34 ok
regular_sir_full ude_sir_h2 34 ok
regular_sir_full neural_ode_h2 34 ok
regular_sir_full sir 35 ok
regular_sir_full seir 35 ok
regular_sir_full tv_sir 35 ok
regular_sir_full ude_sir_h2 35 ok
regular_sir_full neural_ode_h2 35 ok
regular_sir_full sir 36 ok
regular_sir_full seir 36 ok
regular_sir_full tv_sir 36 ok
regular_sir_full ude_sir_h2 36 ok
regular_sir_full neural_ode_h2 36 ok
regular_sir_full sir 37 ok
regular_sir_full seir 37 ok
regular_sir_full tv_sir 37 ok
regular_sir_full ude_sir_h2 37 ok
regular_sir_full neural_ode_h2 37 ok
regular_sir_full sir 38 ok
regular_sir_full seir 38 ok
regular_sir_full tv_sir 38 ok
regular_sir_full ude_sir_h2 38 ok
regular_sir_full neural_ode_h2 38 ok
regular_sir_full sir 39 ok
regular_sir_full seir 39 ok
regular_sir_full tv_sir 39 ok
regular_sir_full ude_sir_h2 39 ok
regular_sir_full neural_ode_h2 39 ok
regular_sir_full sir 40 ok
regular_sir_full seir 40 ok
regular_sir_full tv_sir 40 ok
regular_sir_full ude_sir_h2 40 ok
regular_sir_full neural_ode_h2 40 ok
regular_sir_full sir 41 ok
regular_sir_full seir 41 ok
regular_sir_full tv_sir 41 ok
regular_sir_full ude_sir_h2 41 ok
regular_sir_full neural_ode_h2 41 ok
regular_sir_full sir 42 ok
regular_sir_full seir 42 ok
regular_sir_full tv_sir 42 ok
regular_sir_full ude_sir_h2 42 ok
regular_sir_full neural_ode_h2 42 ok
regular_sir_full sir 43 ok
regular_sir_full seir 43 ok
regular_sir_full tv_sir 43 ok
regular_sir_full ude_sir_h2 43 ok
regular_sir_full neural_ode_h2 43 ok
regular_sir_full sir 44 ok
regular_sir_full seir 44 ok
regular_sir_full tv_sir 44 ok
regular_sir_full neural_ode_h2 44 ok
regular_sir_full ude_sir_h2 44 ok
regular_sir_full sir 45 ok
regular_sir_full tv_sir 45 ok
regular_sir_full seir 45 ok
regular_sir_full ude_sir_h2 45 ok
regular_sir_full neural_ode_h2 45 ok
regular_sir_full sir 46 ok
regular_sir_full seir 46 ok
regular_sir_full tv_sir 46 ok
regular_sir_full ude_sir_h2 46 ok
regular_sir_full neural_ode_h2 46 ok
regular_sir_full sir 47 ok
regular_sir_full seir 47 ok
regular_sir_full tv_sir 47 ok
regular_sir_full ude_sir_h2 47 ok
regular_sir_full neural_ode_h2 47 ok
regular_sir_full sir 48 ok
regular_sir_full seir 48 ok
regular_sir_full tv_sir 48 ok
regular_sir_full ude_sir_h2 48 ok
regular_sir_full neural_ode_h2 48 ok
regular_sir_full sir 49 ok
regular_sir_full seir 49 ok
regular_sir_full tv_sir 49 ok
regular_sir_full ude_sir_h2 49 ok
regular_sir_full neural_ode_h2 49 ok
regular_sir_full sir 50 ok
regular_sir_full seir 50 ok
regular_sir_full tv_sir 50 ok
regular_sir_full ude_sir_h2 50 ok
regular_sir_full neural_ode_h2 50 ok
regular_sir_full sir 51 ok
regular_sir_full seir 51 ok
regular_sir_full tv_sir 51 ok
regular_sir_full ude_sir_h2 51 ok
regular_sir_full neural_ode_h2 51 ok
regular_sir_full sir 52 ok
regular_sir_full seir 52 ok
regular_sir_full tv_sir 52 ok
regular_sir_full ude_sir_h2 52 ok
regular_sir_full neural_ode_h2 52 ok
regular_sir_full sir 53 ok
regular_sir_full seir 53 ok
regular_sir_full tv_sir 53 ok
regular_sir_full ude_sir_h2 53 ok
regular_sir_full neural_ode_h2 53 ok
regular_sir_full sir 54 ok
regular_sir_full seir 54 ok
regular_sir_full tv_sir 54 ok
regular_sir_full ude_sir_h2 54 ok
regular_sir_full neural_ode_h2 54 ok
regular_sir_full sir 55 ok
regular_sir_full seir 55 ok
regular_sir_full tv_sir 55 ok
regular_sir_full ude_sir_h2 55 ok
regular_sir_full sir 56 ok
regular_sir_full neural_ode_h2 55 ok
regular_sir_full seir 56 ok
regular_sir_full tv_sir 56 ok
regular_sir_full ude_sir_h2 56 ok
regular_sir_full neural_ode_h2 56 ok
regular_sir_full sir 57 ok
regular_sir_full seir 57 ok
regular_sir_full tv_sir 57 ok
regular_sir_full ude_sir_h2 57 ok
regular_sir_full neural_ode_h2 57 ok
regular_sir_full sir 58 ok
regular_sir_full seir 58 ok
regular_sir_full tv_sir 58 ok
regular_sir_full ude_sir_h2 58 ok
regular_sir_full neural_ode_h2 58 ok
regular_sir_full sir 59 ok
regular_sir_full seir 59 ok
regular_sir_full tv_sir 59 ok
regular_sir_full ude_sir_h2 59 ok
regular_sir_full neural_ode_h2 59 ok
regular_sir_full sir 60 ok
regular_sir_full seir 60 ok
regular_sir_full tv_sir 60 ok
regular_sir_full ude_sir_h2 60 ok
regular_sir_full neural_ode_h2 60 ok
regular_sir_full sir 61 ok
regular_sir_full seir 61 ok
regular_sir_full tv_sir 61 ok
regular_sir_full ude_sir_h2 61 ok
regular_sir_full neural_ode_h2 61 ok
regular_sir_full sir 62 ok
regular_sir_full seir 62 ok
regular_sir_full tv_sir 62 ok
regular_sir_full ude_sir_h2 62 ok
regular_sir_full neural_ode_h2 62 ok
regular_sir_full sir 63 ok
regular_sir_full seir 63 ok
regular_sir_full tv_sir 63 ok
regular_sir_full ude_sir_h2 63 ok
regular_sir_full sir 64 ok
regular_sir_full neural_ode_h2 63 ok
regular_sir_full seir 64 ok
regular_sir_full tv_sir 64 ok
regular_sir_full ude_sir_h2 64 ok
regular_sir_full sir 65 ok
regular_sir_full neural_ode_h2 64 ok
regular_sir_full seir 65 ok
regular_sir_full tv_sir 65 ok
regular_sir_full ude_sir_h2 65 ok
regular_sir_full neural_ode_h2 65 ok
regular_sir_full sir 66 ok
regular_sir_full seir 66 ok
regular_sir_full tv_sir 66 ok
regular_sir_full ude_sir_h2 66 ok
regular_sir_full neural_ode_h2 66 ok
regular_sir_full sir 67 ok
regular_sir_full seir 67 ok
regular_sir_full tv_sir 67 ok
regular_sir_full ude_sir_h2 67 ok
regular_sir_full sir 68 ok
regular_sir_full neural_ode_h2 67 ok
regular_sir_full seir 68 ok
regular_sir_full tv_sir 68 ok
regular_sir_full ude_sir_h2 68 ok
regular_sir_full sir 69 ok
regular_sir_full neural_ode_h2 68 ok
regular_sir_full seir 69 ok
regular_sir_full tv_sir 69 ok
regular_sir_full ude_sir_h2 69 ok
regular_sir_full sir 70 ok
regular_sir_full neural_ode_h2 69 ok
regular_sir_full seir 70 ok
regular_sir_full ude_sir_h2 70 ok
regular_sir_full tv_sir 70 ok
regular_sir_full neural_ode_h2 70 ok
regular_sir_full sir 71 ok
regular_sir_full seir 71 ok
regular_sir_full tv_sir 71 ok
regular_sir_full ude_sir_h2 71 ok
regular_sir_full neural_ode_h2 71 ok
regular_sir_full sir 72 ok
regular_sir_full seir 72 ok
regular_sir_full tv_sir 72 ok
regular_sir_full ude_sir_h2 72 ok
regular_sir_full neural_ode_h2 72 ok
regular_sir_full sir 73 ok
regular_sir_full seir 73 ok
regular_sir_full tv_sir 73 ok
regular_sir_full ude_sir_h2 73 ok
regular_sir_full sir 74 ok
regular_sir_full neural_ode_h2 73 ok
regular_sir_full seir 74 ok
regular_sir_full tv_sir 74 ok
regular_sir_full ude_sir_h2 74 ok
regular_sir_full sir 75 ok
regular_sir_full neural_ode_h2 74 ok
regular_sir_full seir 75 ok
regular_sir_full tv_sir 75 ok
regular_sir_full ude_sir_h2 75 ok
regular_sir_full sir 76 ok
regular_sir_full neural_ode_h2 75 ok
regular_sir_full seir 76 ok
regular_sir_full tv_sir 76 ok
regular_sir_full ude_sir_h2 76 ok
regular_sir_full neural_ode_h2 76 ok
regular_sir_full sir 77 ok
regular_sir_full seir 77 ok
regular_sir_full tv_sir 77 ok
regular_sir_full ude_sir_h2 77 ok
regular_sir_full neural_ode_h2 77 ok
regular_sir_full sir 78 ok
regular_sir_full seir 78 ok
regular_sir_full tv_sir 78 ok
regular_sir_full ude_sir_h2 78 ok
regular_sir_full sir 79 ok
regular_sir_full neural_ode_h2 78 ok
regular_sir_full seir 79 ok
regular_sir_full tv_sir 79 ok
regular_sir_full ude_sir_h2 79 ok
early_seir_infected_only sir 0 ok
early_seir_infected_only seir 0 ok
early_seir_infected_only tv_sir 0 ok
regular_sir_full neural_ode_h2 79 ok
early_seir_infected_only ude_sir_h2 0 ok
early_seir_infected_only seir 1 ok
early_seir_infected_only sir 1 ok
early_seir_infected_only neural_ode_h2 0 ok
early_seir_infected_only tv_sir 1 ok
early_seir_infected_only ude_sir_h2 1 ok
early_seir_infected_only neural_ode_h2 1 ok
early_seir_infected_only sir 2 ok
early_seir_infected_only seir 2 ok
early_seir_infected_only tv_sir 2 ok
early_seir_infected_only ude_sir_h2 2 ok
early_seir_infected_only neural_ode_h2 2 ok
early_seir_infected_only sir 3 ok
early_seir_infected_only seir 3 ok
early_seir_infected_only tv_sir 3 ok
early_seir_infected_only ude_sir_h2 3 ok
early_seir_infected_only sir 4 ok
early_seir_infected_only seir 4 ok
early_seir_infected_only neural_ode_h2 3 ok
early_seir_infected_only tv_sir 4 ok
early_seir_infected_only ude_sir_h2 4 ok
early_seir_infected_only sir 5 ok
early_seir_infected_only neural_ode_h2 4 ok
early_seir_infected_only seir 5 ok
early_seir_infected_only tv_sir 5 ok
early_seir_infected_only ude_sir_h2 5 ok
early_seir_infected_only neural_ode_h2 5 ok
early_seir_infected_only sir 6 ok
early_seir_infected_only seir 6 ok
early_seir_infected_only tv_sir 6 ok
early_seir_infected_only ude_sir_h2 6 ok
early_seir_infected_only neural_ode_h2 6 ok
early_seir_infected_only seir 7 ok
early_seir_infected_only sir 7 ok
early_seir_infected_only tv_sir 7 ok
early_seir_infected_only ude_sir_h2 7 ok
early_seir_infected_only neural_ode_h2 7 ok
early_seir_infected_only seir 8 ok
early_seir_infected_only sir 8 ok
early_seir_infected_only tv_sir 8 ok
early_seir_infected_only ude_sir_h2 8 ok
early_seir_infected_only sir 9 ok
early_seir_infected_only neural_ode_h2 8 ok
early_seir_infected_only seir 9 ok
early_seir_infected_only tv_sir 9 ok
early_seir_infected_only ude_sir_h2 9 ok
early_seir_infected_only sir 10 ok
early_seir_infected_only neural_ode_h2 9 ok
early_seir_infected_only seir 10 ok
early_seir_infected_only tv_sir 10 ok
early_seir_infected_only ude_sir_h2 10 ok
early_seir_infected_only sir 11 ok
early_seir_infected_only neural_ode_h2 10 ok
early_seir_infected_only seir 11 ok
early_seir_infected_only tv_sir 11 ok
early_seir_infected_only ude_sir_h2 11 ok
early_seir_infected_only sir 12 ok
early_seir_infected_only neural_ode_h2 11 ok
early_seir_infected_only seir 12 ok
early_seir_infected_only tv_sir 12 ok
early_seir_infected_only ude_sir_h2 12 ok
early_seir_infected_only sir 13 ok
early_seir_infected_only neural_ode_h2 12 ok
early_seir_infected_only seir 13 ok
early_seir_infected_only tv_sir 13 ok
early_seir_infected_only ude_sir_h2 13 ok
early_seir_infected_only sir 14 ok
early_seir_infected_only neural_ode_h2 13 ok
early_seir_infected_only tv_sir 14 ok
early_seir_infected_only seir 14 ok
early_seir_infected_only ude_sir_h2 14 ok
early_seir_infected_only sir 15 ok
early_seir_infected_only neural_ode_h2 14 ok
early_seir_infected_only tv_sir 15 ok
early_seir_infected_only seir 15 ok
early_seir_infected_only ude_sir_h2 15 ok
early_seir_infected_only sir 16 ok
early_seir_infected_only neural_ode_h2 15 ok
early_seir_infected_only seir 16 ok
early_seir_infected_only tv_sir 16 ok
early_seir_infected_only ude_sir_h2 16 ok
early_seir_infected_only sir 17 ok
early_seir_infected_only neural_ode_h2 16 ok
early_seir_infected_only tv_sir 17 ok
early_seir_infected_only seir 17 ok
early_seir_infected_only ude_sir_h2 17 ok
early_seir_infected_only sir 18 ok
early_seir_infected_only neural_ode_h2 17 ok
early_seir_infected_only seir 18 ok
early_seir_infected_only tv_sir 18 ok
early_seir_infected_only ude_sir_h2 18 ok
early_seir_infected_only sir 19 ok
early_seir_infected_only neural_ode_h2 18 ok
early_seir_infected_only seir 19 ok
early_seir_infected_only tv_sir 19 ok
early_seir_infected_only ude_sir_h2 19 ok
early_seir_infected_only sir 20 ok
early_seir_infected_only neural_ode_h2 19 ok
early_seir_infected_only seir 20 ok
early_seir_infected_only tv_sir 20 ok
early_seir_infected_only ude_sir_h2 20 ok
early_seir_infected_only sir 21 ok
early_seir_infected_only neural_ode_h2 20 ok
early_seir_infected_only seir 21 ok
early_seir_infected_only tv_sir 21 ok
early_seir_infected_only ude_sir_h2 21 ok
early_seir_infected_only sir 22 ok
early_seir_infected_only neural_ode_h2 21 ok
early_seir_infected_only seir 22 ok
early_seir_infected_only tv_sir 22 ok
early_seir_infected_only ude_sir_h2 22 ok
early_seir_infected_only sir 23 ok
early_seir_infected_only neural_ode_h2 22 ok
early_seir_infected_only tv_sir 23 ok
early_seir_infected_only seir 23 ok
early_seir_infected_only ude_sir_h2 23 ok
early_seir_infected_only sir 24 ok
early_seir_infected_only neural_ode_h2 23 ok
early_seir_infected_only tv_sir 24 ok
early_seir_infected_only seir 24 ok
early_seir_infected_only ude_sir_h2 24 ok
early_seir_infected_only sir 25 ok
early_seir_infected_only neural_ode_h2 24 ok
early_seir_infected_only seir 25 ok
early_seir_infected_only tv_sir 25 ok
early_seir_infected_only ude_sir_h2 25 ok
early_seir_infected_only sir 26 ok
early_seir_infected_only neural_ode_h2 25 ok
early_seir_infected_only seir 26 ok
early_seir_infected_only tv_sir 26 ok
early_seir_infected_only ude_sir_h2 26 ok
early_seir_infected_only neural_ode_h2 26 ok
early_seir_infected_only sir 27 ok
early_seir_infected_only tv_sir 27 ok
early_seir_infected_only seir 27 ok
early_seir_infected_only ude_sir_h2 27 ok
early_seir_infected_only neural_ode_h2 27 ok
early_seir_infected_only sir 28 ok
early_seir_infected_only seir 28 ok
early_seir_infected_only tv_sir 28 ok
early_seir_infected_only ude_sir_h2 28 ok
early_seir_infected_only neural_ode_h2 28 ok
early_seir_infected_only sir 29 ok
early_seir_infected_only seir 29 ok
early_seir_infected_only tv_sir 29 ok
early_seir_infected_only ude_sir_h2 29 ok
early_seir_infected_only sir 30 ok
early_seir_infected_only neural_ode_h2 29 ok
early_seir_infected_only seir 30 ok
early_seir_infected_only tv_sir 30 ok
early_seir_infected_only ude_sir_h2 30 ok
early_seir_infected_only sir 31 ok
early_seir_infected_only neural_ode_h2 30 ok
early_seir_infected_only seir 31 ok
early_seir_infected_only tv_sir 31 ok
early_seir_infected_only ude_sir_h2 31 ok
early_seir_infected_only sir 32 ok
early_seir_infected_only neural_ode_h2 31 ok
early_seir_infected_only tv_sir 32 ok
early_seir_infected_only seir 32 ok
early_seir_infected_only ude_sir_h2 32 ok
early_seir_infected_only sir 33 ok
early_seir_infected_only neural_ode_h2 32 ok
early_seir_infected_only tv_sir 33 ok
early_seir_infected_only seir 33 ok
early_seir_infected_only ude_sir_h2 33 ok
early_seir_infected_only sir 34 ok
early_seir_infected_only neural_ode_h2 33 ok
early_seir_infected_only tv_sir 34 ok
early_seir_infected_only seir 34 ok
early_seir_infected_only ude_sir_h2 34 ok
early_seir_infected_only sir 35 ok
early_seir_infected_only neural_ode_h2 34 ok
early_seir_infected_only seir 35 ok
early_seir_infected_only tv_sir 35 ok
early_seir_infected_only ude_sir_h2 35 ok
early_seir_infected_only sir 36 ok
early_seir_infected_only neural_ode_h2 35 ok
early_seir_infected_only seir 36 ok
early_seir_infected_only tv_sir 36 ok
early_seir_infected_only ude_sir_h2 36 ok
early_seir_infected_only sir 37 ok
early_seir_infected_only neural_ode_h2 36 ok
early_seir_infected_only seir 37 ok
early_seir_infected_only tv_sir 37 ok
early_seir_infected_only ude_sir_h2 37 ok
early_seir_infected_only sir 38 ok
early_seir_infected_only neural_ode_h2 37 ok
early_seir_infected_only seir 38 ok
early_seir_infected_only tv_sir 38 ok
early_seir_infected_only ude_sir_h2 38 ok
early_seir_infected_only sir 39 ok
early_seir_infected_only neural_ode_h2 38 ok
early_seir_infected_only seir 39 ok
early_seir_infected_only tv_sir 39 ok
early_seir_infected_only ude_sir_h2 39 ok
early_seir_infected_only sir 40 ok
early_seir_infected_only neural_ode_h2 39 ok
early_seir_infected_only seir 40 ok
early_seir_infected_only tv_sir 40 ok
early_seir_infected_only ude_sir_h2 40 ok
early_seir_infected_only neural_ode_h2 40 ok
early_seir_infected_only sir 41 ok
early_seir_infected_only seir 41 ok
early_seir_infected_only tv_sir 41 ok
early_seir_infected_only ude_sir_h2 41 ok
early_seir_infected_only neural_ode_h2 41 ok
early_seir_infected_only sir 42 ok
early_seir_infected_only seir 42 ok
early_seir_infected_only tv_sir 42 ok
early_seir_infected_only ude_sir_h2 42 ok
early_seir_infected_only sir 43 ok
early_seir_infected_only neural_ode_h2 42 ok
early_seir_infected_only seir 43 ok
early_seir_infected_only tv_sir 43 ok
early_seir_infected_only ude_sir_h2 43 ok
early_seir_infected_only sir 44 ok
early_seir_infected_only neural_ode_h2 43 ok
early_seir_infected_only seir 44 ok
early_seir_infected_only tv_sir 44 ok
early_seir_infected_only ude_sir_h2 44 ok
early_seir_infected_only neural_ode_h2 44 ok
early_seir_infected_only sir 45 ok
early_seir_infected_only seir 45 ok
early_seir_infected_only tv_sir 45 ok
early_seir_infected_only ude_sir_h2 45 ok
early_seir_infected_only sir 46 ok
early_seir_infected_only neural_ode_h2 45 ok
early_seir_infected_only seir 46 ok
early_seir_infected_only tv_sir 46 ok
early_seir_infected_only ude_sir_h2 46 ok
early_seir_infected_only neural_ode_h2 46 ok
early_seir_infected_only sir 47 ok
early_seir_infected_only tv_sir 47 ok
early_seir_infected_only seir 47 ok
early_seir_infected_only ude_sir_h2 47 ok
early_seir_infected_only sir 48 ok
early_seir_infected_only neural_ode_h2 47 ok
early_seir_infected_only seir 48 ok
early_seir_infected_only tv_sir 48 ok
early_seir_infected_only ude_sir_h2 48 ok
early_seir_infected_only neural_ode_h2 48 ok
early_seir_infected_only sir 49 ok
early_seir_infected_only seir 49 ok
early_seir_infected_only tv_sir 49 ok
early_seir_infected_only ude_sir_h2 49 ok
early_seir_infected_only sir 50 ok
early_seir_infected_only neural_ode_h2 49 ok
early_seir_infected_only seir 50 ok
early_seir_infected_only tv_sir 50 ok
early_seir_infected_only ude_sir_h2 50 ok
early_seir_infected_only sir 51 ok
early_seir_infected_only neural_ode_h2 50 ok
early_seir_infected_only seir 51 ok
early_seir_infected_only tv_sir 51 ok
early_seir_infected_only ude_sir_h2 51 ok
early_seir_infected_only sir 52 ok
early_seir_infected_only neural_ode_h2 51 ok
early_seir_infected_only seir 52 ok
early_seir_infected_only tv_sir 52 ok
early_seir_infected_only ude_sir_h2 52 ok
early_seir_infected_only sir 53 ok
early_seir_infected_only neural_ode_h2 52 ok
early_seir_infected_only seir 53 ok
early_seir_infected_only tv_sir 53 ok
early_seir_infected_only ude_sir_h2 53 ok
early_seir_infected_only sir 54 ok
early_seir_infected_only neural_ode_h2 53 ok
early_seir_infected_only seir 54 ok
early_seir_infected_only tv_sir 54 ok
early_seir_infected_only ude_sir_h2 54 ok
early_seir_infected_only sir 55 ok
early_seir_infected_only neural_ode_h2 54 ok
early_seir_infected_only seir 55 ok
early_seir_infected_only tv_sir 55 ok
early_seir_infected_only ude_sir_h2 55 ok
early_seir_infected_only sir 56 ok
early_seir_infected_only neural_ode_h2 55 ok
early_seir_infected_only seir 56 ok
early_seir_infected_only tv_sir 56 ok
early_seir_infected_only ude_sir_h2 56 ok
early_seir_infected_only sir 57 ok
early_seir_infected_only neural_ode_h2 56 ok
early_seir_infected_only seir 57 ok
early_seir_infected_only tv_sir 57 ok
early_seir_infected_only ude_sir_h2 57 ok
early_seir_infected_only sir 58 ok
early_seir_infected_only neural_ode_h2 57 ok
early_seir_infected_only seir 58 ok
early_seir_infected_only tv_sir 58 ok
early_seir_infected_only ude_sir_h2 58 ok
early_seir_infected_only sir 59 ok
early_seir_infected_only neural_ode_h2 58 ok
early_seir_infected_only seir 59 ok
early_seir_infected_only tv_sir 59 ok
early_seir_infected_only ude_sir_h2 59 ok
early_seir_infected_only neural_ode_h2 59 ok
early_seir_infected_only sir 60 ok
early_seir_infected_only seir 60 ok
early_seir_infected_only tv_sir 60 ok
early_seir_infected_only ude_sir_h2 60 ok
early_seir_infected_only sir 61 ok
early_seir_infected_only neural_ode_h2 60 ok
early_seir_infected_only seir 61 ok
early_seir_infected_only tv_sir 61 ok
early_seir_infected_only ude_sir_h2 61 ok
early_seir_infected_only sir 62 ok
early_seir_infected_only neural_ode_h2 61 ok
early_seir_infected_only seir 62 ok
early_seir_infected_only tv_sir 62 ok
early_seir_infected_only ude_sir_h2 62 ok
early_seir_infected_only neural_ode_h2 62 ok
early_seir_infected_only sir 63 ok
early_seir_infected_only tv_sir 63 ok
early_seir_infected_only seir 63 ok
early_seir_infected_only ude_sir_h2 63 ok
early_seir_infected_only sir 64 ok
early_seir_infected_only neural_ode_h2 63 ok
early_seir_infected_only seir 64 ok
early_seir_infected_only tv_sir 64 ok
early_seir_infected_only ude_sir_h2 64 ok
early_seir_infected_only sir 65 ok
early_seir_infected_only neural_ode_h2 64 ok
early_seir_infected_only tv_sir 65 ok
early_seir_infected_only seir 65 ok
early_seir_infected_only ude_sir_h2 65 ok
early_seir_infected_only sir 66 ok
early_seir_infected_only neural_ode_h2 65 ok
early_seir_infected_only seir 66 ok
early_seir_infected_only tv_sir 66 ok
early_seir_infected_only ude_sir_h2 66 ok
early_seir_infected_only sir 67 ok
early_seir_infected_only neural_ode_h2 66 ok
early_seir_infected_only tv_sir 67 ok
early_seir_infected_only seir 67 ok
early_seir_infected_only ude_sir_h2 67 ok
early_seir_infected_only sir 68 ok
early_seir_infected_only neural_ode_h2 67 ok
early_seir_infected_only seir 68 ok
early_seir_infected_only tv_sir 68 ok
early_seir_infected_only ude_sir_h2 68 ok
early_seir_infected_only neural_ode_h2 68 ok
early_seir_infected_only sir 69 ok
early_seir_infected_only tv_sir 69 ok
early_seir_infected_only seir 69 ok
early_seir_infected_only ude_sir_h2 69 ok
early_seir_infected_only sir 70 ok
early_seir_infected_only neural_ode_h2 69 ok
early_seir_infected_only seir 70 ok
early_seir_infected_only tv_sir 70 ok
early_seir_infected_only ude_sir_h2 70 ok
early_seir_infected_only sir 71 ok
early_seir_infected_only neural_ode_h2 70 ok
early_seir_infected_only seir 71 ok
early_seir_infected_only tv_sir 71 ok
early_seir_infected_only ude_sir_h2 71 ok
early_seir_infected_only sir 72 ok
early_seir_infected_only neural_ode_h2 71 ok
early_seir_infected_only seir 72 ok
early_seir_infected_only tv_sir 72 ok
early_seir_infected_only ude_sir_h2 72 ok
early_seir_infected_only sir 73 ok
early_seir_infected_only neural_ode_h2 72 ok
early_seir_infected_only seir 73 ok
early_seir_infected_only tv_sir 73 ok
early_seir_infected_only ude_sir_h2 73 ok
early_seir_infected_only sir 74 ok
early_seir_infected_only neural_ode_h2 73 ok
early_seir_infected_only seir 74 ok
early_seir_infected_only tv_sir 74 ok
early_seir_infected_only ude_sir_h2 74 ok
early_seir_infected_only sir 75 ok
early_seir_infected_only neural_ode_h2 74 ok
early_seir_infected_only seir 75 ok
early_seir_infected_only tv_sir 75 ok
early_seir_infected_only ude_sir_h2 75 ok
early_seir_infected_only sir 76 ok
early_seir_infected_only neural_ode_h2 75 ok
early_seir_infected_only tv_sir 76 ok
early_seir_infected_only seir 76 ok
early_seir_infected_only ude_sir_h2 76 ok
early_seir_infected_only sir 77 ok
early_seir_infected_only neural_ode_h2 76 ok
early_seir_infected_only seir 77 ok
early_seir_infected_only tv_sir 77 ok
early_seir_infected_only ude_sir_h2 77 ok
early_seir_infected_only sir 78 ok
early_seir_infected_only neural_ode_h2 77 ok
early_seir_infected_only seir 78 ok
early_seir_infected_only tv_sir 78 ok
early_seir_infected_only ude_sir_h2 78 ok
early_seir_infected_only sir 79 ok
early_seir_infected_only neural_ode_h2 78 ok
early_seir_infected_only tv_sir 79 ok
early_seir_infected_only seir 79 ok
early_seir_infected_only ude_sir_h2 79 ok
missing_time_varying_transmission sir 0 ok
early_seir_infected_only neural_ode_h2 79 ok
missing_time_varying_transmission seir 0 ok
missing_time_varying_transmission tv_sir 0 ok
missing_time_varying_transmission ude_sir_h2 0 ok
missing_time_varying_transmission sir 1 ok
missing_time_varying_transmission neural_ode_h2 0 ok
missing_time_varying_transmission seir 1 ok
missing_time_varying_transmission tv_sir 1 ok
missing_time_varying_transmission ude_sir_h2 1 ok
missing_time_varying_transmission sir 2 ok
missing_time_varying_transmission neural_ode_h2 1 ok
missing_time_varying_transmission seir 2 ok
missing_time_varying_transmission tv_sir 2 ok
missing_time_varying_transmission ude_sir_h2 2 ok
missing_time_varying_transmission sir 3 ok
missing_time_varying_transmission neural_ode_h2 2 ok
missing_time_varying_transmission seir 3 ok
missing_time_varying_transmission tv_sir 3 ok
missing_time_varying_transmission ude_sir_h2 3 ok
missing_time_varying_transmission sir 4 ok
missing_time_varying_transmission neural_ode_h2 3 ok
missing_time_varying_transmission tv_sir 4 ok
missing_time_varying_transmission seir 4 ok
missing_time_varying_transmission ude_sir_h2 4 ok
missing_time_varying_transmission sir 5 ok
missing_time_varying_transmission neural_ode_h2 4 ok
missing_time_varying_transmission seir 5 ok
missing_time_varying_transmission tv_sir 5 ok
missing_time_varying_transmission ude_sir_h2 5 ok
missing_time_varying_transmission sir 6 ok
missing_time_varying_transmission neural_ode_h2 5 ok
missing_time_varying_transmission tv_sir 6 ok
missing_time_varying_transmission seir 6 ok
missing_time_varying_transmission ude_sir_h2 6 ok
missing_time_varying_transmission sir 7 ok
missing_time_varying_transmission neural_ode_h2 6 ok
missing_time_varying_transmission seir 7 ok
missing_time_varying_transmission tv_sir 7 ok
missing_time_varying_transmission ude_sir_h2 7 ok
missing_time_varying_transmission sir 8 ok
missing_time_varying_transmission neural_ode_h2 7 ok
missing_time_varying_transmission seir 8 ok
missing_time_varying_transmission tv_sir 8 ok
missing_time_varying_transmission ude_sir_h2 8 ok
missing_time_varying_transmission sir 9 ok
missing_time_varying_transmission neural_ode_h2 8 ok
missing_time_varying_transmission seir 9 ok
missing_time_varying_transmission tv_sir 9 ok
missing_time_varying_transmission ude_sir_h2 9 ok
missing_time_varying_transmission sir 10 ok
missing_time_varying_transmission neural_ode_h2 9 ok
missing_time_varying_transmission seir 10 ok
missing_time_varying_transmission tv_sir 10 ok
missing_time_varying_transmission ude_sir_h2 10 ok
missing_time_varying_transmission sir 11 ok
missing_time_varying_transmission neural_ode_h2 10 ok
missing_time_varying_transmission seir 11 ok
missing_time_varying_transmission tv_sir 11 ok
missing_time_varying_transmission ude_sir_h2 11 ok
missing_time_varying_transmission sir 12 ok
missing_time_varying_transmission neural_ode_h2 11 ok
missing_time_varying_transmission seir 12 ok
missing_time_varying_transmission tv_sir 12 ok
missing_time_varying_transmission ude_sir_h2 12 ok
missing_time_varying_transmission sir 13 ok
missing_time_varying_transmission neural_ode_h2 12 ok
missing_time_varying_transmission seir 13 ok
missing_time_varying_transmission tv_sir 13 ok
missing_time_varying_transmission ude_sir_h2 13 ok
missing_time_varying_transmission sir 14 ok
missing_time_varying_transmission neural_ode_h2 13 ok
missing_time_varying_transmission seir 14 ok
missing_time_varying_transmission tv_sir 14 ok
missing_time_varying_transmission ude_sir_h2 14 ok
missing_time_varying_transmission sir 15 ok
missing_time_varying_transmission neural_ode_h2 14 ok
missing_time_varying_transmission seir 15 ok
missing_time_varying_transmission tv_sir 15 ok
missing_time_varying_transmission ude_sir_h2 15 ok
missing_time_varying_transmission sir 16 ok
missing_time_varying_transmission neural_ode_h2 15 ok
missing_time_varying_transmission tv_sir 16 ok
missing_time_varying_transmission seir 16 ok
missing_time_varying_transmission ude_sir_h2 16 ok
missing_time_varying_transmission sir 17 ok
missing_time_varying_transmission neural_ode_h2 16 ok
missing_time_varying_transmission seir 17 ok
missing_time_varying_transmission tv_sir 17 ok
missing_time_varying_transmission ude_sir_h2 17 ok
missing_time_varying_transmission sir 18 ok
missing_time_varying_transmission neural_ode_h2 17 ok
missing_time_varying_transmission seir 18 ok
missing_time_varying_transmission tv_sir 18 ok
missing_time_varying_transmission ude_sir_h2 18 ok
missing_time_varying_transmission sir 19 ok
missing_time_varying_transmission neural_ode_h2 18 ok
missing_time_varying_transmission seir 19 ok
missing_time_varying_transmission tv_sir 19 ok
missing_time_varying_transmission ude_sir_h2 19 ok
missing_time_varying_transmission sir 20 ok
missing_time_varying_transmission neural_ode_h2 19 ok
missing_time_varying_transmission seir 20 ok
missing_time_varying_transmission tv_sir 20 ok
missing_time_varying_transmission ude_sir_h2 20 ok
missing_time_varying_transmission neural_ode_h2 20 ok
missing_time_varying_transmission sir 21 ok
missing_time_varying_transmission tv_sir 21 ok
missing_time_varying_transmission seir 21 ok
missing_time_varying_transmission ude_sir_h2 21 ok
missing_time_varying_transmission sir 22 ok
missing_time_varying_transmission neural_ode_h2 21 ok
missing_time_varying_transmission seir 22 ok
missing_time_varying_transmission tv_sir 22 ok
missing_time_varying_transmission ude_sir_h2 22 ok
missing_time_varying_transmission sir 23 ok
missing_time_varying_transmission neural_ode_h2 22 ok
missing_time_varying_transmission seir 23 ok
missing_time_varying_transmission tv_sir 23 ok
missing_time_varying_transmission ude_sir_h2 23 ok
missing_time_varying_transmission sir 24 ok
missing_time_varying_transmission neural_ode_h2 23 ok
missing_time_varying_transmission seir 24 ok
missing_time_varying_transmission tv_sir 24 ok
missing_time_varying_transmission ude_sir_h2 24 ok
missing_time_varying_transmission neural_ode_h2 24 ok
missing_time_varying_transmission sir 25 ok
missing_time_varying_transmission tv_sir 25 ok
missing_time_varying_transmission seir 25 ok
missing_time_varying_transmission ude_sir_h2 25 ok
missing_time_varying_transmission neural_ode_h2 25 ok
missing_time_varying_transmission sir 26 ok
missing_time_varying_transmission seir 26 ok
missing_time_varying_transmission tv_sir 26 ok
missing_time_varying_transmission ude_sir_h2 26 ok
missing_time_varying_transmission sir 27 ok
missing_time_varying_transmission neural_ode_h2 26 ok
missing_time_varying_transmission seir 27 ok
missing_time_varying_transmission tv_sir 27 ok
missing_time_varying_transmission ude_sir_h2 27 ok
missing_time_varying_transmission sir 28 ok
missing_time_varying_transmission neural_ode_h2 27 ok
missing_time_varying_transmission seir 28 ok
missing_time_varying_transmission tv_sir 28 ok
missing_time_varying_transmission ude_sir_h2 28 ok
missing_time_varying_transmission neural_ode_h2 28 ok
missing_time_varying_transmission sir 29 ok
missing_time_varying_transmission tv_sir 29 ok
missing_time_varying_transmission seir 29 ok
missing_time_varying_transmission ude_sir_h2 29 ok
missing_time_varying_transmission sir 30 ok
missing_time_varying_transmission neural_ode_h2 29 ok
missing_time_varying_transmission seir 30 ok
missing_time_varying_transmission tv_sir 30 ok
missing_time_varying_transmission ude_sir_h2 30 ok
missing_time_varying_transmission sir 31 ok
missing_time_varying_transmission neural_ode_h2 30 ok
missing_time_varying_transmission seir 31 ok
missing_time_varying_transmission tv_sir 31 ok
missing_time_varying_transmission ude_sir_h2 31 ok
missing_time_varying_transmission sir 32 ok
missing_time_varying_transmission neural_ode_h2 31 ok
missing_time_varying_transmission seir 32 ok
missing_time_varying_transmission tv_sir 32 ok
missing_time_varying_transmission ude_sir_h2 32 ok
missing_time_varying_transmission sir 33 ok
missing_time_varying_transmission neural_ode_h2 32 ok
missing_time_varying_transmission seir 33 ok
missing_time_varying_transmission tv_sir 33 ok
missing_time_varying_transmission ude_sir_h2 33 ok
missing_time_varying_transmission sir 34 ok
missing_time_varying_transmission neural_ode_h2 33 ok
missing_time_varying_transmission seir 34 ok
missing_time_varying_transmission tv_sir 34 ok
missing_time_varying_transmission ude_sir_h2 34 ok
missing_time_varying_transmission sir 35 ok
missing_time_varying_transmission neural_ode_h2 34 ok
missing_time_varying_transmission seir 35 ok
missing_time_varying_transmission tv_sir 35 ok
missing_time_varying_transmission ude_sir_h2 35 ok
missing_time_varying_transmission sir 36 ok
missing_time_varying_transmission neural_ode_h2 35 ok
missing_time_varying_transmission seir 36 ok
missing_time_varying_transmission tv_sir 36 ok
missing_time_varying_transmission ude_sir_h2 36 ok
missing_time_varying_transmission sir 37 ok
missing_time_varying_transmission neural_ode_h2 36 ok
missing_time_varying_transmission seir 37 ok
missing_time_varying_transmission tv_sir 37 ok
missing_time_varying_transmission ude_sir_h2 37 ok
missing_time_varying_transmission sir 38 ok
missing_time_varying_transmission neural_ode_h2 37 ok
missing_time_varying_transmission seir 38 ok
missing_time_varying_transmission tv_sir 38 ok
missing_time_varying_transmission ude_sir_h2 38 ok
missing_time_varying_transmission sir 39 ok
missing_time_varying_transmission neural_ode_h2 38 ok
missing_time_varying_transmission tv_sir 39 ok
missing_time_varying_transmission seir 39 ok
missing_time_varying_transmission ude_sir_h2 39 ok
missing_time_varying_transmission sir 40 ok
missing_time_varying_transmission neural_ode_h2 39 ok
missing_time_varying_transmission seir 40 ok
missing_time_varying_transmission tv_sir 40 ok
missing_time_varying_transmission ude_sir_h2 40 ok
missing_time_varying_transmission sir 41 ok
missing_time_varying_transmission neural_ode_h2 40 ok
missing_time_varying_transmission seir 41 ok
missing_time_varying_transmission tv_sir 41 ok
missing_time_varying_transmission ude_sir_h2 41 ok
missing_time_varying_transmission sir 42 ok
missing_time_varying_transmission neural_ode_h2 41 ok
missing_time_varying_transmission seir 42 ok
missing_time_varying_transmission tv_sir 42 ok
missing_time_varying_transmission ude_sir_h2 42 ok
missing_time_varying_transmission sir 43 ok
missing_time_varying_transmission neural_ode_h2 42 ok
missing_time_varying_transmission seir 43 ok
missing_time_varying_transmission tv_sir 43 ok
missing_time_varying_transmission ude_sir_h2 43 ok
missing_time_varying_transmission sir 44 ok
missing_time_varying_transmission neural_ode_h2 43 ok
missing_time_varying_transmission seir 44 ok
missing_time_varying_transmission tv_sir 44 ok
missing_time_varying_transmission ude_sir_h2 44 ok
missing_time_varying_transmission sir 45 ok
missing_time_varying_transmission neural_ode_h2 44 ok
missing_time_varying_transmission seir 45 ok
missing_time_varying_transmission tv_sir 45 ok
missing_time_varying_transmission ude_sir_h2 45 ok
missing_time_varying_transmission sir 46 ok
missing_time_varying_transmission neural_ode_h2 45 ok
missing_time_varying_transmission tv_sir 46 ok
missing_time_varying_transmission seir 46 ok
missing_time_varying_transmission ude_sir_h2 46 ok
missing_time_varying_transmission sir 47 ok
missing_time_varying_transmission neural_ode_h2 46 ok
missing_time_varying_transmission seir 47 ok
missing_time_varying_transmission tv_sir 47 ok
missing_time_varying_transmission ude_sir_h2 47 ok
missing_time_varying_transmission sir 48 ok
missing_time_varying_transmission neural_ode_h2 47 ok
missing_time_varying_transmission seir 48 ok
missing_time_varying_transmission tv_sir 48 ok
missing_time_varying_transmission ude_sir_h2 48 ok
missing_time_varying_transmission sir 49 ok
missing_time_varying_transmission neural_ode_h2 48 ok
missing_time_varying_transmission seir 49 ok
missing_time_varying_transmission tv_sir 49 ok
missing_time_varying_transmission ude_sir_h2 49 ok
missing_time_varying_transmission neural_ode_h2 49 ok
missing_time_varying_transmission sir 50 ok
missing_time_varying_transmission tv_sir 50 ok
missing_time_varying_transmission seir 50 ok
missing_time_varying_transmission ude_sir_h2 50 ok
missing_time_varying_transmission sir 51 ok
missing_time_varying_transmission neural_ode_h2 50 ok
missing_time_varying_transmission seir 51 ok
missing_time_varying_transmission tv_sir 51 ok
missing_time_varying_transmission ude_sir_h2 51 ok
missing_time_varying_transmission sir 52 ok
missing_time_varying_transmission neural_ode_h2 51 ok
missing_time_varying_transmission seir 52 ok
missing_time_varying_transmission tv_sir 52 ok
missing_time_varying_transmission ude_sir_h2 52 ok
missing_time_varying_transmission sir 53 ok
missing_time_varying_transmission neural_ode_h2 52 ok
missing_time_varying_transmission seir 53 ok
missing_time_varying_transmission tv_sir 53 ok
missing_time_varying_transmission ude_sir_h2 53 ok
missing_time_varying_transmission sir 54 ok
missing_time_varying_transmission neural_ode_h2 53 ok
missing_time_varying_transmission seir 54 ok
missing_time_varying_transmission tv_sir 54 ok
missing_time_varying_transmission ude_sir_h2 54 ok
missing_time_varying_transmission sir 55 ok
missing_time_varying_transmission neural_ode_h2 54 ok
missing_time_varying_transmission seir 55 ok
missing_time_varying_transmission tv_sir 55 ok
missing_time_varying_transmission ude_sir_h2 55 ok
missing_time_varying_transmission neural_ode_h2 55 ok
missing_time_varying_transmission sir 56 ok
missing_time_varying_transmission seir 56 ok
missing_time_varying_transmission tv_sir 56 ok
missing_time_varying_transmission ude_sir_h2 56 ok
missing_time_varying_transmission sir 57 ok
missing_time_varying_transmission neural_ode_h2 56 ok
missing_time_varying_transmission seir 57 ok
missing_time_varying_transmission tv_sir 57 ok
missing_time_varying_transmission ude_sir_h2 57 ok
missing_time_varying_transmission sir 58 ok
missing_time_varying_transmission neural_ode_h2 57 ok
missing_time_varying_transmission tv_sir 58 ok
missing_time_varying_transmission seir 58 ok
missing_time_varying_transmission ude_sir_h2 58 ok
missing_time_varying_transmission neural_ode_h2 58 ok
missing_time_varying_transmission sir 59 ok
missing_time_varying_transmission seir 59 ok
missing_time_varying_transmission tv_sir 59 ok
missing_time_varying_transmission ude_sir_h2 59 ok
missing_time_varying_transmission sir 60 ok
missing_time_varying_transmission neural_ode_h2 59 ok
missing_time_varying_transmission seir 60 ok
missing_time_varying_transmission tv_sir 60 ok
missing_time_varying_transmission ude_sir_h2 60 ok
missing_time_varying_transmission sir 61 ok
missing_time_varying_transmission neural_ode_h2 60 ok
missing_time_varying_transmission seir 61 ok
missing_time_varying_transmission tv_sir 61 ok
missing_time_varying_transmission ude_sir_h2 61 ok
missing_time_varying_transmission sir 62 ok
missing_time_varying_transmission neural_ode_h2 61 ok
missing_time_varying_transmission seir 62 ok
missing_time_varying_transmission tv_sir 62 ok
missing_time_varying_transmission ude_sir_h2 62 ok
missing_time_varying_transmission sir 63 ok
missing_time_varying_transmission neural_ode_h2 62 ok
missing_time_varying_transmission seir 63 ok
missing_time_varying_transmission tv_sir 63 ok
missing_time_varying_transmission ude_sir_h2 63 ok
missing_time_varying_transmission sir 64 ok
missing_time_varying_transmission neural_ode_h2 63 ok
missing_time_varying_transmission seir 64 ok
missing_time_varying_transmission tv_sir 64 ok
missing_time_varying_transmission ude_sir_h2 64 ok
missing_time_varying_transmission neural_ode_h2 64 ok
missing_time_varying_transmission sir 65 ok
missing_time_varying_transmission seir 65 ok
missing_time_varying_transmission tv_sir 65 ok
missing_time_varying_transmission ude_sir_h2 65 ok
missing_time_varying_transmission sir 66 ok
missing_time_varying_transmission neural_ode_h2 65 ok
missing_time_varying_transmission seir 66 ok
missing_time_varying_transmission tv_sir 66 ok
missing_time_varying_transmission ude_sir_h2 66 ok
missing_time_varying_transmission sir 67 ok
missing_time_varying_transmission neural_ode_h2 66 ok
missing_time_varying_transmission seir 67 ok
missing_time_varying_transmission tv_sir 67 ok
missing_time_varying_transmission sir 68 ok
missing_time_varying_transmission ude_sir_h2 67 ok
missing_time_varying_transmission seir 68 ok
missing_time_varying_transmission neural_ode_h2 67 ok
missing_time_varying_transmission tv_sir 68 ok
missing_time_varying_transmission sir 69 ok
missing_time_varying_transmission ude_sir_h2 68 ok
missing_time_varying_transmission neural_ode_h2 68 ok
missing_time_varying_transmission seir 69 ok
missing_time_varying_transmission sir 70 ok
missing_time_varying_transmission seir 70 ok
missing_time_varying_transmission tv_sir 69 ok
missing_time_varying_transmission neural_ode_h2 69 ok
missing_time_varying_transmission ude_sir_h2 69 ok
missing_time_varying_transmission tv_sir 70 ok
missing_time_varying_transmission ude_sir_h2 70 ok
missing_time_varying_transmission neural_ode_h2 70 ok
missing_time_varying_transmission sir 71 ok
missing_time_varying_transmission tv_sir 71 ok
missing_time_varying_transmission ude_sir_h2 71 ok
missing_time_varying_transmission seir 71 ok
missing_time_varying_transmission neural_ode_h2 71 ok
missing_time_varying_transmission seir 72 ok
missing_time_varying_transmission sir 72 ok
missing_time_varying_transmission tv_sir 72 ok
missing_time_varying_transmission tv_sir 73 ok
missing_time_varying_transmission seir 73 ok
missing_time_varying_transmission ude_sir_h2 73 ok
missing_time_varying_transmission neural_ode_h2 72 ok
missing_time_varying_transmission ude_sir_h2 72 ok
missing_time_varying_transmission sir 73 ok
missing_time_varying_transmission neural_ode_h2 73 ok
missing_time_varying_transmission sir 74 ok
missing_time_varying_transmission seir 74 ok
missing_time_varying_transmission ude_sir_h2 74 ok
missing_time_varying_transmission sir 75 ok
missing_time_varying_transmission tv_sir 74 ok
missing_time_varying_transmission neural_ode_h2 74 ok
missing_time_varying_transmission seir 75 ok
missing_time_varying_transmission sir 76 ok
missing_time_varying_transmission tv_sir 75 ok
missing_time_varying_transmission neural_ode_h2 75 ok
missing_time_varying_transmission ude_sir_h2 75 ok
missing_time_varying_transmission seir 76 ok
missing_time_varying_transmission tv_sir 76 ok
missing_time_varying_transmission ude_sir_h2 76 ok
missing_time_varying_transmission neural_ode_h2 76 ok
missing_time_varying_transmission tv_sir 77 ok
missing_time_varying_transmission sir 77 ok
missing_time_varying_transmission seir 77 ok
missing_time_varying_transmission ude_sir_h2 77 ok
missing_time_varying_transmission neural_ode_h2 77 ok
missing_time_varying_transmission sir 78 ok
missing_time_varying_transmission seir 78 ok
missing_time_varying_transmission ude_sir_h2 78 ok
missing_time_varying_transmission tv_sir 78 ok
missing_time_varying_transmission neural_ode_h2 78 ok
missing_time_varying_transmission tv_sir 79 ok
missing_time_varying_transmission sir 79 ok
missing_time_varying_transmission seir 79 ok
missing_neural_feedback sir 0 ok
missing_neural_feedback tv_sir 0 ok
missing_time_varying_transmission ude_sir_h2 79 ok
missing_time_varying_transmission neural_ode_h2 79 ok
missing_neural_feedback seir 0 ok
missing_neural_feedback neural_ode_h2 0 ok
missing_neural_feedback ude_sir_h2 0 ok
missing_neural_feedback seir 1 ok
missing_neural_feedback tv_sir 1 ok
missing_neural_feedback sir 1 ok
missing_neural_feedback ude_sir_h2 1 ok
missing_neural_feedback sir 2 ok
missing_neural_feedback neural_ode_h2 1 ok
missing_neural_feedback ude_sir_h2 2 ok
missing_neural_feedback tv_sir 2 ok
missing_neural_feedback seir 2 ok
missing_neural_feedback neural_ode_h2 2 ok
missing_neural_feedback sir 3 ok
missing_neural_feedback seir 3 ok
missing_neural_feedback ude_sir_h2 3 ok
missing_neural_feedback neural_ode_h2 3 ok
missing_neural_feedback tv_sir 4 ok
missing_neural_feedback tv_sir 3 ok
missing_neural_feedback seir 4 ok
missing_neural_feedback sir 4 ok
missing_neural_feedback seir 5 ok
missing_neural_feedback tv_sir 5 ok
missing_neural_feedback neural_ode_h2 4 ok
missing_neural_feedback ude_sir_h2 4 ok
missing_neural_feedback sir 5 ok
missing_neural_feedback ude_sir_h2 5 ok
missing_neural_feedback neural_ode_h2 5 ok
missing_neural_feedback sir 6 ok
missing_neural_feedback tv_sir 6 ok
missing_neural_feedback seir 6 ok
missing_neural_feedback ude_sir_h2 6 ok
missing_neural_feedback neural_ode_h2 6 ok
missing_neural_feedback sir 7 ok
missing_neural_feedback seir 7 ok
missing_neural_feedback tv_sir 7 ok
missing_neural_feedback sir 8 ok
missing_neural_feedback neural_ode_h2 7 ok
missing_neural_feedback ude_sir_h2 7 ok
missing_neural_feedback ude_sir_h2 8 ok
missing_neural_feedback seir 8 ok
missing_neural_feedback neural_ode_h2 8 ok
missing_neural_feedback tv_sir 8 ok
missing_neural_feedback sir 9 ok
missing_neural_feedback seir 9 ok
missing_neural_feedback ude_sir_h2 9 ok
missing_neural_feedback neural_ode_h2 9 ok
missing_neural_feedback tv_sir 9 ok
missing_neural_feedback seir 10 ok
missing_neural_feedback sir 10 ok
missing_neural_feedback ude_sir_h2 10 ok
missing_neural_feedback tv_sir 10 ok
missing_neural_feedback neural_ode_h2 10 ok
missing_neural_feedback tv_sir 11 ok
missing_neural_feedback seir 11 ok
missing_neural_feedback sir 11 ok
missing_neural_feedback neural_ode_h2 11 ok
missing_neural_feedback seir 12 ok
missing_neural_feedback ude_sir_h2 11 ok
missing_neural_feedback sir 12 ok
missing_neural_feedback tv_sir 12 ok
missing_neural_feedback ude_sir_h2 12 ok
missing_neural_feedback seir 13 ok
missing_neural_feedback sir 13 ok
missing_neural_feedback tv_sir 13 ok
missing_neural_feedback neural_ode_h2 12 ok
missing_neural_feedback ude_sir_h2 13 ok
missing_neural_feedback neural_ode_h2 13 ok
missing_neural_feedback sir 14 ok
missing_neural_feedback seir 14 ok
missing_neural_feedback tv_sir 14 ok
missing_neural_feedback ude_sir_h2 14 ok
missing_neural_feedback neural_ode_h2 14 ok
missing_neural_feedback sir 15 ok
missing_neural_feedback seir 15 ok
missing_neural_feedback tv_sir 15 ok
missing_neural_feedback sir 16 ok
missing_neural_feedback neural_ode_h2 15 ok
missing_neural_feedback ude_sir_h2 15 ok
missing_neural_feedback tv_sir 16 ok
missing_neural_feedback ude_sir_h2 16 ok
missing_neural_feedback sir 17 ok
missing_neural_feedback seir 16 ok
missing_neural_feedback neural_ode_h2 16 ok
missing_neural_feedback tv_sir 17 ok
missing_neural_feedback ude_sir_h2 17 ok
missing_neural_feedback sir 18 ok
missing_neural_feedback seir 18 ok
missing_neural_feedback neural_ode_h2 17 ok
missing_neural_feedback seir 17 ok
missing_neural_feedback tv_sir 18 ok
missing_neural_feedback ude_sir_h2 18 ok
missing_neural_feedback sir 19 ok
missing_neural_feedback neural_ode_h2 18 ok
missing_neural_feedback tv_sir 19 ok
missing_neural_feedback seir 19 ok
missing_neural_feedback ude_sir_h2 19 ok
missing_neural_feedback sir 20 ok
missing_neural_feedback neural_ode_h2 19 ok
missing_neural_feedback seir 20 ok
missing_neural_feedback tv_sir 20 ok
missing_neural_feedback sir 21 ok
missing_neural_feedback tv_sir 21 ok
missing_neural_feedback seir 21 ok
missing_neural_feedback neural_ode_h2 20 ok
missing_neural_feedback ude_sir_h2 20 ok
missing_neural_feedback neural_ode_h2 21 ok
missing_neural_feedback ude_sir_h2 21 ok
missing_neural_feedback sir 23 ok
missing_neural_feedback sir 22 ok
missing_neural_feedback seir 22 ok
missing_neural_feedback seir 23 ok
missing_neural_feedback tv_sir 22 ok
missing_neural_feedback tv_sir 23 ok
missing_neural_feedback ude_sir_h2 22 ok
missing_neural_feedback neural_ode_h2 22 ok
missing_neural_feedback seir 24 ok
missing_neural_feedback tv_sir 24 ok
missing_neural_feedback sir 24 ok
missing_neural_feedback neural_ode_h2 24 ok
missing_neural_feedback ude_sir_h2 23 ok
missing_neural_feedback neural_ode_h2 23 ok
missing_neural_feedback sir 25 ok
missing_neural_feedback ude_sir_h2 24 ok
missing_neural_feedback seir 25 ok
missing_neural_feedback tv_sir 25 ok
missing_neural_feedback ude_sir_h2 25 ok
missing_neural_feedback sir 26 ok
missing_neural_feedback neural_ode_h2 25 ok
missing_neural_feedback tv_sir 26 ok
missing_neural_feedback seir 26 ok
missing_neural_feedback ude_sir_h2 26 ok
missing_neural_feedback neural_ode_h2 26 ok
missing_neural_feedback seir 27 ok
missing_neural_feedback ude_sir_h2 27 ok
missing_neural_feedback sir 27 ok
missing_neural_feedback neural_ode_h2 27 ok
missing_neural_feedback seir 28 ok
missing_neural_feedback sir 28 ok
missing_neural_feedback tv_sir 27 ok
missing_neural_feedback seir 29 ok
missing_neural_feedback tv_sir 29 ok
missing_neural_feedback ude_sir_h2 29 ok
missing_neural_feedback tv_sir 28 ok
missing_neural_feedback ude_sir_h2 28 ok
missing_neural_feedback neural_ode_h2 28 ok
missing_neural_feedback neural_ode_h2 29 ok
missing_neural_feedback sir 29 ok
missing_neural_feedback sir 31 ok
missing_neural_feedback seir 30 ok
missing_neural_feedback ude_sir_h2 30 ok
missing_neural_feedback sir 30 ok
missing_neural_feedback tv_sir 30 ok
missing_neural_feedback neural_ode_h2 30 ok
missing_neural_feedback seir 31 ok
missing_neural_feedback tv_sir 31 ok
missing_neural_feedback sir 32 ok
missing_neural_feedback ude_sir_h2 31 ok
missing_neural_feedback tv_sir 32 ok
missing_neural_feedback neural_ode_h2 31 ok
missing_neural_feedback seir 32 ok
missing_neural_feedback sir 33 ok
missing_neural_feedback ude_sir_h2 32 ok
missing_neural_feedback neural_ode_h2 32 ok
missing_neural_feedback sir 34 ok
missing_neural_feedback ude_sir_h2 33 ok
missing_neural_feedback seir 33 ok
missing_neural_feedback tv_sir 33 ok
missing_neural_feedback ude_sir_h2 34 ok
missing_neural_feedback tv_sir 34 ok
missing_neural_feedback neural_ode_h2 33 ok
missing_neural_feedback seir 34 ok
missing_neural_feedback seir 35 ok
missing_neural_feedback sir 35 ok
missing_neural_feedback tv_sir 35 ok
missing_neural_feedback ude_sir_h2 35 ok
missing_neural_feedback neural_ode_h2 34 ok
missing_neural_feedback sir 36 ok
missing_neural_feedback neural_ode_h2 35 ok
missing_neural_feedback seir 36 ok
missing_neural_feedback ude_sir_h2 36 ok
missing_neural_feedback tv_sir 36 ok
missing_neural_feedback sir 37 ok
missing_neural_feedback neural_ode_h2 36 ok
missing_neural_feedback seir 37 ok
missing_neural_feedback neural_ode_h2 37 ok
missing_neural_feedback tv_sir 37 ok
missing_neural_feedback ude_sir_h2 37 ok
missing_neural_feedback sir 38 ok
missing_neural_feedback seir 38 ok
missing_neural_feedback sir 39 ok
missing_neural_feedback tv_sir 38 ok
missing_neural_feedback seir 39 ok
missing_neural_feedback tv_sir 39 ok
missing_neural_feedback sir 40 ok
missing_neural_feedback seir 40 ok
missing_neural_feedback tv_sir 40 ok
missing_neural_feedback sir 41 ok
missing_neural_feedback neural_ode_h2 39 ok
missing_neural_feedback neural_ode_h2 38 ok
missing_neural_feedback ude_sir_h2 39 ok
missing_neural_feedback seir 41 ok
missing_neural_feedback ude_sir_h2 38 ok
missing_neural_feedback ude_sir_h2 40 ok
missing_neural_feedback neural_ode_h2 40 ok
missing_neural_feedback tv_sir 41 ok
missing_neural_feedback sir 42 ok
missing_neural_feedback seir 42 ok
missing_neural_feedback tv_sir 42 ok
missing_neural_feedback sir 43 ok
missing_neural_feedback neural_ode_h2 41 ok
missing_neural_feedback seir 43 ok
missing_neural_feedback ude_sir_h2 41 ok
missing_neural_feedback tv_sir 43 ok
missing_neural_feedback sir 44 ok
missing_neural_feedback neural_ode_h2 42 ok
missing_neural_feedback ude_sir_h2 42 ok
missing_neural_feedback seir 44 ok
missing_neural_feedback sir 45 ok
missing_neural_feedback tv_sir 44 ok
missing_neural_feedback neural_ode_h2 43 ok
missing_neural_feedback seir 45 ok
missing_neural_feedback ude_sir_h2 43 ok
missing_neural_feedback tv_sir 45 ok
missing_neural_feedback sir 46 ok
missing_neural_feedback neural_ode_h2 44 ok
missing_neural_feedback seir 46 ok
missing_neural_feedback ude_sir_h2 44 ok
missing_neural_feedback sir 47 ok
missing_neural_feedback tv_sir 46 ok
missing_neural_feedback neural_ode_h2 45 ok
missing_neural_feedback seir 47 ok
missing_neural_feedback ude_sir_h2 45 ok
missing_neural_feedback sir 48 ok
missing_neural_feedback neural_ode_h2 46 ok
missing_neural_feedback tv_sir 47 ok
missing_neural_feedback seir 48 ok
missing_neural_feedback ude_sir_h2 46 ok
missing_neural_feedback tv_sir 48 ok
missing_neural_feedback sir 49 ok
missing_neural_feedback neural_ode_h2 47 ok
missing_neural_feedback ude_sir_h2 47 ok
missing_neural_feedback seir 49 ok
missing_neural_feedback sir 50 ok
missing_neural_feedback tv_sir 49 ok
missing_neural_feedback neural_ode_h2 48 ok
missing_neural_feedback ude_sir_h2 48 ok
missing_neural_feedback seir 50 ok
missing_neural_feedback tv_sir 50 ok
missing_neural_feedback sir 51 ok
missing_neural_feedback neural_ode_h2 49 ok
missing_neural_feedback seir 51 ok
missing_neural_feedback ude_sir_h2 49 ok
missing_neural_feedback sir 52 ok
missing_neural_feedback tv_sir 51 ok
missing_neural_feedback neural_ode_h2 50 ok
missing_neural_feedback ude_sir_h2 50 ok
missing_neural_feedback seir 52 ok
missing_neural_feedback sir 53 ok
missing_neural_feedback neural_ode_h2 51 ok
missing_neural_feedback tv_sir 52 ok
missing_neural_feedback seir 53 ok
missing_neural_feedback ude_sir_h2 51 ok
missing_neural_feedback sir 54 ok
missing_neural_feedback tv_sir 53 ok
missing_neural_feedback neural_ode_h2 52 ok
missing_neural_feedback ude_sir_h2 52 ok
missing_neural_feedback seir 54 ok
missing_neural_feedback tv_sir 54 ok
missing_neural_feedback sir 55 ok
missing_neural_feedback neural_ode_h2 53 ok
missing_neural_feedback ude_sir_h2 53 ok
missing_neural_feedback seir 55 ok
missing_neural_feedback tv_sir 55 ok
missing_neural_feedback sir 56 ok
missing_neural_feedback neural_ode_h2 54 ok
missing_neural_feedback seir 56 ok
missing_neural_feedback ude_sir_h2 54 ok
missing_neural_feedback tv_sir 56 ok
missing_neural_feedback sir 57 ok
missing_neural_feedback neural_ode_h2 55 ok
missing_neural_feedback ude_sir_h2 55 ok
missing_neural_feedback seir 57 ok
missing_neural_feedback sir 58 ok
missing_neural_feedback neural_ode_h2 56 ok
missing_neural_feedback tv_sir 57 ok
missing_neural_feedback ude_sir_h2 56 ok
missing_neural_feedback seir 58 ok
missing_neural_feedback sir 59 ok
missing_neural_feedback tv_sir 58 ok
missing_neural_feedback neural_ode_h2 57 ok
missing_neural_feedback seir 59 ok
missing_neural_feedback ude_sir_h2 57 ok
missing_neural_feedback sir 60 ok
missing_neural_feedback tv_sir 59 ok
missing_neural_feedback neural_ode_h2 58 ok
missing_neural_feedback ude_sir_h2 58 ok
missing_neural_feedback seir 60 ok
missing_neural_feedback sir 61 ok
missing_neural_feedback tv_sir 60 ok
missing_neural_feedback neural_ode_h2 59 ok
missing_neural_feedback seir 61 ok
missing_neural_feedback ude_sir_h2 59 ok
missing_neural_feedback tv_sir 61 ok
missing_neural_feedback sir 62 ok
missing_neural_feedback neural_ode_h2 60 ok
missing_neural_feedback seir 62 ok
missing_neural_feedback ude_sir_h2 60 ok
missing_neural_feedback tv_sir 62 ok
missing_neural_feedback sir 63 ok
missing_neural_feedback neural_ode_h2 61 ok
missing_neural_feedback seir 63 ok
missing_neural_feedback ude_sir_h2 61 ok
missing_neural_feedback tv_sir 63 ok
missing_neural_feedback sir 64 ok
missing_neural_feedback neural_ode_h2 62 ok
missing_neural_feedback ude_sir_h2 62 ok
missing_neural_feedback seir 64 ok
missing_neural_feedback sir 65 ok
missing_neural_feedback tv_sir 64 ok
missing_neural_feedback neural_ode_h2 63 ok
missing_neural_feedback ude_sir_h2 63 ok
missing_neural_feedback seir 65 ok
missing_neural_feedback tv_sir 65 ok
missing_neural_feedback sir 66 ok
missing_neural_feedback neural_ode_h2 64 ok
missing_neural_feedback ude_sir_h2 64 ok
missing_neural_feedback seir 66 ok
missing_neural_feedback tv_sir 66 ok
missing_neural_feedback sir 67 ok
missing_neural_feedback neural_ode_h2 65 ok
missing_neural_feedback seir 67 ok
missing_neural_feedback ude_sir_h2 65 ok
missing_neural_feedback tv_sir 67 ok
missing_neural_feedback neural_ode_h2 66 ok
missing_neural_feedback sir 68 ok
missing_neural_feedback ude_sir_h2 66 ok
missing_neural_feedback seir 68 ok
missing_neural_feedback sir 69 ok
missing_neural_feedback tv_sir 68 ok
missing_neural_feedback neural_ode_h2 67 ok
missing_neural_feedback ude_sir_h2 67 ok
missing_neural_feedback seir 69 ok
missing_neural_feedback sir 70 ok
missing_neural_feedback tv_sir 69 ok
missing_neural_feedback neural_ode_h2 68 ok
missing_neural_feedback seir 70 ok
missing_neural_feedback ude_sir_h2 68 ok
missing_neural_feedback tv_sir 70 ok
missing_neural_feedback sir 71 ok
missing_neural_feedback neural_ode_h2 69 ok
missing_neural_feedback ude_sir_h2 69 ok
missing_neural_feedback seir 71 ok
missing_neural_feedback sir 72 ok
missing_neural_feedback tv_sir 71 ok
missing_neural_feedback neural_ode_h2 70 ok
missing_neural_feedback seir 72 ok
missing_neural_feedback ude_sir_h2 70 ok
missing_neural_feedback tv_sir 72 ok
missing_neural_feedback sir 73 ok
missing_neural_feedback seir 73 ok
missing_neural_feedback ude_sir_h2 71 ok
missing_neural_feedback neural_ode_h2 71 ok
missing_neural_feedback tv_sir 73 ok
missing_neural_feedback neural_ode_h2 72 ok
missing_neural_feedback sir 74 ok
missing_neural_feedback seir 74 ok
missing_neural_feedback ude_sir_h2 72 ok
missing_neural_feedback tv_sir 74 ok
missing_neural_feedback sir 75 ok
missing_neural_feedback neural_ode_h2 73 ok
missing_neural_feedback seir 75 ok
missing_neural_feedback ude_sir_h2 73 ok
missing_neural_feedback tv_sir 75 ok
missing_neural_feedback sir 76 ok
missing_neural_feedback seir 76 ok
missing_neural_feedback neural_ode_h2 74 ok
missing_neural_feedback ude_sir_h2 74 ok
missing_neural_feedback tv_sir 76 ok
missing_neural_feedback neural_ode_h2 75 ok
missing_neural_feedback sir 77 ok
missing_neural_feedback seir 77 ok
missing_neural_feedback ude_sir_h2 75 ok
missing_neural_feedback sir 78 ok
missing_neural_feedback tv_sir 77 ok
missing_neural_feedback neural_ode_h2 76 ok
missing_neural_feedback seir 78 ok
missing_neural_feedback ude_sir_h2 76 ok
missing_neural_feedback tv_sir 78 ok
missing_neural_feedback sir 79 ok
missing_neural_feedback neural_ode_h2 77 ok
missing_neural_feedback seir 79 ok
missing_neural_feedback ude_sir_h2 77 ok
noisy_sir_overfit_risk sir 0 ok
missing_neural_feedback tv_sir 79 ok
noisy_sir_overfit_risk seir 0 ok
missing_neural_feedback neural_ode_h2 78 ok
missing_neural_feedback ude_sir_h2 78 ok
noisy_sir_overfit_risk tv_sir 0 ok
noisy_sir_overfit_risk sir 1 ok
noisy_sir_overfit_risk seir 1 ok
missing_neural_feedback neural_ode_h2 79 ok
noisy_sir_overfit_risk neural_ode_h2 0 ok
missing_neural_feedback ude_sir_h2 79 ok
noisy_sir_overfit_risk tv_sir 1 ok
noisy_sir_overfit_risk ude_sir_h2 0 ok
noisy_sir_overfit_risk sir 2 ok
noisy_sir_overfit_risk seir 2 ok
noisy_sir_overfit_risk sir 3 ok
noisy_sir_overfit_risk neural_ode_h2 1 ok
noisy_sir_overfit_risk seir 3 ok
noisy_sir_overfit_risk ude_sir_h2 1 ok
noisy_sir_overfit_risk tv_sir 2 ok
noisy_sir_overfit_risk tv_sir 3 ok
noisy_sir_overfit_risk sir 4 ok
noisy_sir_overfit_risk neural_ode_h2 2 ok
noisy_sir_overfit_risk ude_sir_h2 2 ok
noisy_sir_overfit_risk seir 4 ok
noisy_sir_overfit_risk tv_sir 4 ok
noisy_sir_overfit_risk sir 5 ok
noisy_sir_overfit_risk neural_ode_h2 3 ok
noisy_sir_overfit_risk seir 5 ok
noisy_sir_overfit_risk ude_sir_h2 3 ok
noisy_sir_overfit_risk tv_sir 5 ok
noisy_sir_overfit_risk sir 6 ok
noisy_sir_overfit_risk neural_ode_h2 4 ok
noisy_sir_overfit_risk seir 6 ok
noisy_sir_overfit_risk ude_sir_h2 4 ok
noisy_sir_overfit_risk tv_sir 6 ok
noisy_sir_overfit_risk sir 7 ok
noisy_sir_overfit_risk ude_sir_h2 5 ok
noisy_sir_overfit_risk neural_ode_h2 5 ok
noisy_sir_overfit_risk seir 7 ok
noisy_sir_overfit_risk tv_sir 7 ok
noisy_sir_overfit_risk sir 8 ok
noisy_sir_overfit_risk ude_sir_h2 6 ok
noisy_sir_overfit_risk neural_ode_h2 6 ok
noisy_sir_overfit_risk seir 8 ok
noisy_sir_overfit_risk sir 9 ok
noisy_sir_overfit_risk tv_sir 8 ok
noisy_sir_overfit_risk seir 9 ok
noisy_sir_overfit_risk ude_sir_h2 7 ok
noisy_sir_overfit_risk neural_ode_h2 7 ok
noisy_sir_overfit_risk tv_sir 9 ok
noisy_sir_overfit_risk sir 10 ok
noisy_sir_overfit_risk neural_ode_h2 8 ok
noisy_sir_overfit_risk ude_sir_h2 8 ok
noisy_sir_overfit_risk seir 10 ok
noisy_sir_overfit_risk tv_sir 10 ok
noisy_sir_overfit_risk sir 11 ok
noisy_sir_overfit_risk neural_ode_h2 9 ok
noisy_sir_overfit_risk seir 11 ok
noisy_sir_overfit_risk ude_sir_h2 9 ok
noisy_sir_overfit_risk sir 12 ok
noisy_sir_overfit_risk tv_sir 11 ok
noisy_sir_overfit_risk neural_ode_h2 10 ok
noisy_sir_overfit_risk seir 12 ok
noisy_sir_overfit_risk ude_sir_h2 10 ok
noisy_sir_overfit_risk tv_sir 12 ok
noisy_sir_overfit_risk sir 13 ok
noisy_sir_overfit_risk ude_sir_h2 11 ok
noisy_sir_overfit_risk neural_ode_h2 11 ok
noisy_sir_overfit_risk seir 13 ok
noisy_sir_overfit_risk sir 14 ok
noisy_sir_overfit_risk neural_ode_h2 12 ok
noisy_sir_overfit_risk tv_sir 13 ok
noisy_sir_overfit_risk seir 14 ok
noisy_sir_overfit_risk ude_sir_h2 12 ok
noisy_sir_overfit_risk tv_sir 14 ok
noisy_sir_overfit_risk sir 15 ok
noisy_sir_overfit_risk neural_ode_h2 13 ok
noisy_sir_overfit_risk seir 15 ok
noisy_sir_overfit_risk ude_sir_h2 13 ok
noisy_sir_overfit_risk sir 16 ok
noisy_sir_overfit_risk tv_sir 15 ok
noisy_sir_overfit_risk neural_ode_h2 14 ok
noisy_sir_overfit_risk ude_sir_h2 14 ok
noisy_sir_overfit_risk seir 16 ok
noisy_sir_overfit_risk tv_sir 16 ok
noisy_sir_overfit_risk sir 17 ok
noisy_sir_overfit_risk neural_ode_h2 15 ok
noisy_sir_overfit_risk ude_sir_h2 15 ok
noisy_sir_overfit_risk seir 17 ok
noisy_sir_overfit_risk sir 18 ok
noisy_sir_overfit_risk tv_sir 17 ok
noisy_sir_overfit_risk seir 18 ok
noisy_sir_overfit_risk neural_ode_h2 16 ok
noisy_sir_overfit_risk tv_sir 18 ok
noisy_sir_overfit_risk ude_sir_h2 16 ok
noisy_sir_overfit_risk sir 19 ok
noisy_sir_overfit_risk neural_ode_h2 17 ok
noisy_sir_overfit_risk ude_sir_h2 17 ok
noisy_sir_overfit_risk seir 19 ok
noisy_sir_overfit_risk sir 20 ok
noisy_sir_overfit_risk neural_ode_h2 18 ok
noisy_sir_overfit_risk tv_sir 19 ok
noisy_sir_overfit_risk seir 20 ok
noisy_sir_overfit_risk ude_sir_h2 18 ok
noisy_sir_overfit_risk tv_sir 20 ok
noisy_sir_overfit_risk sir 21 ok
noisy_sir_overfit_risk neural_ode_h2 19 ok
noisy_sir_overfit_risk ude_sir_h2 19 ok
noisy_sir_overfit_risk seir 21 ok
noisy_sir_overfit_risk tv_sir 21 ok
noisy_sir_overfit_risk sir 22 ok
noisy_sir_overfit_risk neural_ode_h2 20 ok
noisy_sir_overfit_risk seir 22 ok
noisy_sir_overfit_risk ude_sir_h2 20 ok
noisy_sir_overfit_risk tv_sir 22 ok
noisy_sir_overfit_risk sir 23 ok
noisy_sir_overfit_risk neural_ode_h2 21 ok
noisy_sir_overfit_risk ude_sir_h2 21 ok
noisy_sir_overfit_risk seir 23 ok
noisy_sir_overfit_risk sir 24 ok
noisy_sir_overfit_risk tv_sir 23 ok
noisy_sir_overfit_risk neural_ode_h2 22 ok
noisy_sir_overfit_risk seir 24 ok
noisy_sir_overfit_risk ude_sir_h2 22 ok
noisy_sir_overfit_risk tv_sir 24 ok
noisy_sir_overfit_risk sir 25 ok
noisy_sir_overfit_risk neural_ode_h2 23 ok
noisy_sir_overfit_risk ude_sir_h2 23 ok
noisy_sir_overfit_risk seir 25 ok
noisy_sir_overfit_risk tv_sir 25 ok
noisy_sir_overfit_risk sir 26 ok
noisy_sir_overfit_risk ude_sir_h2 24 ok
noisy_sir_overfit_risk neural_ode_h2 24 ok
noisy_sir_overfit_risk seir 26 ok
noisy_sir_overfit_risk tv_sir 26 ok
noisy_sir_overfit_risk sir 27 ok
noisy_sir_overfit_risk neural_ode_h2 25 ok
noisy_sir_overfit_risk ude_sir_h2 25 ok
noisy_sir_overfit_risk seir 27 ok
noisy_sir_overfit_risk tv_sir 27 ok
noisy_sir_overfit_risk sir 28 ok
noisy_sir_overfit_risk seir 28 ok
noisy_sir_overfit_risk neural_ode_h2 26 ok
noisy_sir_overfit_risk ude_sir_h2 26 ok
noisy_sir_overfit_risk tv_sir 28 ok
noisy_sir_overfit_risk sir 29 ok
noisy_sir_overfit_risk neural_ode_h2 27 ok
noisy_sir_overfit_risk seir 29 ok
noisy_sir_overfit_risk ude_sir_h2 27 ok
noisy_sir_overfit_risk tv_sir 29 ok
noisy_sir_overfit_risk neural_ode_h2 28 ok
noisy_sir_overfit_risk sir 30 ok
noisy_sir_overfit_risk ude_sir_h2 28 ok
noisy_sir_overfit_risk seir 30 ok
noisy_sir_overfit_risk tv_sir 30 ok
noisy_sir_overfit_risk sir 31 ok
noisy_sir_overfit_risk ude_sir_h2 29 ok
noisy_sir_overfit_risk neural_ode_h2 29 ok
noisy_sir_overfit_risk seir 31 ok
noisy_sir_overfit_risk tv_sir 31 ok
noisy_sir_overfit_risk sir 32 ok
noisy_sir_overfit_risk neural_ode_h2 30 ok
noisy_sir_overfit_risk seir 32 ok
noisy_sir_overfit_risk ude_sir_h2 30 ok
noisy_sir_overfit_risk tv_sir 32 ok
noisy_sir_overfit_risk sir 33 ok
noisy_sir_overfit_risk neural_ode_h2 31 ok
noisy_sir_overfit_risk seir 33 ok
noisy_sir_overfit_risk ude_sir_h2 31 ok
noisy_sir_overfit_risk tv_sir 33 ok
noisy_sir_overfit_risk sir 34 ok
noisy_sir_overfit_risk neural_ode_h2 32 ok
noisy_sir_overfit_risk seir 34 ok
noisy_sir_overfit_risk ude_sir_h2 32 ok
noisy_sir_overfit_risk tv_sir 34 ok
noisy_sir_overfit_risk sir 35 ok
noisy_sir_overfit_risk neural_ode_h2 33 ok
noisy_sir_overfit_risk ude_sir_h2 33 ok
noisy_sir_overfit_risk seir 35 ok
noisy_sir_overfit_risk sir 36 ok
noisy_sir_overfit_risk tv_sir 35 ok
noisy_sir_overfit_risk neural_ode_h2 34 ok
noisy_sir_overfit_risk seir 36 ok
noisy_sir_overfit_risk ude_sir_h2 34 ok
noisy_sir_overfit_risk tv_sir 36 ok
noisy_sir_overfit_risk sir 37 ok
noisy_sir_overfit_risk neural_ode_h2 35 ok
noisy_sir_overfit_risk ude_sir_h2 35 ok
noisy_sir_overfit_risk seir 37 ok
noisy_sir_overfit_risk sir 38 ok
noisy_sir_overfit_risk tv_sir 37 ok
noisy_sir_overfit_risk neural_ode_h2 36 ok
noisy_sir_overfit_risk ude_sir_h2 36 ok
noisy_sir_overfit_risk seir 38 ok
noisy_sir_overfit_risk tv_sir 38 ok
noisy_sir_overfit_risk sir 39 ok
noisy_sir_overfit_risk neural_ode_h2 37 ok
noisy_sir_overfit_risk ude_sir_h2 37 ok
noisy_sir_overfit_risk seir 39 ok
noisy_sir_overfit_risk tv_sir 39 ok
noisy_sir_overfit_risk sir 40 ok
noisy_sir_overfit_risk neural_ode_h2 38 ok
noisy_sir_overfit_risk seir 40 ok
noisy_sir_overfit_risk ude_sir_h2 38 ok
noisy_sir_overfit_risk tv_sir 40 ok
noisy_sir_overfit_risk sir 41 ok
noisy_sir_overfit_risk neural_ode_h2 39 ok
noisy_sir_overfit_risk ude_sir_h2 39 ok
noisy_sir_overfit_risk seir 41 ok
noisy_sir_overfit_risk sir 42 ok
noisy_sir_overfit_risk tv_sir 41 ok
noisy_sir_overfit_risk neural_ode_h2 40 ok
noisy_sir_overfit_risk seir 42 ok
noisy_sir_overfit_risk ude_sir_h2 40 ok
noisy_sir_overfit_risk tv_sir 42 ok
noisy_sir_overfit_risk sir 43 ok
noisy_sir_overfit_risk neural_ode_h2 41 ok
noisy_sir_overfit_risk seir 43 ok
noisy_sir_overfit_risk ude_sir_h2 41 ok
noisy_sir_overfit_risk tv_sir 43 ok
noisy_sir_overfit_risk sir 44 ok
noisy_sir_overfit_risk neural_ode_h2 42 ok
noisy_sir_overfit_risk seir 44 ok
noisy_sir_overfit_risk ude_sir_h2 42 ok
noisy_sir_overfit_risk tv_sir 44 ok
noisy_sir_overfit_risk neural_ode_h2 43 ok
noisy_sir_overfit_risk sir 45 ok
noisy_sir_overfit_risk ude_sir_h2 43 ok
noisy_sir_overfit_risk seir 45 ok
noisy_sir_overfit_risk tv_sir 45 ok
noisy_sir_overfit_risk sir 46 ok
noisy_sir_overfit_risk neural_ode_h2 44 ok
noisy_sir_overfit_risk ude_sir_h2 44 ok
noisy_sir_overfit_risk seir 46 ok
noisy_sir_overfit_risk tv_sir 46 ok
noisy_sir_overfit_risk sir 47 ok
noisy_sir_overfit_risk neural_ode_h2 45 ok
noisy_sir_overfit_risk ude_sir_h2 45 ok
noisy_sir_overfit_risk seir 47 ok
noisy_sir_overfit_risk tv_sir 47 ok
noisy_sir_overfit_risk neural_ode_h2 46 ok
noisy_sir_overfit_risk sir 48 ok
noisy_sir_overfit_risk seir 48 ok
noisy_sir_overfit_risk ude_sir_h2 46 ok
noisy_sir_overfit_risk sir 49 ok
noisy_sir_overfit_risk tv_sir 48 ok
noisy_sir_overfit_risk neural_ode_h2 47 ok
noisy_sir_overfit_risk ude_sir_h2 47 ok
noisy_sir_overfit_risk seir 49 ok
noisy_sir_overfit_risk sir 50 ok
noisy_sir_overfit_risk tv_sir 49 ok
noisy_sir_overfit_risk neural_ode_h2 48 ok
noisy_sir_overfit_risk seir 50 ok
noisy_sir_overfit_risk ude_sir_h2 48 ok
noisy_sir_overfit_risk tv_sir 50 ok
noisy_sir_overfit_risk sir 51 ok
noisy_sir_overfit_risk neural_ode_h2 49 ok
noisy_sir_overfit_risk ude_sir_h2 49 ok
noisy_sir_overfit_risk seir 51 ok
noisy_sir_overfit_risk tv_sir 51 ok
noisy_sir_overfit_risk sir 52 ok
noisy_sir_overfit_risk neural_ode_h2 50 ok
noisy_sir_overfit_risk seir 52 ok
noisy_sir_overfit_risk ude_sir_h2 50 ok
noisy_sir_overfit_risk tv_sir 52 ok
noisy_sir_overfit_risk sir 53 ok
noisy_sir_overfit_risk neural_ode_h2 51 ok
noisy_sir_overfit_risk ude_sir_h2 51 ok
noisy_sir_overfit_risk seir 53 ok
noisy_sir_overfit_risk tv_sir 53 ok
noisy_sir_overfit_risk sir 54 ok
noisy_sir_overfit_risk neural_ode_h2 52 ok
noisy_sir_overfit_risk seir 54 ok
noisy_sir_overfit_risk ude_sir_h2 52 ok
noisy_sir_overfit_risk sir 55 ok
noisy_sir_overfit_risk tv_sir 54 ok
noisy_sir_overfit_risk neural_ode_h2 53 ok
noisy_sir_overfit_risk seir 55 ok
noisy_sir_overfit_risk ude_sir_h2 53 ok
noisy_sir_overfit_risk sir 56 ok
noisy_sir_overfit_risk tv_sir 55 ok
noisy_sir_overfit_risk neural_ode_h2 54 ok
noisy_sir_overfit_risk seir 56 ok
noisy_sir_overfit_risk ude_sir_h2 54 ok
noisy_sir_overfit_risk sir 57 ok
noisy_sir_overfit_risk neural_ode_h2 55 ok
noisy_sir_overfit_risk tv_sir 56 ok
noisy_sir_overfit_risk ude_sir_h2 55 ok
noisy_sir_overfit_risk seir 57 ok
noisy_sir_overfit_risk sir 58 ok
noisy_sir_overfit_risk neural_ode_h2 56 ok
noisy_sir_overfit_risk ude_sir_h2 56 ok
noisy_sir_overfit_risk tv_sir 57 ok
noisy_sir_overfit_risk seir 58 ok
noisy_sir_overfit_risk tv_sir 58 ok
noisy_sir_overfit_risk sir 59 ok
noisy_sir_overfit_risk neural_ode_h2 57 ok
noisy_sir_overfit_risk seir 59 ok
noisy_sir_overfit_risk ude_sir_h2 57 ok
noisy_sir_overfit_risk tv_sir 59 ok
noisy_sir_overfit_risk sir 60 ok
noisy_sir_overfit_risk neural_ode_h2 58 ok
noisy_sir_overfit_risk ude_sir_h2 58 ok
noisy_sir_overfit_risk seir 60 ok
noisy_sir_overfit_risk tv_sir 60 ok
noisy_sir_overfit_risk sir 61 ok
noisy_sir_overfit_risk neural_ode_h2 59 ok
noisy_sir_overfit_risk seir 61 ok
noisy_sir_overfit_risk tv_sir 61 ok
noisy_sir_overfit_risk ude_sir_h2 59 ok
noisy_sir_overfit_risk sir 62 ok
noisy_sir_overfit_risk neural_ode_h2 60 ok
noisy_sir_overfit_risk seir 62 ok
noisy_sir_overfit_risk ude_sir_h2 60 ok
noisy_sir_overfit_risk sir 63 ok
noisy_sir_overfit_risk tv_sir 62 ok
noisy_sir_overfit_risk neural_ode_h2 61 ok
noisy_sir_overfit_risk seir 63 ok
noisy_sir_overfit_risk tv_sir 63 ok
noisy_sir_overfit_risk ude_sir_h2 61 ok
noisy_sir_overfit_risk sir 64 ok
noisy_sir_overfit_risk neural_ode_h2 62 ok
noisy_sir_overfit_risk ude_sir_h2 62 ok
noisy_sir_overfit_risk seir 64 ok
noisy_sir_overfit_risk sir 65 ok
noisy_sir_overfit_risk tv_sir 64 ok
noisy_sir_overfit_risk seir 65 ok
noisy_sir_overfit_risk neural_ode_h2 63 ok
noisy_sir_overfit_risk ude_sir_h2 63 ok
noisy_sir_overfit_risk sir 66 ok
noisy_sir_overfit_risk tv_sir 65 ok
noisy_sir_overfit_risk neural_ode_h2 64 ok
noisy_sir_overfit_risk seir 66 ok
noisy_sir_overfit_risk ude_sir_h2 64 ok
noisy_sir_overfit_risk tv_sir 66 ok
noisy_sir_overfit_risk sir 67 ok
noisy_sir_overfit_risk neural_ode_h2 65 ok
noisy_sir_overfit_risk seir 67 ok
noisy_sir_overfit_risk ude_sir_h2 65 ok
noisy_sir_overfit_risk tv_sir 67 ok
noisy_sir_overfit_risk sir 68 ok
noisy_sir_overfit_risk neural_ode_h2 66 ok
noisy_sir_overfit_risk seir 68 ok
noisy_sir_overfit_risk ude_sir_h2 66 ok
noisy_sir_overfit_risk sir 69 ok
noisy_sir_overfit_risk ude_sir_h2 67 ok
noisy_sir_overfit_risk neural_ode_h2 67 ok
noisy_sir_overfit_risk tv_sir 68 ok
noisy_sir_overfit_risk seir 69 ok
noisy_sir_overfit_risk sir 70 ok
noisy_sir_overfit_risk tv_sir 69 ok
noisy_sir_overfit_risk neural_ode_h2 68 ok
noisy_sir_overfit_risk seir 70 ok
noisy_sir_overfit_risk ude_sir_h2 68 ok
noisy_sir_overfit_risk tv_sir 70 ok
noisy_sir_overfit_risk sir 71 ok
noisy_sir_overfit_risk neural_ode_h2 69 ok
noisy_sir_overfit_risk seir 71 ok
noisy_sir_overfit_risk ude_sir_h2 69 ok
noisy_sir_overfit_risk sir 72 ok
noisy_sir_overfit_risk tv_sir 71 ok
noisy_sir_overfit_risk neural_ode_h2 70 ok
noisy_sir_overfit_risk seir 72 ok
noisy_sir_overfit_risk ude_sir_h2 70 ok
noisy_sir_overfit_risk tv_sir 72 ok
noisy_sir_overfit_risk sir 73 ok
noisy_sir_overfit_risk neural_ode_h2 71 ok
noisy_sir_overfit_risk ude_sir_h2 71 ok
noisy_sir_overfit_risk seir 73 ok
noisy_sir_overfit_risk tv_sir 73 ok
noisy_sir_overfit_risk sir 74 ok
noisy_sir_overfit_risk neural_ode_h2 72 ok
noisy_sir_overfit_risk seir 74 ok
noisy_sir_overfit_risk tv_sir 74 ok
noisy_sir_overfit_risk ude_sir_h2 72 ok
noisy_sir_overfit_risk sir 75 ok
noisy_sir_overfit_risk neural_ode_h2 73 ok
noisy_sir_overfit_risk ude_sir_h2 73 ok
noisy_sir_overfit_risk seir 75 ok
noisy_sir_overfit_risk sir 76 ok
noisy_sir_overfit_risk neural_ode_h2 74 ok
noisy_sir_overfit_risk tv_sir 75 ok
noisy_sir_overfit_risk seir 76 ok
noisy_sir_overfit_risk ude_sir_h2 74 ok
noisy_sir_overfit_risk tv_sir 76 ok
noisy_sir_overfit_risk sir 77 ok
noisy_sir_overfit_risk neural_ode_h2 75 ok
noisy_sir_overfit_risk seir 77 ok
noisy_sir_overfit_risk ude_sir_h2 75 ok
noisy_sir_overfit_risk tv_sir 77 ok
noisy_sir_overfit_risk sir 78 ok
noisy_sir_overfit_risk neural_ode_h2 76 ok
noisy_sir_overfit_risk seir 78 ok
noisy_sir_overfit_risk tv_sir 78 ok
noisy_sir_overfit_risk ude_sir_h2 76 ok
noisy_sir_overfit_risk sir 79 ok
noisy_sir_overfit_risk neural_ode_h2 77 ok
noisy_sir_overfit_risk ude_sir_h2 77 ok
noisy_sir_overfit_risk seir 79 ok
noisy_sir_overfit_risk tv_sir 79 ok
noisy_sir_overfit_risk neural_ode_h2 78 ok
noisy_sir_overfit_risk ude_sir_h2 78 ok
noisy_sir_overfit_risk neural_ode_h2 79 ok
noisy_sir_overfit_risk ude_sir_h2 79 ok
