10 sir 0 ok
10 tv_sir 0 ok
10 ude_sir_h2 0 ok
10 neural_ode_h2 0 ok
10 sir 1 ok
10 tv_sir 1 ok
10 ude_sir_h2 1 ok
10 neural_ode_h2 1 ok
10 sir 2 ok
10 tv_sir 2 ok
10 ude_sir_h2 2 ok
10 neural_ode_h2 2 ok
10 sir 3 ok
10 tv_sir 3 ok
10 ude_sir_h2 3 ok
10 neural_ode_h2 3 ok
10 sir 4 ok
10 tv_sir 4 ok
10 ude_sir_h2 4 ok
10 neural_ode_h2 4 ok
10 sir 5 ok
10 tv_sir 5 ok
10 ude_sir_h2 5 ok
10 neural_ode_h2 5 ok
10 sir 6 ok
10 tv_sir 6 ok
10 ude_sir_h2 6 ok
10 neural_ode_h2 6 ok
10 sir 7 ok
10 ude_sir_h2 7 ok
10 tv_sir 7 ok
10 neural_ode_h2 7 ok
10 sir 8 ok
10 tv_sir 8 ok
10 ude_sir_h2 8 ok
10 neural_ode_h2 8 ok
10 tv_sir 9 ok
10 ude_sir_h2 9 ok
10 sir 9 ok
10 neural_ode_h2 9 ok
10 sir 10 ok
10 tv_sir 10 ok
10 ude_sir_h2 10 ok
10 neural_ode_h2 10 ok
10 tv_sir 11 ok
10 sir 11 ok
10 sir 12 ok
10 sir 13 ok
10 tv_sir 12 ok
10 tv_sir 13 ok
10 sir 14 ok
10 neural_ode_h2 12 ok
10 neural_ode_h2 13 ok
10 neural_ode_h2 11 ok
10 tv_sir 14 ok
10 ude_sir_h2 11 ok
10 ude_sir_h2 13 ok
10 ude_sir_h2 12 ok
10 sir 15 ok
10 sir 16 ok
10 tv_sir 15 ok
10 tv_sir 16 ok
10 neural_ode_h2 14 ok
10 sir 17 ok
10 ude_sir_h2 14 ok
10 neural_ode_h2 15 ok
10 ude_sir_h2 15 ok
10 tv_sir 17 ok
10 sir 18 ok
10 neural_ode_h2 16 ok
10 ude_sir_h2 16 ok
10 sir 19 ok
10 tv_sir 18 ok
10 neural_ode_h2 17 ok
10 tv_sir 19 ok
10 ude_sir_h2 17 ok
10 sir 0 ok
10 neural_ode_h2 18 ok
10 ude_sir_h2 18 ok
10 neural_ode_h2 19 ok
10 ude_sir_h2 19 ok
10 sir 1 ok
10 tv_sir 0 ok
10 sir 2 ok
10 tv_sir 1 ok
10 tv_sir 2 ok
10 sir 3 ok
10 neural_ode_h2 0 ok
10 ude_sir_h2 0 ok
10 neural_ode_h2 1 ok
10 ude_sir_h2 1 ok
10 sir 4 ok
10 tv_sir 3 ok
10 neural_ode_h2 2 ok
10 ude_sir_h2 2 ok
10 sir 5 ok
10 tv_sir 4 ok
10 neural_ode_h2 3 ok
10 ude_sir_h2 3 ok
10 sir 6 ok
10 tv_sir 5 ok
10 neural_ode_h2 4 ok
10 sir 7 ok
10 ude_sir_h2 4 ok
10 tv_sir 6 ok
10 neural_ode_h2 5 ok
10 ude_sir_h2 5 ok
10 sir 8 ok
10 tv_sir 7 ok
10 neural_ode_h2 6 ok
10 sir 9 ok
10 ude_sir_h2 6 ok
10 tv_sir 8 ok
10 neural_ode_h2 7 ok
10 sir 10 ok
10 ude_sir_h2 7 ok
10 tv_sir 9 ok
10 neural_ode_h2 8 ok
10 ude_sir_h2 8 ok
10 sir 11 ok
10 tv_sir 10 ok
10 neural_ode_h2 9 ok
10 sir 12 ok
10 ude_sir_h2 9 ok
10 tv_sir 11 ok
10 neural_ode_h2 10 ok
10 sir 13 ok
10 ude_sir_h2 10 ok
10 tv_sir 12 ok
10 neural_ode_h2 11 ok
10 sir 14 ok
10 ude_sir_h2 11 ok
10 tv_sir 13 ok
10 neural_ode_h2 12 ok
10 sir 15 ok
10 ude_sir_h2 12 ok
10 tv_sir 14 ok
10 neural_ode_h2 13 ok
10 sir 16 ok
10 ude_sir_h2 13 ok
10 tv_sir 15 ok
10 neural_ode_h2 14 ok
10 ude_sir_h2 14 ok
10 sir 17 ok
10 tv_sir 16 ok
10 neural_ode_h2 15 ok
10 sir 18 ok
10 ude_sir_h2 15 ok
10 tv_sir 17 ok
10 neural_ode_h2 16 ok
10 sir 19 ok
10 ude_sir_h2 16 ok
10 tv_sir 18 ok
10 neural_ode_h2 17 ok
10 ude_sir_h2 17 ok
10 tv_sir 19 ok
10 neural_ode_h2 18 ok
10 sir 0 ok
10 ude_sir_h2 18 ok
10 neural_ode_h2 19 ok
10 ude_sir_h2 19 ok
10 sir 1 ok
10 tv_sir 0 ok
10 tv_sir 1 ok
10 sir 2 ok
10 tv_sir 2 ok
10 sir 3 ok
10 neural_ode_h2 0 ok
10 ude_sir_h2 0 ok
10 neural_ode_h2 1 ok
10 ude_sir_h2 1 ok
10 sir 4 ok
10 tv_sir 3 ok
10 ude_sir_h2 2 ok
10 neural_ode_h2 2 ok
10 sir 5 ok
10 tv_sir 4 ok
10 neural_ode_h2 3 ok
10 ude_sir_h2 3 ok
10 tv_sir 5 ok
10 sir 6 ok
10 sir 7 ok
10 neural_ode_h2 4 ok
10 ude_sir_h2 4 ok
10 tv_sir 6 ok
10 neural_ode_h2 5 ok
10 ude_sir_h2 5 ok
10 sir 8 ok
10 tv_sir 7 ok
10 neural_ode_h2 6 ok
10 sir 9 ok
10 ude_sir_h2 6 ok
10 tv_sir 8 ok
10 neural_ode_h2 7 ok
10 sir 10 ok
10 ude_sir_h2 7 ok
10 tv_sir 9 ok
10 neural_ode_h2 8 ok
10 ude_sir_h2 8 ok
10 sir 11 ok
10 tv_sir 10 ok
10 neural_ode_h2 9 ok
10 sir 12 ok
10 ude_sir_h2 9 ok
10 tv_sir 11 ok
10 neural_ode_h2 10 ok
10 sir 13 ok
10 ude_sir_h2 10 ok
10 tv_sir 12 ok
10 neural_ode_h2 11 ok
10 sir 14 ok
10 ude_sir_h2 11 ok
10 tv_sir 13 ok
10 neural_ode_h2 12 ok
10 sir 15 ok
10 ude_sir_h2 12 ok
10 tv_sir 14 ok
10 neural_ode_h2 13 ok
10 sir 16 ok
10 ude_sir_h2 13 ok
10 tv_sir 15 ok
10 neural_ode_h2 14 ok
10 ude_sir_h2 14 ok
10 sir 17 ok
10 tv_sir 16 ok
10 neural_ode_h2 15 ok
10 sir 18 ok
10 ude_sir_h2 15 ok
10 tv_sir 17 ok
10 neural_ode_h2 16 ok
10 ude_sir_h2 16 ok
10 sir 19 ok
10 tv_sir 18 ok
10 sir 0 ok
10 neural_ode_h2 17 ok
10 tv_sir 0 ok
10 ude_sir_h2 17 ok
10 tv_sir 19 ok
10 sir 1 ok
10 neural_ode_h2 0 ok
10 ude_sir_h2 0 ok
10 tv_sir 1 ok
10 sir 2 ok
10 neural_ode_h2 1 ok
10 neural_ode_h2 18 ok
10 tv_sir 2 ok
10 ude_sir_h2 1 ok
10 sir 3 ok
10 ude_sir_h2 18 ok
10 tv_sir 3 ok
10 sir 4 ok
10 neural_ode_h2 2 ok
10 ude_sir_h2 2 ok
10 neural_ode_h2 3 ok
10 tv_sir 4 ok
10 ude_sir_h2 3 ok
10 sir 5 ok
10 neural_ode_h2 19 ok
10 sir 6 ok
10 neural_ode_h2 4 ok
10 tv_sir 5 ok
10 ude_sir_h2 4 ok
10 ude_sir_h2 19 ok
10 sir 7 ok
10 tv_sir 6 ok
10 neural_ode_h2 5 ok
10 sir 8 ok
10 tv_sir 7 ok
10 ude_sir_h2 5 ok
10 neural_ode_h2 6 ok
10 ude_sir_h2 6 ok
10 sir 9 ok
10 tv_sir 8 ok
10 neural_ode_h2 7 ok
10 tv_sir 9 ok
10 sir 10 ok
10 ude_sir_h2 7 ok
10 neural_ode_h2 8 ok
10 ude_sir_h2 8 ok
10 tv_sir 10 ok
10 sir 11 ok
10 neural_ode_h2 9 ok
10 tv_sir 11 ok
10 ude_sir_h2 9 ok
10 sir 12 ok
10 neural_ode_h2 10 ok
10 sir 13 ok
10 tv_sir 12 ok
10 ude_sir_h2 10 ok
10 neural_ode_h2 11 ok
10 ude_sir_h2 11 ok
10 sir 14 ok
10 tv_sir 13 ok
10 ude_sir_h2 12 ok
10 tv_sir 14 ok
10 neural_ode_h2 12 ok
10 sir 15 ok
10 neural_ode_h2 13 ok
10 ude_sir_h2 13 ok
10 sir 16 ok
10 tv_sir 15 ok
10 neural_ode_h2 14 ok
10 ude_sir_h2 14 ok
10 tv_sir 16 ok
10 sir 17 ok
10 neural_ode_h2 15 ok
10 sir 18 ok
10 ude_sir_h2 15 ok
10 tv_sir 17 ok
10 neural_ode_h2 16 ok
10 ude_sir_h2 16 ok
10 tv_sir 18 ok
10 sir 19 ok
10 neural_ode_h2 17 ok
10 ude_sir_h2 17 ok
10 tv_sir 19 ok
10 neural_ode_h2 18 ok
10 ude_sir_h2 18 ok
10 sir 0 ok
10 neural_ode_h2 19 ok
10 ude_sir_h2 19 ok
10 sir 1 ok
10 tv_sir 0 ok
10 sir 2 ok
10 tv_sir 1 ok
10 tv_sir 2 ok
10 sir 3 ok
10 neural_ode_h2 0 ok
10 ude_sir_h2 0 ok
10 ude_sir_h2 1 ok
10 neural_ode_h2 1 ok
10 sir 4 ok
10 tv_sir 3 ok
10 ude_sir_h2 2 ok
10 neural_ode_h2 2 ok
10 tv_sir 4 ok
10 sir 5 ok
10 ude_sir_h2 3 ok
10 sir 6 ok
10 tv_sir 5 ok
10 neural_ode_h2 3 ok
10 ude_sir_h2 4 ok
10 sir 7 ok
10 neural_ode_h2 4 ok
10 tv_sir 6 ok
10 ude_sir_h2 5 ok
10 neural_ode_h2 5 ok
10 tv_sir 7 ok
10 sir 8 ok
10 neural_ode_h2 6 ok
10 sir 9 ok
10 ude_sir_h2 6 ok
10 tv_sir 8 ok
10 sir 10 ok
10 neural_ode_h2 7 ok
10 ude_sir_h2 7 ok
10 tv_sir 9 ok
10 neural_ode_h2 8 ok
10 sir 11 ok
10 ude_sir_h2 8 ok
10 ude_sir_h2 9 ok
10 tv_sir 10 ok
10 neural_ode_h2 9 ok
10 tv_sir 11 ok
10 sir 12 ok
10 ude_sir_h2 10 ok
10 neural_ode_h2 10 ok
10 tv_sir 12 ok
10 sir 13 ok
10 ude_sir_h2 11 ok
10 sir 14 ok
10 neural_ode_h2 11 ok
10 tv_sir 13 ok
10 ude_sir_h2 12 ok
10 sir 15 ok
10 neural_ode_h2 12 ok
10 tv_sir 14 ok
10 ude_sir_h2 13 ok
10 tv_sir 15 ok
10 neural_ode_h2 13 ok
10 sir 16 ok
10 sir 17 ok
10 neural_ode_h2 14 ok
10 ude_sir_h2 14 ok
10 tv_sir 16 ok
10 ude_sir_h2 15 ok
10 neural_ode_h2 15 ok
10 sir 18 ok
10 tv_sir 17 ok
10 neural_ode_h2 16 ok
10 ude_sir_h2 16 ok
10 sir 19 ok
10 tv_sir 18 ok
10 ude_sir_h2 17 ok
10 neural_ode_h2 17 ok
10 tv_sir 19 ok
10 ude_sir_h2 18 ok
10 neural_ode_h2 18 ok
10 sir 0 ok
10 ude_sir_h2 19 ok
10 neural_ode_h2 19 ok
10 tv_sir 0 ok
10 sir 1 ok
10 sir 2 ok
10 tv_sir 1 ok
10 sir 3 ok
10 tv_sir 2 ok
10 ude_sir_h2 0 ok
10 neural_ode_h2 0 ok
10 ude_sir_h2 1 ok
10 neural_ode_h2 1 ok
10 sir 4 ok
10 tv_sir 3 ok
10 ude_sir_h2 2 ok
10 neural_ode_h2 2 ok
10 tv_sir 4 ok
10 sir 5 ok
10 sir 6 ok
10 ude_sir_h2 3 ok
10 neural_ode_h2 3 ok
10 tv_sir 5 ok
10 sir 7 ok
10 neural_ode_h2 4 ok
10 ude_sir_h2 4 ok
10 tv_sir 6 ok
10 ude_sir_h2 5 ok
10 neural_ode_h2 5 ok
10 tv_sir 7 ok
10 sir 8 ok
10 neural_ode_h2 6 ok
10 ude_sir_h2 6 ok
10 tv_sir 8 ok
10 sir 9 ok
10 ude_sir_h2 7 ok
10 sir 10 ok
10 neural_ode_h2 7 ok
10 tv_sir 9 ok
10 ude_sir_h2 8 ok
10 neural_ode_h2 8 ok
10 tv_sir 10 ok
10 sir 11 ok
10 ude_sir_h2 9 ok
10 neural_ode_h2 9 ok
10 sir 12 ok
10 tv_sir 11 ok
10 ude_sir_h2 10 ok
10 neural_ode_h2 10 ok
10 sir 13 ok
10 tv_sir 12 ok
10 neural_ode_h2 11 ok
10 sir 14 ok
10 tv_sir 13 ok
10 ude_sir_h2 11 ok
10 neural_ode_h2 12 ok
10 ude_sir_h2 12 ok
10 sir 15 ok
10 tv_sir 14 ok
10 neural_ode_h2 13 ok
10 ude_sir_h2 13 ok
10 tv_sir 15 ok
10 sir 16 ok
10 neural_ode_h2 14 ok
10 ude_sir_h2 14 ok
10 sir 17 ok
10 tv_sir 16 ok
10 ude_sir_h2 15 ok
10 neural_ode_h2 15 ok
10 sir 18 ok
10 tv_sir 17 ok
10 neural_ode_h2 16 ok
10 ude_sir_h2 16 ok
10 tv_sir 18 ok
10 sir 19 ok
10 sir 0 ok
10 ude_sir_h2 17 ok
10 tv_sir 0 ok
10 neural_ode_h2 17 ok
10 sir 1 ok
10 neural_ode_h2 0 ok
10 ude_sir_h2 0 ok
10 tv_sir 19 ok
10 tv_sir 1 ok
10 sir 2 ok
10 neural_ode_h2 18 ok
10 tv_sir 2 ok
10 ude_sir_h2 18 ok
10 neural_ode_h2 1 ok
10 ude_sir_h2 1 ok
10 sir 3 ok
10 ude_sir_h2 2 ok
10 tv_sir 3 ok
10 sir 4 ok
10 neural_ode_h2 2 ok
10 neural_ode_h2 3 ok
10 sir 5 ok
10 ude_sir_h2 3 ok
10 tv_sir 4 ok
10 sir 6 ok
10 neural_ode_h2 4 ok
10 tv_sir 5 ok
10 ude_sir_h2 4 ok
10 neural_ode_h2 19 ok
10 neural_ode_h2 5 ok
10 ude_sir_h2 19 ok
10 ude_sir_h2 5 ok
10 sir 7 ok
10 tv_sir 6 ok
10 sir 8 ok
10 neural_ode_h2 6 ok
10 tv_sir 7 ok
10 ude_sir_h2 6 ok
10 tv_sir 8 ok
10 sir 9 ok
10 neural_ode_h2 7 ok
10 ude_sir_h2 7 ok
10 tv_sir 9 ok
10 sir 10 ok
10 neural_ode_h2 8 ok
10 ude_sir_h2 9 ok
10 tv_sir 10 ok
10 sir 11 ok
10 ude_sir_h2 8 ok
10 neural_ode_h2 9 ok
10 sir 12 ok
10 tv_sir 11 ok
10 ude_sir_h2 10 ok
10 neural_ode_h2 10 ok
10 tv_sir 12 ok
10 sir 13 ok
10 neural_ode_h2 11 ok
10 sir 14 ok
10 tv_sir 13 ok
10 neural_ode_h2 12 ok
10 ude_sir_h2 11 ok
10 ude_sir_h2 13 ok
10 tv_sir 14 ok
10 neural_ode_h2 13 ok
10 ude_sir_h2 12 ok
10 sir 15 ok
10 sir 16 ok
10 tv_sir 15 ok
10 neural_ode_h2 14 ok
10 tv_sir 16 ok
10 sir 17 ok
10 ude_sir_h2 14 ok
10 neural_ode_h2 15 ok
10 ude_sir_h2 15 ok
10 tv_sir 17 ok
10 ude_sir_h2 16 ok
10 sir 18 ok
10 neural_ode_h2 16 ok
10 sir 19 ok
10 tv_sir 18 ok
10 neural_ode_h2 17 ok
10 ude_sir_h2 17 ok
10 tv_sir 19 ok
10 neural_ode_h2 18 ok
10 ude_sir_h2 18 ok
10 sir 0 ok
10 ude_sir_h2 19 ok
10 neural_ode_h2 19 ok
10 sir 1 ok
10 tv_sir 0 ok
10 sir 2 ok
10 tv_sir 1 ok
10 neural_ode_h2 0 ok
10 tv_sir 2 ok
10 ude_sir_h2 0 ok
10 neural_ode_h2 1 ok
10 sir 3 ok
10 ude_sir_h2 1 ok
10 sir 4 ok
10 neural_ode_h2 2 ok
10 tv_sir 3 ok
10 ude_sir_h2 2 ok
10 tv_sir 4 ok
10 sir 5 ok
10 neural_ode_h2 3 ok
10 ude_sir_h2 3 ok
10 tv_sir 5 ok
10 sir 6 ok
10 ude_sir_h2 4 ok
10 neural_ode_h2 4 ok
10 sir 7 ok
10 tv_sir 6 ok
10 ude_sir_h2 5 ok
10 neural_ode_h2 5 ok
10 tv_sir 7 ok
10 sir 8 ok
10 neural_ode_h2 6 ok
10 ude_sir_h2 6 ok
10 tv_sir 8 ok
10 sir 9 ok
10 ude_sir_h2 7 ok
10 neural_ode_h2 7 ok
10 tv_sir 9 ok
10 sir 10 ok
10 neural_ode_h2 8 ok
10 ude_sir_h2 8 ok
10 tv_sir 10 ok
10 sir 11 ok
10 ude_sir_h2 9 ok
10 neural_ode_h2 9 ok
10 sir 12 ok
10 tv_sir 11 ok
10 ude_sir_h2 10 ok
10 neural_ode_h2 10 ok
10 sir 13 ok
10 tv_sir 12 ok
10 ude_sir_h2 11 ok
10 neural_ode_h2 11 ok
10 tv_sir 13 ok
10 sir 14 ok
10 ude_sir_h2 12 ok
10 neural_ode_h2 12 ok
10 tv_sir 14 ok
10 sir 15 ok
10 neural_ode_h2 13 ok
10 tv_sir 15 ok
10 sir 16 ok
10 ude_sir_h2 14 ok
10 ude_sir_h2 13 ok
10 neural_ode_h2 14 ok
10 tv_sir 16 ok
10 sir 17 ok
10 neural_ode_h2 15 ok
10 ude_sir_h2 15 ok
10 tv_sir 17 ok
10 sir 18 ok
10 neural_ode_h2 16 ok
10 ude_sir_h2 16 ok
10 tv_sir 18 ok
10 sir 19 ok
10 ude_sir_h2 17 ok
10 neural_ode_h2 17 ok
10 tv_sir 19 ok
10 neural_ode_h2 18 ok
10 ude_sir_h2 18 ok
10 sir 0 ok
10 neural_ode_h2 19 ok
10 ude_sir_h2 19 ok
10 sir 1 ok
10 tv_sir 0 ok
10 sir 2 ok
10 tv_sir 1 ok
10 neural_ode_h2 0 ok
10 ude_sir_h2 0 ok
10 tv_sir 2 ok
10 sir 3 ok
10 neural_ode_h2 1 ok
10 ude_sir_h2 1 ok
10 sir 4 ok
10 tv_sir 3 ok
10 tv_sir 4 ok
10 neural_ode_h2 2 ok
10 sir 5 ok
10 ude_sir_h2 2 ok
10 ude_sir_h2 3 ok
10 neural_ode_h2 3 ok
10 sir 6 ok
10 neural_ode_h2 4 ok
10 tv_sir 5 ok
10 ude_sir_h2 4 ok
10 sir 7 ok
10 neural_ode_h2 5 ok
10 tv_sir 6 ok
10 ude_sir_h2 5 ok
10 tv_sir 7 ok
10 sir 8 ok
10 ude_sir_h2 6 ok
10 tv_sir 8 ok
10 neural_ode_h2 6 ok
10 sir 9 ok
10 neural_ode_h2 7 ok
10 ude_sir_h2 7 ok
10 sir 10 ok
10 tv_sir 9 ok
10 ude_sir_h2 8 ok
10 neural_ode_h2 8 ok
10 tv_sir 10 ok
10 sir 11 ok
10 neural_ode_h2 9 ok
10 ude_sir_h2 9 ok
10 tv_sir 11 ok
10 sir 12 ok
10 neural_ode_h2 10 ok
10 ude_sir_h2 10 ok
10 tv_sir 12 ok
10 sir 13 ok
10 neural_ode_h2 11 ok
10 tv_sir 13 ok
10 sir 14 ok
10 ude_sir_h2 11 ok
10 ude_sir_h2 12 ok
10 neural_ode_h2 12 ok
10 sir 15 ok
10 tv_sir 14 ok
10 neural_ode_h2 13 ok
10 ude_sir_h2 13 ok
10 tv_sir 15 ok
10 sir 16 ok
10 ude_sir_h2 14 ok
10 tv_sir 16 ok
10 neural_ode_h2 14 ok
10 sir 17 ok
10 ude_sir_h2 15 ok
10 neural_ode_h2 15 ok
10 sir 18 ok
10 ude_sir_h2 16 ok
10 neural_ode_h2 16 ok
10 tv_sir 17 ok
10 tv_sir 18 ok
10 sir 19 ok
20 sir 0 ok
10 neural_ode_h2 17 ok
10 ude_sir_h2 17 ok
20 tv_sir 0 ok
10 tv_sir 19 ok
20 sir 1 ok
10 ude_sir_h2 18 ok
20 tv_sir 1 ok
20 ude_sir_h2 0 ok
10 neural_ode_h2 18 ok
20 sir 2 ok
20 neural_ode_h2 0 ok
20 tv_sir 2 ok
20 sir 3 ok
20 neural_ode_h2 1 ok
20 ude_sir_h2 1 ok
20 tv_sir 3 ok
20 sir 4 ok
10 ude_sir_h2 19 ok
20 ude_sir_h2 2 ok
20 neural_ode_h2 2 ok
20 sir 5 ok
20 tv_sir 4 ok
20 neural_ode_h2 3 ok
20 ude_sir_h2 3 ok
20 tv_sir 5 ok
10 neural_ode_h2 19 ok
20 sir 6 ok
20 neural_ode_h2 4 ok
20 ude_sir_h2 4 ok
20 tv_sir 6 ok
20 sir 7 ok
20 sir 8 ok
20 neural_ode_h2 5 ok
20 tv_sir 7 ok
20 ude_sir_h2 5 ok
20 neural_ode_h2 6 ok
20 ude_sir_h2 6 ok
20 sir 9 ok
20 tv_sir 8 ok
20 neural_ode_h2 7 ok
20 ude_sir_h2 7 ok
20 sir 10 ok
20 tv_sir 9 ok
20 neural_ode_h2 8 ok
20 ude_sir_h2 8 ok
20 tv_sir 10 ok
20 sir 11 ok
20 neural_ode_h2 9 ok
20 ude_sir_h2 9 ok
20 sir 12 ok
20 tv_sir 11 ok
20 sir 13 ok
20 neural_ode_h2 10 ok
20 ude_sir_h2 10 ok
20 tv_sir 12 ok
20 neural_ode_h2 11 ok
20 sir 14 ok
20 ude_sir_h2 11 ok
20 tv_sir 13 ok
20 neural_ode_h2 12 ok
20 ude_sir_h2 12 ok
20 sir 15 ok
20 tv_sir 14 ok
20 neural_ode_h2 13 ok
20 ude_sir_h2 13 ok
20 sir 16 ok
20 tv_sir 15 ok
20 neural_ode_h2 14 ok
20 sir 17 ok
20 ude_sir_h2 14 ok
20 tv_sir 16 ok
20 neural_ode_h2 15 ok
20 sir 18 ok
20 tv_sir 17 ok
20 ude_sir_h2 15 ok
20 neural_ode_h2 16 ok
20 ude_sir_h2 16 ok
20 sir 19 ok
20 tv_sir 18 ok
20 neural_ode_h2 17 ok
20 ude_sir_h2 17 ok
20 tv_sir 19 ok
20 neural_ode_h2 18 ok
20 sir 0 ok
20 ude_sir_h2 18 ok
20 neural_ode_h2 19 ok
20 ude_sir_h2 19 ok
20 sir 1 ok
20 tv_sir 0 ok
20 sir 2 ok
20 tv_sir 1 ok
20 sir 3 ok
20 tv_sir 2 ok
20 neural_ode_h2 0 ok
20 ude_sir_h2 0 ok
20 neural_ode_h2 1 ok
20 ude_sir_h2 1 ok
20 sir 4 ok
20 tv_sir 3 ok
20 ude_sir_h2 2 ok
20 neural_ode_h2 2 ok
20 tv_sir 4 ok
20 sir 5 ok
20 neural_ode_h2 3 ok
20 tv_sir 5 ok
20 ude_sir_h2 3 ok
20 sir 6 ok
20 ude_sir_h2 4 ok
20 neural_ode_h2 4 ok
20 sir 7 ok
20 tv_sir 6 ok
20 ude_sir_h2 5 ok
20 neural_ode_h2 5 ok
20 sir 8 ok
20 tv_sir 7 ok
20 neural_ode_h2 6 ok
20 ude_sir_h2 6 ok
20 sir 9 ok
20 tv_sir 8 ok
20 neural_ode_h2 7 ok
20 ude_sir_h2 7 ok
20 sir 10 ok
20 tv_sir 9 ok
20 neural_ode_h2 8 ok
20 ude_sir_h2 8 ok
20 sir 11 ok
20 tv_sir 10 ok
20 neural_ode_h2 9 ok
20 sir 12 ok
20 ude_sir_h2 9 ok
20 tv_sir 11 ok
20 neural_ode_h2 10 ok
20 sir 13 ok
20 ude_sir_h2 10 ok
20 tv_sir 12 ok
20 neural_ode_h2 11 ok
20 ude_sir_h2 11 ok
20 sir 14 ok
20 tv_sir 13 ok
20 neural_ode_h2 12 ok
20 ude_sir_h2 12 ok
20 sir 15 ok
20 tv_sir 14 ok
20 neural_ode_h2 13 ok
20 sir 16 ok
20 ude_sir_h2 13 ok
20 tv_sir 15 ok
20 neural_ode_h2 14 ok
20 ude_sir_h2 14 ok
20 sir 17 ok
20 tv_sir 16 ok
20 neural_ode_h2 15 ok
20 sir 18 ok
20 ude_sir_h2 15 ok
20 tv_sir 17 ok
20 neural_ode_h2 16 ok
20 ude_sir_h2 16 ok
20 sir 19 ok
20 tv_sir 18 ok
20 neural_ode_h2 17 ok
20 ude_sir_h2 17 ok
20 tv_sir 19 ok
20 neural_ode_h2 18 ok
20 sir 0 ok
20 ude_sir_h2 18 ok
20 neural_ode_h2 19 ok
20 ude_sir_h2 19 ok
20 sir 1 ok
20 tv_sir 0 ok
20 sir 2 ok
20 tv_sir 1 ok
20 tv_sir 2 ok
20 sir 3 ok
20 neural_ode_h2 0 ok
20 ude_sir_h2 0 ok
20 ude_sir_h2 1 ok
20 neural_ode_h2 1 ok
20 sir 4 ok
20 tv_sir 3 ok
20 ude_sir_h2 2 ok
20 neural_ode_h2 2 ok
20 sir 5 ok
20 tv_sir 4 ok
20 neural_ode_h2 3 ok
20 ude_sir_h2 3 ok
20 sir 6 ok
20 tv_sir 5 ok
20 ude_sir_h2 4 ok
20 neural_ode_h2 4 ok
20 sir 7 ok
20 tv_sir 6 ok
20 ude_sir_h2 5 ok
20 neural_ode_h2 5 ok
20 sir 8 ok
20 tv_sir 7 ok
20 neural_ode_h2 6 ok
20 ude_sir_h2 6 ok
20 sir 9 ok
20 tv_sir 8 ok
20 neural_ode_h2 7 ok
20 ude_sir_h2 7 ok
20 sir 10 ok
20 tv_sir 9 ok
20 neural_ode_h2 8 ok
20 ude_sir_h2 8 ok
20 sir 11 ok
20 tv_sir 10 ok
20 neural_ode_h2 9 ok
20 sir 12 ok
20 tv_sir 11 ok
20 ude_sir_h2 9 ok
20 neural_ode_h2 10 ok
20 ude_sir_h2 10 ok
20 sir 13 ok
20 tv_sir 12 ok
20 neural_ode_h2 11 ok
20 ude_sir_h2 11 ok
20 sir 14 ok
20 tv_sir 13 ok
20 neural_ode_h2 12 ok
20 ude_sir_h2 12 ok
20 sir 15 ok
20 tv_sir 14 ok
20 neural_ode_h2 13 ok
20 sir 16 ok
20 ude_sir_h2 13 ok
20 tv_sir 15 ok
20 neural_ode_h2 14 ok
20 ude_sir_h2 14 ok
20 sir 17 ok
20 tv_sir 16 ok
20 neural_ode_h2 15 ok
20 sir 18 ok
20 ude_sir_h2 15 ok
20 tv_sir 17 ok
20 neural_ode_h2 16 ok
20 ude_sir_h2 16 ok
20 sir 19 ok
20 tv_sir 18 ok
20 sir 0 ok
20 neural_ode_h2 17 ok
20 tv_sir 0 ok
20 ude_sir_h2 17 ok
20 tv_sir 19 ok
20 sir 1 ok
20 neural_ode_h2 0 ok
20 ude_sir_h2 0 ok
20 tv_sir 1 ok
20 sir 2 ok
20 neural_ode_h2 18 ok
20 neural_ode_h2 1 ok
20 ude_sir_h2 1 ok
20 tv_sir 2 ok
20 ude_sir_h2 18 ok
20 sir 3 ok
20 neural_ode_h2 2 ok
20 sir 4 ok
20 tv_sir 3 ok
20 ude_sir_h2 2 ok
20 tv_sir 4 ok
20 neural_ode_h2 3 ok
20 sir 5 ok
20 ude_sir_h2 3 ok
20 neural_ode_h2 19 ok
20 neural_ode_h2 4 ok
20 sir 6 ok
20 tv_sir 5 ok
20 ude_sir_h2 4 ok
20 ude_sir_h2 19 ok
20 sir 7 ok
20 tv_sir 6 ok
20 neural_ode_h2 5 ok
20 sir 8 ok
20 ude_sir_h2 5 ok
20 tv_sir 7 ok
20 neural_ode_h2 6 ok
20 sir 9 ok
20 tv_sir 8 ok
20 ude_sir_h2 6 ok
20 neural_ode_h2 7 ok
20 ude_sir_h2 7 ok
20 sir 10 ok
20 tv_sir 9 ok
20 neural_ode_h2 8 ok
20 ude_sir_h2 8 ok
20 sir 11 ok
20 tv_sir 10 ok
20 neural_ode_h2 9 ok
20 sir 12 ok
20 ude_sir_h2 9 ok
20 neural_ode_h2 10 ok
20 tv_sir 11 ok
20 ude_sir_h2 10 ok
20 tv_sir 12 ok
20 sir 13 ok
20 neural_ode_h2 11 ok
20 tv_sir 13 ok
20 ude_sir_h2 11 ok
20 sir 14 ok
20 neural_ode_h2 12 ok
20 ude_sir_h2 12 ok
20 tv_sir 14 ok
20 sir 15 ok
20 neural_ode_h2 13 ok
20 sir 16 ok
20 tv_sir 15 ok
20 ude_sir_h2 13 ok
20 neural_ode_h2 14 ok
20 ude_sir_h2 14 ok
20 sir 17 ok
20 tv_sir 16 ok
20 neural_ode_h2 15 ok
20 ude_sir_h2 15 ok
20 sir 18 ok
20 tv_sir 17 ok
20 neural_ode_h2 16 ok
20 sir 19 ok
20 tv_sir 18 ok
20 ude_sir_h2 16 ok
20 neural_ode_h2 17 ok
20 ude_sir_h2 17 ok
20 tv_sir 19 ok
20 neural_ode_h2 18 ok
20 sir 0 ok
20 ude_sir_h2 18 ok
20 neural_ode_h2 19 ok
20 ude_sir_h2 19 ok
20 sir 1 ok
20 tv_sir 0 ok
20 sir 2 ok
20 tv_sir 1 ok
20 tv_sir 2 ok
20 neural_ode_h2 0 ok
20 sir 3 ok
20 ude_sir_h2 0 ok
20 neural_ode_h2 1 ok
20 ude_sir_h2 1 ok
20 sir 4 ok
20 ude_sir_h2 2 ok
20 tv_sir 3 ok
20 neural_ode_h2 2 ok
20 sir 5 ok
20 tv_sir 4 ok
20 tv_sir 5 ok
20 ude_sir_h2 3 ok
20 neural_ode_h2 3 ok
20 sir 6 ok
20 neural_ode_h2 4 ok
20 ude_sir_h2 4 ok
20 sir 7 ok
20 tv_sir 6 ok
20 ude_sir_h2 5 ok
20 neural_ode_h2 5 ok
20 tv_sir 7 ok
20 sir 8 ok
20 neural_ode_h2 6 ok
20 ude_sir_h2 6 ok
20 tv_sir 8 ok
20 sir 9 ok
20 neural_ode_h2 7 ok
20 sir 10 ok
20 ude_sir_h2 7 ok
20 tv_sir 9 ok
20 neural_ode_h2 8 ok
20 sir 11 ok
20 tv_sir 10 ok
20 ude_sir_h2 8 ok
20 ude_sir_h2 9 ok
20 neural_ode_h2 9 ok
20 sir 12 ok
20 tv_sir 11 ok
20 neural_ode_h2 10 ok
20 tv_sir 12 ok
20 ude_sir_h2 10 ok
20 sir 13 ok
20 neural_ode_h2 11 ok
20 tv_sir 13 ok
20 sir 14 ok
20 ude_sir_h2 11 ok
20 neural_ode_h2 12 ok
20 sir 15 ok
20 ude_sir_h2 12 ok
20 tv_sir 14 ok
20 neural_ode_h2 13 ok
20 ude_sir_h2 13 ok
20 sir 16 ok
20 tv_sir 15 ok
20 neural_ode_h2 14 ok
20 ude_sir_h2 14 ok
20 sir 17 ok
20 tv_sir 16 ok
20 ude_sir_h2 15 ok
20 neural_ode_h2 15 ok
20 sir 18 ok
20 tv_sir 17 ok
20 ude_sir_h2 16 ok
20 neural_ode_h2 16 ok
20 sir 19 ok
20 tv_sir 18 ok
20 ude_sir_h2 17 ok
20 neural_ode_h2 17 ok
20 tv_sir 19 ok
20 ude_sir_h2 18 ok
20 neural_ode_h2 18 ok
20 sir 0 ok
20 ude_sir_h2 19 ok
20 neural_ode_h2 19 ok
20 sir 1 ok
20 tv_sir 0 ok
20 sir 2 ok
20 tv_sir 1 ok
20 tv_sir 2 ok
20 sir 3 ok
20 neural_ode_h2 0 ok
20 ude_sir_h2 0 ok
20 ude_sir_h2 1 ok
20 neural_ode_h2 1 ok
20 sir 4 ok
20 tv_sir 3 ok
20 neural_ode_h2 2 ok
20 ude_sir_h2 2 ok
20 tv_sir 4 ok
20 sir 5 ok
20 neural_ode_h2 3 ok
20 ude_sir_h2 3 ok
20 sir 6 ok
20 tv_sir 5 ok
20 neural_ode_h2 4 ok
20 ude_sir_h2 4 ok
20 sir 7 ok
20 tv_sir 6 ok
20 neural_ode_h2 5 ok
20 ude_sir_h2 5 ok
20 sir 8 ok
20 tv_sir 7 ok
20 ude_sir_h2 6 ok
20 neural_ode_h2 6 ok
20 sir 9 ok
20 tv_sir 8 ok
20 neural_ode_h2 7 ok
20 ude_sir_h2 7 ok
20 sir 10 ok
20 tv_sir 9 ok
20 neural_ode_h2 8 ok
20 ude_sir_h2 8 ok
20 sir 11 ok
20 tv_sir 10 ok
20 ude_sir_h2 9 ok
20 neural_ode_h2 9 ok
20 sir 12 ok
20 tv_sir 11 ok
20 neural_ode_h2 10 ok
20 ude_sir_h2 10 ok
20 sir 13 ok
20 tv_sir 12 ok
20 ude_sir_h2 11 ok
20 neural_ode_h2 11 ok
20 sir 14 ok
20 tv_sir 13 ok
20 ude_sir_h2 12 ok
20 neural_ode_h2 12 ok
20 sir 15 ok
20 tv_sir 14 ok
20 neural_ode_h2 13 ok
20 sir 16 ok
20 ude_sir_h2 13 ok
20 tv_sir 15 ok
20 neural_ode_h2 14 ok
20 ude_sir_h2 14 ok
20 sir 17 ok
20 tv_sir 16 ok
20 ude_sir_h2 15 ok
20 neural_ode_h2 15 ok
20 sir 18 ok
20 tv_sir 17 ok
20 neural_ode_h2 16 ok
20 sir 19 ok
20 ude_sir_h2 16 ok
20 tv_sir 18 ok
20 ude_sir_h2 17 ok
20 sir 0 ok
20 neural_ode_h2 17 ok
20 tv_sir 0 ok
20 sir 1 ok
20 ude_sir_h2 0 ok
20 tv_sir 19 ok
20 neural_ode_h2 0 ok
20 tv_sir 1 ok
20 sir 2 ok
20 tv_sir 2 ok
20 ude_sir_h2 1 ok
20 neural_ode_h2 1 ok
20 neural_ode_h2 18 ok
20 sir 3 ok
20 ude_sir_h2 18 ok
20 ude_sir_h2 2 ok
20 tv_sir 3 ok
20 neural_ode_h2 2 ok
20 sir 4 ok
20 ude_sir_h2 3 ok
20 sir 5 ok
20 tv_sir 4 ok
20 neural_ode_h2 3 ok
20 sir 6 ok
20 neural_ode_h2 4 ok
20 ude_sir_h2 4 ok
20 tv_sir 5 ok
20 neural_ode_h2 19 ok
20 sir 7 ok
20 neural_ode_h2 5 ok
20 ude_sir_h2 5 ok
20 tv_sir 6 ok
20 ude_sir_h2 19 ok
20 sir 8 ok
20 neural_ode_h2 6 ok
20 tv_sir 7 ok
20 ude_sir_h2 6 ok
20 tv_sir 8 ok
20 sir 9 ok
20 neural_ode_h2 7 ok
20 ude_sir_h2 7 ok
20 tv_sir 9 ok
20 sir 10 ok
20 neural_ode_h2 8 ok
20 ude_sir_h2 8 ok
20 sir 11 ok
20 tv_sir 10 ok
20 neural_ode_h2 9 ok
20 ude_sir_h2 9 ok
20 sir 12 ok
20 tv_sir 11 ok
20 neural_ode_h2 10 ok
20 ude_sir_h2 10 ok
20 tv_sir 12 ok
20 sir 13 ok
20 ude_sir_h2 11 ok
20 neural_ode_h2 11 ok
20 sir 14 ok
20 tv_sir 13 ok
20 ude_sir_h2 12 ok
20 neural_ode_h2 12 ok
20 tv_sir 14 ok
20 sir 15 ok
20 neural_ode_h2 13 ok
20 ude_sir_h2 13 ok
20 sir 16 ok
20 tv_sir 15 ok
20 ude_sir_h2 14 ok
20 neural_ode_h2 14 ok
20 tv_sir 16 ok
20 sir 17 ok
20 ude_sir_h2 15 ok
20 neural_ode_h2 15 ok
20 sir 18 ok
20 tv_sir 17 ok
20 ude_sir_h2 16 ok
20 neural_ode_h2 16 ok
20 sir 19 ok
20 tv_sir 18 ok
20 ude_sir_h2 17 ok
20 neural_ode_h2 17 ok
20 tv_sir 19 ok
20 ude_sir_h2 18 ok
20 neural_ode_h2 18 ok
20 sir 0 ok
20 ude_sir_h2 19 ok
20 neural_ode_h2 19 ok
20 sir 1 ok
20 tv_sir 0 ok
20 sir 2 ok
20 tv_sir 1 ok
20 neural_ode_h2 0 ok
20 ude_sir_h2 0 ok
20 tv_sir 2 ok
20 sir 3 ok
20 neural_ode_h2 1 ok
20 ude_sir_h2 1 ok
20 sir 4 ok
20 tv_sir 3 ok
20 neural_ode_h2 2 ok
20 ude_sir_h2 2 ok
20 tv_sir 4 ok
20 sir 5 ok
20 neural_ode_h2 3 ok
20 ude_sir_h2 3 ok
20 sir 6 ok
20 tv_sir 5 ok
20 neural_ode_h2 4 ok
20 ude_sir_h2 4 ok
20 sir 7 ok
20 tv_sir 6 ok
20 neural_ode_h2 5 ok
20 ude_sir_h2 5 ok
20 sir 8 ok
20 tv_sir 7 ok
20 neural_ode_h2 6 ok
20 ude_sir_h2 6 ok
20 sir 9 ok
20 tv_sir 8 ok
20 neural_ode_h2 7 ok
20 ude_sir_h2 7 ok
20 sir 10 ok
20 tv_sir 9 ok
20 neural_ode_h2 8 ok
20 ude_sir_h2 8 ok
20 sir 11 ok
20 tv_sir 10 ok
20 neural_ode_h2 9 ok
20 ude_sir_h2 9 ok
20 tv_sir 11 ok
20 sir 12 ok
20 neural_ode_h2 10 ok
20 ude_sir_h2 10 ok
20 sir 13 ok
20 tv_sir 12 ok
20 neural_ode_h2 11 ok
20 ude_sir_h2 11 ok
20 tv_sir 13 ok
20 sir 14 ok
20 neural_ode_h2 12 ok
20 ude_sir_h2 12 ok
20 sir 15 ok
20 tv_sir 14 ok
20 neural_ode_h2 13 ok
20 ude_sir_h2 13 ok
20 sir 16 ok
20 tv_sir 15 ok
20 ude_sir_h2 14 ok
20 neural_ode_h2 14 ok
20 tv_sir 16 ok
20 sir 17 ok
20 ude_sir_h2 15 ok
20 neural_ode_h2 15 ok
20 sir 18 ok
20 tv_sir 17 ok
20 neural_ode_h2 16 ok
20 ude_sir_h2 16 ok
20 tv_sir 18 ok
20 sir 19 ok
20 ude_sir_h2 17 ok
20 neural_ode_h2 17 ok
20 tv_sir 19 ok
20 ude_sir_h2 18 ok
20 neural_ode_h2 18 ok
20 sir 0 ok
20 neural_ode_h2 19 ok
20 ude_sir_h2 19 ok
20 sir 1 ok
20 tv_sir 0 ok
20 sir 2 ok
20 tv_sir 1 ok
20 tv_sir 2 ok
20 ude_sir_h2 0 ok
20 sir 3 ok
20 neural_ode_h2 0 ok
20 ude_sir_h2 1 ok
20 neural_ode_h2 1 ok
20 sir 4 ok
20 tv_sir 3 ok
20 ude_sir_h2 2 ok
20 neural_ode_h2 2 ok
20 sir 5 ok
20 tv_sir 4 ok
20 neural_ode_h2 3 ok
20 sir 6 ok
20 ude_sir_h2 3 ok
20 tv_sir 5 ok
20 ude_sir_h2 4 ok
20 neural_ode_h2 4 ok
20 sir 7 ok
20 tv_sir 6 ok
20 ude_sir_h2 5 ok
20 tv_sir 7 ok
20 neural_ode_h2 5 ok
20 sir 8 ok
20 ude_sir_h2 6 ok
20 neural_ode_h2 6 ok
20 tv_sir 8 ok
20 sir 9 ok
20 ude_sir_h2 7 ok
20 sir 10 ok
20 neural_ode_h2 7 ok
20 tv_sir 9 ok
20 ude_sir_h2 8 ok
20 tv_sir 10 ok
20 neural_ode_h2 8 ok
20 sir 11 ok
20 sir 12 ok
20 ude_sir_h2 9 ok
20 neural_ode_h2 9 ok
20 tv_sir 11 ok
20 neural_ode_h2 10 ok
20 sir 13 ok
20 ude_sir_h2 10 ok
20 tv_sir 12 ok
20 ude_sir_h2 11 ok
20 neural_ode_h2 11 ok
20 sir 14 ok
20 tv_sir 13 ok
20 ude_sir_h2 12 ok
20 neural_ode_h2 12 ok
20 tv_sir 14 ok
20 sir 15 ok
20 tv_sir 15 ok
20 ude_sir_h2 13 ok
20 sir 16 ok
20 neural_ode_h2 13 ok
20 ude_sir_h2 14 ok
20 sir 17 ok
20 neural_ode_h2 14 ok
20 tv_sir 16 ok
20 tv_sir 17 ok
20 neural_ode_h2 15 ok
20 sir 18 ok
20 ude_sir_h2 15 ok
20 neural_ode_h2 16 ok
20 sir 19 ok
20 ude_sir_h2 16 ok
20 tv_sir 18 ok
20 ude_sir_h2 17 ok
40 sir 0 ok
20 neural_ode_h2 17 ok
40 tv_sir 0 ok
40 sir 1 ok
20 tv_sir 19 ok
40 ude_sir_h2 0 ok
40 tv_sir 1 ok
40 neural_ode_h2 0 ok
40 sir 2 ok
20 ude_sir_h2 18 ok
20 neural_ode_h2 18 ok
40 tv_sir 2 ok
40 ude_sir_h2 1 ok
40 sir 3 ok
40 neural_ode_h2 1 ok
40 tv_sir 3 ok
40 sir 4 ok
40 neural_ode_h2 2 ok
40 ude_sir_h2 2 ok
20 ude_sir_h2 19 ok
40 tv_sir 4 ok
40 neural_ode_h2 3 ok
40 sir 5 ok
40 ude_sir_h2 3 ok
20 neural_ode_h2 19 ok
40 sir 6 ok
40 tv_sir 5 ok
40 ude_sir_h2 4 ok
40 neural_ode_h2 4 ok
40 tv_sir 6 ok
40 sir 7 ok
40 neural_ode_h2 5 ok
40 sir 8 ok
40 ude_sir_h2 5 ok
40 tv_sir 7 ok
40 neural_ode_h2 6 ok
40 sir 9 ok
40 ude_sir_h2 6 ok
40 tv_sir 8 ok
40 neural_ode_h2 7 ok
40 ude_sir_h2 7 ok
40 sir 10 ok
40 tv_sir 9 ok
40 neural_ode_h2 8 ok
40 ude_sir_h2 8 ok
40 tv_sir 10 ok
40 sir 11 ok
40 neural_ode_h2 9 ok
40 ude_sir_h2 9 ok
40 sir 12 ok
40 tv_sir 11 ok
40 neural_ode_h2 10 ok
40 ude_sir_h2 10 ok
40 sir 13 ok
40 tv_sir 12 ok
40 neural_ode_h2 11 ok
40 ude_sir_h2 11 ok
40 sir 14 ok
40 tv_sir 13 ok
40 neural_ode_h2 12 ok
40 ude_sir_h2 12 ok
40 sir 15 ok
40 tv_sir 14 ok
40 neural_ode_h2 13 ok
40 sir 16 ok
40 ude_sir_h2 13 ok
40 tv_sir 15 ok
40 neural_ode_h2 14 ok
40 sir 17 ok
40 ude_sir_h2 14 ok
40 tv_sir 16 ok
40 neural_ode_h2 15 ok
40 sir 18 ok
40 ude_sir_h2 15 ok
40 tv_sir 17 ok
40 neural_ode_h2 16 ok
40 ude_sir_h2 16 ok
40 sir 19 ok
40 tv_sir 18 ok
40 neural_ode_h2 17 ok
40 ude_sir_h2 17 ok
40 tv_sir 19 ok
40 neural_ode_h2 18 ok
40 sir 0 ok
40 ude_sir_h2 18 ok
40 neural_ode_h2 19 ok
40 ude_sir_h2 19 ok
40 sir 1 ok
40 tv_sir 0 ok
40 sir 2 ok
40 tv_sir 1 ok
40 tv_sir 2 ok
40 neural_ode_h2 0 ok
40 sir 3 ok
40 ude_sir_h2 0 ok
40 neural_ode_h2 1 ok
40 ude_sir_h2 1 ok
40 sir 4 ok
40 tv_sir 3 ok
40 ude_sir_h2 2 ok
40 neural_ode_h2 2 ok
40 sir 5 ok
40 tv_sir 4 ok
40 neural_ode_h2 3 ok
40 ude_sir_h2 3 ok
40 tv_sir 5 ok
40 sir 6 ok
40 neural_ode_h2 4 ok
40 ude_sir_h2 4 ok
40 sir 7 ok
40 tv_sir 6 ok
40 ude_sir_h2 5 ok
40 neural_ode_h2 5 ok
40 sir 8 ok
40 tv_sir 7 ok
40 neural_ode_h2 6 ok
40 ude_sir_h2 6 ok
40 sir 9 ok
40 tv_sir 8 ok
40 neural_ode_h2 7 ok
40 ude_sir_h2 7 ok
40 sir 10 ok
40 tv_sir 9 ok
40 neural_ode_h2 8 ok
40 ude_sir_h2 8 ok
40 sir 11 ok
40 tv_sir 10 ok
40 neural_ode_h2 9 ok
40 sir 12 ok
40 ude_sir_h2 9 ok
40 tv_sir 11 ok
40 neural_ode_h2 10 ok
40 ude_sir_h2 10 ok
40 sir 13 ok
40 tv_sir 12 ok
40 neural_ode_h2 11 ok
40 ude_sir_h2 11 ok
40 sir 14 ok
40 tv_sir 13 ok
40 neural_ode_h2 12 ok
40 ude_sir_h2 12 ok
40 sir 15 ok
40 tv_sir 14 ok
40 neural_ode_h2 13 ok
40 sir 16 ok
40 ude_sir_h2 13 ok
40 tv_sir 15 ok
40 neural_ode_h2 14 ok
40 ude_sir_h2 14 ok
40 sir 17 ok
40 tv_sir 16 ok
40 neural_ode_h2 15 ok
40 sir 18 ok
40 ude_sir_h2 15 ok
40 tv_sir 17 ok
40 neural_ode_h2 16 ok
40 sir 19 ok
40 ude_sir_h2 16 ok
40 tv_sir 18 ok
40 neural_ode_h2 17 ok
40 ude_sir_h2 17 ok
40 tv_sir 19 ok
40 neural_ode_h2 18 ok
40 sir 0 ok
40 ude_sir_h2 18 ok
40 neural_ode_h2 19 ok
40 ude_sir_h2 19 ok
40 sir 1 ok
40 tv_sir 0 ok
40 sir 2 ok
40 tv_sir 1 ok
40 tv_sir 2 ok
40 sir 3 ok
40 neural_ode_h2 0 ok
40 ude_sir_h2 0 ok
40 neural_ode_h2 1 ok
40 ude_sir_h2 1 ok
40 sir 4 ok
40 tv_sir 3 ok
40 ude_sir_h2 2 ok
40 neural_ode_h2 2 ok
40 sir 5 ok
40 tv_sir 4 ok
40 neural_ode_h2 3 ok
40 ude_sir_h2 3 ok
40 tv_sir 5 ok
40 sir 6 ok
40 neural_ode_h2 4 ok
40 ude_sir_h2 4 ok
40 sir 7 ok
40 tv_sir 6 ok
40 neural_ode_h2 5 ok
40 ude_sir_h2 5 ok
40 sir 8 ok
40 tv_sir 7 ok
40 neural_ode_h2 6 ok
40 ude_sir_h2 6 ok
40 sir 9 ok
40 tv_sir 8 ok
40 neural_ode_h2 7 ok
40 ude_sir_h2 7 ok
40 sir 10 ok
40 tv_sir 9 ok
40 neural_ode_h2 8 ok
40 ude_sir_h2 8 ok
40 sir 11 ok
40 tv_sir 10 ok
40 neural_ode_h2 9 ok
40 sir 12 ok
40 ude_sir_h2 9 ok
40 tv_sir 11 ok
40 neural_ode_h2 10 ok
40 ude_sir_h2 10 ok
40 sir 13 ok
40 tv_sir 12 ok
40 neural_ode_h2 11 ok
40 ude_sir_h2 11 ok
40 sir 14 ok
40 tv_sir 13 ok
40 neural_ode_h2 12 ok
40 sir 15 ok
40 ude_sir_h2 12 ok
40 tv_sir 14 ok
40 neural_ode_h2 13 ok
40 ude_sir_h2 13 ok
40 sir 16 ok
40 tv_sir 15 ok
40 neural_ode_h2 14 ok
40 ude_sir_h2 14 ok
40 sir 17 ok
40 tv_sir 16 ok
40 neural_ode_h2 15 ok
40 sir 18 ok
40 ude_sir_h2 15 ok
40 tv_sir 17 ok
40 neural_ode_h2 16 ok
40 sir 19 ok
40 ude_sir_h2 16 ok
40 tv_sir 18 ok
40 sir 0 ok
40 tv_sir 0 ok
40 neural_ode_h2 17 ok
40 ude_sir_h2 17 ok
40 tv_sir 19 ok
40 sir 1 ok
40 neural_ode_h2 0 ok
40 ude_sir_h2 0 ok
40 tv_sir 1 ok
40 neural_ode_h2 18 ok
40 sir 2 ok
40 tv_sir 2 ok
40 neural_ode_h2 1 ok
40 ude_sir_h2 18 ok
40 ude_sir_h2 1 ok
40 sir 3 ok
40 tv_sir 3 ok
40 neural_ode_h2 2 ok
40 sir 4 ok
40 ude_sir_h2 2 ok
40 sir 5 ok
40 tv_sir 4 ok
40 neural_ode_h2 3 ok
40 ude_sir_h2 3 ok
40 neural_ode_h2 19 ok
40 neural_ode_h2 4 ok
40 sir 6 ok
40 tv_sir 5 ok
40 ude_sir_h2 4 ok
40 ude_sir_h2 19 ok
40 tv_sir 6 ok
40 sir 7 ok
40 neural_ode_h2 5 ok
40 ude_sir_h2 5 ok
40 sir 8 ok
40 tv_sir 7 ok
40 neural_ode_h2 6 ok
40 sir 9 ok
40 tv_sir 8 ok
40 ude_sir_h2 6 ok
40 neural_ode_h2 7 ok
40 sir 10 ok
40 ude_sir_h2 7 ok
40 tv_sir 9 ok
40 tv_sir 10 ok
40 neural_ode_h2 8 ok
40 sir 11 ok
40 ude_sir_h2 8 ok
40 neural_ode_h2 9 ok
40 sir 12 ok
40 tv_sir 11 ok
40 ude_sir_h2 9 ok
40 neural_ode_h2 10 ok
40 ude_sir_h2 10 ok
40 sir 13 ok
40 tv_sir 12 ok
40 neural_ode_h2 11 ok
40 tv_sir 13 ok
40 ude_sir_h2 11 ok
40 sir 14 ok
40 neural_ode_h2 12 ok
40 ude_sir_h2 12 ok
40 sir 15 ok
40 tv_sir 14 ok
40 neural_ode_h2 13 ok
40 sir 16 ok
40 ude_sir_h2 13 ok
40 tv_sir 15 ok
40 neural_ode_h2 14 ok
40 sir 17 ok
40 ude_sir_h2 14 ok
40 tv_sir 16 ok
40 neural_ode_h2 15 ok
40 tv_sir 17 ok
40 ude_sir_h2 15 ok
40 sir 18 ok
40 neural_ode_h2 16 ok
40 sir 19 ok
40 tv_sir 18 ok
40 ude_sir_h2 16 ok
40 neural_ode_h2 17 ok
40 tv_sir 19 ok
40 ude_sir_h2 17 ok
40 neural_ode_h2 18 ok
40 ude_sir_h2 18 ok
40 sir 0 ok
40 neural_ode_h2 19 ok
40 ude_sir_h2 19 ok
40 sir 1 ok
40 tv_sir 0 ok
40 sir 2 ok
40 tv_sir 1 ok
40 tv_sir 2 ok
40 sir 3 ok
40 neural_ode_h2 0 ok
40 ude_sir_h2 0 ok
40 ude_sir_h2 1 ok
40 neural_ode_h2 1 ok
40 sir 4 ok
40 tv_sir 3 ok
40 ude_sir_h2 2 ok
40 neural_ode_h2 2 ok
40 sir 5 ok
40 tv_sir 4 ok
40 neural_ode_h2 3 ok
40 tv_sir 5 ok
40 sir 6 ok
40 ude_sir_h2 3 ok
40 ude_sir_h2 4 ok
40 neural_ode_h2 4 ok
40 sir 7 ok
40 tv_sir 6 ok
40 ude_sir_h2 5 ok
40 neural_ode_h2 5 ok
40 sir 8 ok
40 tv_sir 7 ok
40 neural_ode_h2 6 ok
40 sir 9 ok
40 ude_sir_h2 6 ok
40 tv_sir 8 ok
40 neural_ode_h2 7 ok
40 ude_sir_h2 7 ok
40 sir 10 ok
40 tv_sir 9 ok
40 neural_ode_h2 8 ok
40 tv_sir 10 ok
40 ude_sir_h2 8 ok
40 sir 11 ok
40 neural_ode_h2 9 ok
40 sir 12 ok
40 ude_sir_h2 9 ok
40 tv_sir 11 ok
40 neural_ode_h2 10 ok
40 ude_sir_h2 10 ok
40 sir 13 ok
40 tv_sir 12 ok
40 neural_ode_h2 11 ok
40 ude_sir_h2 11 ok
40 sir 14 ok
40 tv_sir 13 ok
40 neural_ode_h2 12 ok
40 ude_sir_h2 12 ok
40 sir 15 ok
40 tv_sir 14 ok
40 ude_sir_h2 13 ok
40 neural_ode_h2 13 ok
40 sir 16 ok
40 tv_sir 15 ok
40 neural_ode_h2 14 ok
40 sir 17 ok
40 tv_sir 16 ok
40 ude_sir_h2 14 ok
40 neural_ode_h2 15 ok
40 sir 18 ok
40 ude_sir_h2 15 ok
40 tv_sir 17 ok
40 neural_ode_h2 16 ok
40 ude_sir_h2 16 ok
40 tv_sir 18 ok
40 sir 19 ok
40 neural_ode_h2 17 ok
40 ude_sir_h2 17 ok
40 tv_sir 19 ok
40 neural_ode_h2 18 ok
40 sir 0 ok
40 ude_sir_h2 18 ok
40 neural_ode_h2 19 ok
40 ude_sir_h2 19 ok
40 sir 1 ok
40 tv_sir 0 ok
40 sir 2 ok
40 tv_sir 1 ok
40 sir 3 ok
40 tv_sir 2 ok
40 neural_ode_h2 0 ok
40 ude_sir_h2 0 ok
40 ude_sir_h2 1 ok
40 neural_ode_h2 1 ok
40 sir 4 ok
40 tv_sir 3 ok
40 ude_sir_h2 2 ok
40 neural_ode_h2 2 ok
40 sir 5 ok
Traceback (most recent call last):
  File "C:\Users\aidishage\Desktop\MyProjects\GeoParaEstim\Paper\ModelSelection\experiments\run_phase_diagram_v2.py", line 182, in <module>
    main()
  File "C:\Users\aidishage\Desktop\MyProjects\GeoParaEstim\Paper\ModelSelection\experiments\run_phase_diagram_v2.py", line 176, in main
    result = future.result()
             ^^^^^^^^^^^^^^^
  File "C:\Users\aidishage\miniconda3\Lib\concurrent\futures\_base.py", line 449, in result
    return self.__get_result()
           ^^^^^^^^^^^^^^^^^^^
  File "C:\Users\aidishage\miniconda3\Lib\concurrent\futures\_base.py", line 401, in __get_result
    raise self._exception
concurrent.futures.process.BrokenProcessPool: A process in the process pool was terminated abruptly while the future was running or pending.
