ecology_rm lv 0 ok
ecology_rm rm 0 ok
ecology_rm ude_lv 0 ok
ecology_rm lv 1 ok
ecology_rm neural_ode 0 ok
ecology_rm rm 1 ok
ecology_rm rm 2 ok
ecology_rm lv 2 ok
ecology_rm ude_lv 1 ok
ecology_rm neural_ode 1 ok
ecology_rm ude_lv 2 ok
ecology_rm rm 3 ok
ecology_rm ude_lv 3 ok
ecology_rm lv 3 ok
ecology_rm neural_ode 2 ok
ecology_rm neural_ode 3 ok
ecology_rm lv 4 ok
ecology_rm rm 4 ok
ecology_rm lv 5 ok
ecology_rm ude_lv 4 ok
ecology_rm rm 5 ok
ecology_rm neural_ode 4 ok
ecology_rm ude_lv 5 ok
ecology_rm lv 6 ok
ecology_rm neural_ode 5 ok
ecology_rm rm 6 ok
ecology_rm lv 7 ok
ecology_rm neural_ode 6 ok
ecology_rm ude_lv 6 ok
ecology_rm rm 7 ok
ecology_rm ude_lv 7 ok
ecology_rm neural_ode 7 ok
ecology_rm lv 8 ok
ecology_rm neural_ode 8 ok
ecology_rm ude_lv 8 ok
ecology_rm rm 8 ok
ecology_rm lv 9 ok
ecology_rm rm 9 ok
ecology_rm ude_lv 9 ok
ecology_rm neural_ode 9 ok
ecology_rm lv 10 ok
ecology_rm ude_lv 10 ok
ecology_rm rm 10 ok
ecology_rm neural_ode 10 ok
ecology_rm lv 11 ok
ecology_rm rm 11 ok
ecology_rm neural_ode 11 ok
ecology_rm ude_lv 11 ok
ecology_rm lv 12 ok
ecology_rm rm 12 ok
ecology_rm ude_lv 12 ok
ecology_rm lv 13 ok
ecology_rm neural_ode 12 ok
ecology_rm rm 13 ok
ecology_rm neural_ode 13 ok
ecology_rm ude_lv 13 ok
ecology_rm lv 14 ok
ecology_rm rm 14 ok
ecology_rm ude_lv 14 ok
ecology_rm lv 15 ok
ecology_rm neural_ode 14 ok
ecology_rm rm 15 ok
ecology_rm neural_ode 15 ok
ecology_rm ude_lv 15 ok
ecology_rm lv 16 ok
ecology_rm rm 16 ok
ecology_rm neural_ode 16 ok
ecology_rm ude_lv 16 ok
ecology_rm lv 17 ok
ecology_rm rm 17 ok
ecology_rm ude_lv 17 ok
ecology_rm neural_ode 17 ok
ecology_rm rm 18 ok
ecology_rm lv 18 ok
ecology_rm ude_lv 18 ok
ecology_rm neural_ode 18 ok
ecology_rm lv 19 ok
ecology_rm rm 19 ok
ecology_rm ude_lv 19 ok
ecology_rm neural_ode 19 ok
ecology_rm lv 21 ok
ecology_rm rm 21 ok
ecology_rm lv 20 ok
ecology_rm ude_lv 20 ok
ecology_rm neural_ode 20 ok
ecology_rm rm 20 ok
ecology_rm ude_lv 21 ok
ecology_rm neural_ode 21 ok
ecology_rm lv 22 ok
ecology_rm ude_lv 22 ok
ecology_rm neural_ode 22 ok
ecology_rm lv 23 ok
ecology_rm rm 23 ok
ecology_rm rm 22 ok
ecology_rm ude_lv 23 ok
ecology_rm neural_ode 23 ok
ecology_rm rm 24 ok
ecology_rm neural_ode 24 ok
ecology_rm ude_lv 24 ok
ecology_rm lv 24 ok
ecology_rm lv 25 ok
ecology_rm rm 25 ok
ecology_rm ude_lv 25 ok
ecology_rm rm 26 ok
ecology_rm neural_ode 25 ok
ecology_rm lv 27 ok
ecology_rm lv 26 ok
ecology_rm ude_lv 27 ok
ecology_rm ude_lv 26 ok
ecology_rm rm 27 ok
ecology_rm neural_ode 26 ok
ecology_rm neural_ode 27 ok
ecology_rm rm 28 ok
ecology_rm neural_ode 28 ok
ecology_rm lv 28 ok
ecology_rm ude_lv 29 ok
ecology_rm ude_lv 28 ok
ecology_rm rm 29 ok
ecology_rm lv 29 ok
biochemical_haldane haldane 0 ok
biochemical_haldane mm 1 ok
biochemical_haldane haldane 1 ok
biochemical_haldane ude_mm 1 ok
biochemical_haldane mm 0 ok
ecology_rm neural_ode 29 ok
biochemical_haldane neural_rate 0 ok
biochemical_haldane ude_mm 0 ok
biochemical_haldane mm 2 ok
biochemical_haldane neural_rate 1 ok
biochemical_haldane ude_mm 2 ok
biochemical_haldane mm 3 ok
biochemical_haldane haldane 2 ok
biochemical_haldane haldane 3 ok
biochemical_haldane neural_rate 2 ok
biochemical_haldane ude_mm 3 ok
biochemical_haldane mm 4 ok
biochemical_haldane neural_rate 3 ok
biochemical_haldane neural_rate 4 ok
biochemical_haldane mm 5 ok
biochemical_haldane ude_mm 4 ok
biochemical_haldane ude_mm 5 ok
biochemical_haldane haldane 4 ok
biochemical_haldane haldane 5 ok
biochemical_haldane mm 6 ok
biochemical_haldane neural_rate 5 ok
biochemical_haldane haldane 6 ok
biochemical_haldane ude_mm 6 ok
biochemical_haldane haldane 7 ok
biochemical_haldane mm 7 ok
biochemical_haldane neural_rate 6 ok
biochemical_haldane ude_mm 7 ok
biochemical_haldane neural_rate 7 ok
biochemical_haldane mm 8 ok
biochemical_haldane haldane 8 ok
biochemical_haldane ude_mm 8 ok
biochemical_haldane haldane 9 ok
biochemical_haldane mm 9 ok
biochemical_haldane neural_rate 8 ok
biochemical_haldane ude_mm 9 ok
biochemical_haldane neural_rate 9 ok
biochemical_haldane haldane 10 ok
biochemical_haldane ude_mm 10 ok
biochemical_haldane neural_rate 10 ok
biochemical_haldane mm 10 ok
biochemical_haldane haldane 11 ok
biochemical_haldane ude_mm 11 ok
biochemical_haldane mm 11 ok
biochemical_haldane mm 12 ok
biochemical_haldane haldane 12 ok
biochemical_haldane neural_rate 11 ok
biochemical_haldane neural_rate 12 ok
biochemical_haldane ude_mm 13 ok
biochemical_haldane haldane 13 ok
biochemical_haldane ude_mm 12 ok
biochemical_haldane mm 13 ok
biochemical_haldane mm 14 ok
biochemical_haldane neural_rate 13 ok
biochemical_haldane haldane 14 ok
biochemical_haldane ude_mm 14 ok
biochemical_haldane mm 15 ok
biochemical_haldane haldane 15 ok
biochemical_haldane ude_mm 15 ok
biochemical_haldane neural_rate 14 ok
biochemical_haldane neural_rate 15 ok
biochemical_haldane haldane 16 ok
biochemical_haldane ude_mm 16 ok
biochemical_haldane mm 16 ok
biochemical_haldane neural_rate 16 ok
biochemical_haldane haldane 17 ok
biochemical_haldane mm 17 ok
biochemical_haldane ude_mm 17 ok
biochemical_haldane neural_rate 17 ok
biochemical_haldane haldane 18 ok
biochemical_haldane mm 18 ok
biochemical_haldane mm 19 ok
biochemical_haldane ude_mm 18 ok
biochemical_haldane neural_rate 18 ok
biochemical_haldane ude_mm 19 ok
biochemical_haldane haldane 19 ok
biochemical_haldane mm 20 ok
biochemical_haldane neural_rate 19 ok
biochemical_haldane haldane 20 ok
biochemical_haldane ude_mm 20 ok
biochemical_haldane neural_rate 20 ok
biochemical_haldane mm 21 ok
biochemical_haldane ude_mm 21 ok
biochemical_haldane haldane 21 ok
biochemical_haldane neural_rate 21 ok
biochemical_haldane ude_mm 22 ok
biochemical_haldane mm 23 ok
biochemical_haldane neural_rate 22 ok
biochemical_haldane haldane 22 ok
biochemical_haldane haldane 23 ok
biochemical_haldane mm 22 ok
biochemical_haldane ude_mm 23 ok
biochemical_haldane neural_rate 23 ok
biochemical_haldane haldane 24 ok
biochemical_haldane mm 24 ok
biochemical_haldane ude_mm 24 ok
biochemical_haldane mm 25 ok
biochemical_haldane neural_rate 24 ok
biochemical_haldane haldane 25 ok
biochemical_haldane neural_rate 25 ok
biochemical_haldane ude_mm 25 ok
biochemical_haldane mm 26 ok
biochemical_haldane neural_rate 26 ok
biochemical_haldane ude_mm 26 ok
biochemical_haldane haldane 26 ok
biochemical_haldane mm 27 ok
biochemical_haldane haldane 27 ok
biochemical_haldane mm 28 ok
biochemical_haldane haldane 28 ok
biochemical_haldane ude_mm 27 ok
biochemical_haldane ude_mm 28 ok
biochemical_haldane neural_rate 28 ok
biochemical_haldane neural_rate 27 ok
biochemical_haldane mm 29 ok
biochemical_haldane ude_mm 29 ok
biochemical_ude mm 0 ok
biochemical_haldane neural_rate 29 ok
biochemical_ude haldane 0 ok
biochemical_ude ude_mm 0 ok
biochemical_haldane haldane 29 ok
biochemical_ude neural_rate 0 ok
biochemical_ude mm 1 ok
biochemical_ude haldane 1 ok
biochemical_ude ude_mm 1 ok
biochemical_ude neural_rate 1 ok
biochemical_ude mm 2 ok
biochemical_ude haldane 2 ok
biochemical_ude ude_mm 2 ok
biochemical_ude neural_rate 2 ok
biochemical_ude mm 3 ok
biochemical_ude haldane 3 ok
biochemical_ude ude_mm 3 ok
biochemical_ude mm 4 ok
biochemical_ude haldane 4 ok
biochemical_ude neural_rate 3 ok
biochemical_ude haldane 5 ok
biochemical_ude ude_mm 4 ok
biochemical_ude ude_mm 5 ok
biochemical_ude mm 5 ok
biochemical_ude neural_rate 4 ok
biochemical_ude neural_rate 5 ok
biochemical_ude mm 6 ok
biochemical_ude haldane 6 ok
biochemical_ude ude_mm 6 ok
biochemical_ude mm 7 ok
biochemical_ude neural_rate 6 ok
biochemical_ude mm 8 ok
biochemical_ude neural_rate 7 ok
biochemical_ude ude_mm 7 ok
biochemical_ude haldane 7 ok
biochemical_ude haldane 8 ok
biochemical_ude neural_rate 8 ok
biochemical_ude haldane 9 ok
biochemical_ude ude_mm 9 ok
biochemical_ude ude_mm 8 ok
biochemical_ude mm 9 ok
biochemical_ude neural_rate 9 ok
biochemical_ude mm 10 ok
biochemical_ude mm 11 ok
biochemical_ude ude_mm 10 ok
biochemical_ude neural_rate 10 ok
biochemical_ude haldane 10 ok
biochemical_ude haldane 11 ok
biochemical_ude neural_rate 11 ok
biochemical_ude mm 12 ok
biochemical_ude ude_mm 11 ok
biochemical_ude haldane 12 ok
biochemical_ude ude_mm 12 ok
biochemical_ude neural_rate 12 ok
biochemical_ude mm 13 ok
biochemical_ude ude_mm 13 ok
biochemical_ude haldane 13 ok
biochemical_ude haldane 14 ok
biochemical_ude mm 14 ok
biochemical_ude ude_mm 14 ok
biochemical_ude neural_rate 13 ok
biochemical_ude neural_rate 14 ok
biochemical_ude mm 15 ok
biochemical_ude ude_mm 15 ok
biochemical_ude haldane 15 ok
biochemical_ude haldane 16 ok
biochemical_ude neural_rate 15 ok
biochemical_ude mm 16 ok
biochemical_ude neural_rate 16 ok
biochemical_ude ude_mm 16 ok
biochemical_ude mm 17 ok
biochemical_ude haldane 17 ok
biochemical_ude neural_rate 17 ok
biochemical_ude mm 18 ok
biochemical_ude ude_mm 17 ok
biochemical_ude haldane 18 ok
biochemical_ude ude_mm 18 ok
biochemical_ude neural_rate 18 ok
biochemical_ude ude_mm 19 ok
biochemical_ude haldane 19 ok
biochemical_ude mm 19 ok
biochemical_ude neural_rate 19 ok
biochemical_ude mm 20 ok
biochemical_ude haldane 20 ok
biochemical_ude ude_mm 20 ok
biochemical_ude neural_rate 21 ok
biochemical_ude neural_rate 20 ok
biochemical_ude haldane 21 ok
biochemical_ude mm 21 ok
biochemical_ude ude_mm 21 ok
biochemical_ude mm 22 ok
biochemical_ude haldane 22 ok
biochemical_ude ude_mm 22 ok
biochemical_ude neural_rate 22 ok
biochemical_ude mm 23 ok
biochemical_ude haldane 23 ok
biochemical_ude ude_mm 23 ok
biochemical_ude neural_rate 23 ok
biochemical_ude mm 24 ok
biochemical_ude haldane 24 ok
biochemical_ude neural_rate 24 ok
biochemical_ude ude_mm 24 ok
biochemical_ude haldane 25 ok
biochemical_ude mm 25 ok
biochemical_ude ude_mm 25 ok
biochemical_ude neural_rate 25 ok
biochemical_ude ude_mm 26 ok
biochemical_ude haldane 26 ok
biochemical_ude mm 26 ok
biochemical_ude neural_rate 26 ok
biochemical_ude mm 27 ok
biochemical_ude haldane 27 ok
biochemical_ude ude_mm 27 ok
biochemical_ude neural_rate 27 ok
biochemical_ude haldane 28 ok
biochemical_ude mm 28 ok
biochemical_ude neural_rate 28 ok
biochemical_ude ude_mm 28 ok
biochemical_ude haldane 29 ok
biochemical_ude mm 29 ok
biochemical_ude ude_mm 29 ok
biochemical_ude neural_rate 29 ok
fhn_standard fhn 0 ok
fhn_standard tv_fhn 0 ok
fhn_standard ude_fhn 0 ok
fhn_standard neural_ode 0 ok
fhn_standard fhn 1 ok
fhn_standard tv_fhn 1 ok
fhn_standard ude_fhn 1 ok
fhn_standard fhn 2 ok
fhn_standard neural_ode 1 ok
fhn_standard ude_fhn 2 ok
fhn_standard tv_fhn 2 ok
fhn_standard fhn 3 ok
fhn_standard neural_ode 2 ok
fhn_standard ude_fhn 3 ok
fhn_standard tv_fhn 3 ok
fhn_standard fhn 4 ok
fhn_standard neural_ode 3 ok
fhn_standard ude_fhn 4 ok
fhn_standard tv_fhn 4 ok
fhn_standard fhn 5 ok
fhn_standard neural_ode 4 ok
fhn_standard tv_fhn 5 ok
fhn_standard ude_fhn 5 ok
fhn_standard neural_ode 5 ok
fhn_standard fhn 6 ok
fhn_standard tv_fhn 6 ok
fhn_standard ude_fhn 6 ok
fhn_standard neural_ode 6 ok
fhn_standard tv_fhn 7 ok
fhn_standard fhn 7 ok
fhn_standard ude_fhn 7 ok
fhn_standard neural_ode 7 ok
fhn_standard fhn 8 ok
fhn_standard tv_fhn 8 ok
fhn_standard ude_fhn 8 ok
fhn_standard neural_ode 8 ok
fhn_standard fhn 9 ok
fhn_standard tv_fhn 9 ok
fhn_standard ude_fhn 9 ok
fhn_standard tv_fhn 10 ok
fhn_standard fhn 10 ok
fhn_standard neural_ode 9 ok
fhn_standard ude_fhn 10 ok
fhn_standard neural_ode 10 ok
fhn_standard fhn 11 ok
fhn_standard tv_fhn 11 ok
fhn_standard ude_fhn 11 ok
fhn_standard tv_fhn 12 ok
fhn_standard neural_ode 11 ok
fhn_standard fhn 12 ok
fhn_standard ude_fhn 12 ok
fhn_standard neural_ode 12 ok
fhn_standard fhn 13 ok
fhn_standard tv_fhn 13 ok
fhn_standard ude_fhn 13 ok
fhn_standard fhn 14 ok
fhn_standard tv_fhn 14 ok
fhn_standard neural_ode 13 ok
fhn_standard ude_fhn 14 ok
fhn_standard neural_ode 14 ok
fhn_standard tv_fhn 15 ok
fhn_standard fhn 15 ok
fhn_standard ude_fhn 15 ok
fhn_standard ude_fhn 16 ok
fhn_standard tv_fhn 16 ok
fhn_standard neural_ode 15 ok
fhn_standard neural_ode 16 ok
fhn_standard fhn 16 ok
fhn_standard fhn 17 ok
fhn_standard tv_fhn 17 ok
fhn_standard neural_ode 17 ok
fhn_standard ude_fhn 17 ok
fhn_standard tv_fhn 18 ok
fhn_standard ude_fhn 18 ok
fhn_standard fhn 18 ok
fhn_standard fhn 19 ok
fhn_standard neural_ode 18 ok
fhn_standard tv_fhn 19 ok
fhn_standard ude_fhn 19 ok
fhn_standard neural_ode 19 ok
fhn_standard fhn 20 ok
fhn_standard ude_fhn 20 ok
fhn_standard tv_fhn 20 ok
fhn_standard fhn 21 ok
fhn_standard neural_ode 20 ok
fhn_standard tv_fhn 21 ok
fhn_standard ude_fhn 21 ok
fhn_standard neural_ode 21 ok
fhn_standard fhn 22 ok
fhn_standard tv_fhn 22 ok
fhn_standard fhn 23 ok
fhn_standard neural_ode 22 ok
fhn_standard ude_fhn 22 ok
fhn_standard ude_fhn 23 ok
fhn_standard tv_fhn 23 ok
fhn_standard neural_ode 23 ok
fhn_standard fhn 24 ok
fhn_standard tv_fhn 24 ok
fhn_standard tv_fhn 25 ok
fhn_standard fhn 25 ok
fhn_standard neural_ode 24 ok
fhn_standard ude_fhn 24 ok
fhn_standard ude_fhn 25 ok
fhn_standard fhn 26 ok
fhn_standard ude_fhn 26 ok
fhn_standard neural_ode 25 ok
fhn_standard fhn 27 ok
fhn_standard tv_fhn 26 ok
fhn_standard tv_fhn 27 ok
fhn_standard neural_ode 26 ok
fhn_standard ude_fhn 27 ok
fhn_standard fhn 28 ok
fhn_standard neural_ode 27 ok
fhn_standard ude_fhn 28 ok
fhn_standard tv_fhn 29 ok
fhn_standard fhn 29 ok
fhn_standard neural_ode 28 ok
fhn_standard tv_fhn 28 ok
fhn_standard ude_fhn 29 ok
fhn_standard neural_ode 29 ok
fhn_ude tv_fhn 0 ok
fhn_ude ude_fhn 0 ok
fhn_ude fhn 1 ok
fhn_ude fhn 0 ok
fhn_ude tv_fhn 1 ok
fhn_ude neural_ode 0 ok
fhn_ude neural_ode 1 ok
fhn_ude ude_fhn 1 ok
fhn_ude fhn 2 ok
fhn_ude ude_fhn 2 ok
fhn_ude tv_fhn 2 ok
fhn_ude fhn 3 ok
fhn_ude ude_fhn 3 ok
fhn_ude neural_ode 3 ok
fhn_ude neural_ode 2 ok
fhn_ude tv_fhn 3 ok
fhn_ude fhn 4 ok
fhn_ude fhn 5 ok
fhn_ude tv_fhn 5 ok
fhn_ude ude_fhn 4 ok
fhn_ude fhn 6 ok
fhn_ude ude_fhn 5 ok
fhn_ude tv_fhn 4 ok
fhn_ude neural_ode 5 ok
fhn_ude neural_ode 4 ok
fhn_ude tv_fhn 6 ok
fhn_ude ude_fhn 6 ok
fhn_ude neural_ode 6 ok
fhn_ude fhn 7 ok
fhn_ude neural_ode 7 ok
fhn_ude ude_fhn 7 ok
fhn_ude tv_fhn 7 ok
fhn_ude fhn 8 ok
fhn_ude tv_fhn 8 ok
fhn_ude fhn 9 ok
fhn_ude tv_fhn 9 ok
fhn_ude neural_ode 8 ok
fhn_ude neural_ode 9 ok
fhn_ude ude_fhn 8 ok
fhn_ude fhn 10 ok
fhn_ude fhn 11 ok
fhn_ude tv_fhn 10 ok
fhn_ude tv_fhn 11 ok
fhn_ude neural_ode 10 ok
fhn_ude neural_ode 11 ok
fhn_ude fhn 12 ok
fhn_ude ude_fhn 9 ok
fhn_ude ude_fhn 11 ok
fhn_ude ude_fhn 10 ok
fhn_ude fhn 13 ok
fhn_ude tv_fhn 12 ok
fhn_ude neural_ode 12 ok
fhn_ude tv_fhn 13 ok
fhn_ude ude_fhn 12 ok
fhn_ude fhn 14 ok
fhn_ude neural_ode 13 ok
fhn_ude fhn 15 ok
fhn_ude tv_fhn 14 ok
fhn_ude ude_fhn 13 ok
fhn_ude tv_fhn 15 ok
fhn_ude neural_ode 14 ok
fhn_ude ude_fhn 14 ok
fhn_ude neural_ode 15 ok
fhn_ude fhn 16 ok
fhn_ude ude_fhn 15 ok
fhn_ude fhn 17 ok
fhn_ude tv_fhn 16 ok
fhn_ude neural_ode 16 ok
fhn_ude ude_fhn 16 ok
fhn_ude tv_fhn 17 ok
fhn_ude fhn 18 ok
fhn_ude neural_ode 17 ok
fhn_ude tv_fhn 18 ok
fhn_ude ude_fhn 17 ok
fhn_ude fhn 19 ok
fhn_ude neural_ode 18 ok
fhn_ude ude_fhn 18 ok
fhn_ude tv_fhn 19 ok
fhn_ude neural_ode 19 ok
fhn_ude fhn 20 ok
fhn_ude ude_fhn 19 ok
fhn_ude tv_fhn 20 ok
fhn_ude fhn 21 ok
fhn_ude neural_ode 20 ok
fhn_ude tv_fhn 21 ok
fhn_ude ude_fhn 20 ok
fhn_ude fhn 22 ok
fhn_ude neural_ode 21 ok
fhn_ude tv_fhn 22 ok
fhn_ude ude_fhn 21 ok
fhn_ude fhn 23 ok
fhn_ude neural_ode 22 ok
fhn_ude tv_fhn 23 ok
fhn_ude ude_fhn 22 ok
fhn_ude fhn 24 ok
fhn_ude neural_ode 23 ok
fhn_ude ude_fhn 23 ok
fhn_ude tv_fhn 24 ok
fhn_ude fhn 25 ok
fhn_ude neural_ode 24 ok
fhn_ude tv_fhn 25 ok
fhn_ude ude_fhn 24 ok
fhn_ude fhn 26 ok
fhn_ude neural_ode 25 ok
fhn_ude tv_fhn 26 ok
fhn_ude ude_fhn 25 ok
fhn_ude neural_ode 26 ok
fhn_ude fhn 27 ok
fhn_ude ude_fhn 26 ok
fhn_ude tv_fhn 27 ok
fhn_ude neural_ode 27 ok
fhn_ude fhn 28 ok
fhn_ude tv_fhn 28 ok
fhn_ude ude_fhn 27 ok
fhn_ude neural_ode 28 ok
fhn_ude fhn 29 ok
fhn_ude ude_fhn 28 ok
fhn_ude tv_fhn 29 ok
fhn_ude neural_ode 29 ok
fhn_ude ude_fhn 29 ok
