early_seir_infected_only sir 1 ok
early_seir_infected_only sir 0 ok
early_seir_infected_only tv_sir 0 ok
early_seir_infected_only tv_sir 1 ok
early_seir_infected_only neural_ode_h2 1 ok
early_seir_infected_only sir 2 ok
early_seir_infected_only neural_ode_h2 0 ok
early_seir_infected_only ude_sir_h2 0 ok
early_seir_infected_only ude_sir_h2 1 ok
early_seir_infected_only sir 3 ok
early_seir_infected_only tv_sir 2 ok
early_seir_infected_only neural_ode_h2 2 ok
early_seir_infected_only sir 4 ok
early_seir_infected_only tv_sir 3 ok
early_seir_infected_only ude_sir_h2 2 ok
early_seir_infected_only tv_sir 4 ok
early_seir_infected_only neural_ode_h2 3 ok
early_seir_infected_only ude_sir_h2 3 ok
early_seir_infected_only sir 5 ok
early_seir_infected_only ude_sir_h2 4 ok
early_seir_infected_only tv_sir 5 ok
early_seir_infected_only sir 6 ok
early_seir_infected_only neural_ode_h2 4 ok
early_seir_infected_only neural_ode_h2 5 ok
early_seir_infected_only tv_sir 6 ok
early_seir_infected_only sir 7 ok
early_seir_infected_only ude_sir_h2 5 ok
early_seir_infected_only neural_ode_h2 6 ok
early_seir_infected_only tv_sir 7 ok
early_seir_infected_only ude_sir_h2 6 ok
early_seir_infected_only sir 8 ok
early_seir_infected_only ude_sir_h2 7 ok
early_seir_infected_only tv_sir 8 ok
early_seir_infected_only sir 9 ok
early_seir_infected_only neural_ode_h2 7 ok
early_seir_infected_only sir 10 ok
early_seir_infected_only tv_sir 9 ok
early_seir_infected_only neural_ode_h2 8 ok
early_seir_infected_only ude_sir_h2 8 ok
early_seir_infected_only tv_sir 10 ok
early_seir_infected_only neural_ode_h2 9 ok
early_seir_infected_only sir 11 ok
early_seir_infected_only ude_sir_h2 9 ok
early_seir_infected_only tv_sir 11 ok
early_seir_infected_only sir 12 ok
early_seir_infected_only neural_ode_h2 10 ok
early_seir_infected_only ude_sir_h2 10 ok
early_seir_infected_only neural_ode_h2 11 ok
early_seir_infected_only tv_sir 12 ok
early_seir_infected_only sir 13 ok
early_seir_infected_only ude_sir_h2 11 ok
early_seir_infected_only neural_ode_h2 12 ok
early_seir_infected_only tv_sir 13 ok
early_seir_infected_only sir 14 ok
early_seir_infected_only ude_sir_h2 12 ok
early_seir_infected_only tv_sir 14 ok
early_seir_infected_only sir 15 ok
early_seir_infected_only ude_sir_h2 13 ok
early_seir_infected_only neural_ode_h2 13 ok
early_seir_infected_only tv_sir 15 ok
early_seir_infected_only ude_sir_h2 14 ok
early_seir_infected_only neural_ode_h2 14 ok
early_seir_infected_only sir 16 ok
early_seir_infected_only ude_sir_h2 15 ok
early_seir_infected_only sir 17 ok
early_seir_infected_only tv_sir 16 ok
early_seir_infected_only neural_ode_h2 15 ok
early_seir_infected_only sir 18 ok
early_seir_infected_only tv_sir 17 ok
early_seir_infected_only neural_ode_h2 16 ok
early_seir_infected_only ude_sir_h2 16 ok
early_seir_infected_only tv_sir 18 ok
early_seir_infected_only neural_ode_h2 17 ok
early_seir_infected_only sir 19 ok
early_seir_infected_only ude_sir_h2 17 ok
early_seir_infected_only ude_sir_h2 18 ok
early_seir_infected_only tv_sir 19 ok
early_seir_infected_only neural_ode_h2 18 ok
early_seir_infected_only sir 20 ok
early_seir_infected_only neural_ode_h2 19 ok
early_seir_infected_only tv_sir 20 ok
early_seir_infected_only sir 21 ok
early_seir_infected_only ude_sir_h2 19 ok
early_seir_infected_only tv_sir 21 ok
early_seir_infected_only neural_ode_h2 20 ok
early_seir_infected_only sir 22 ok
early_seir_infected_only ude_sir_h2 20 ok
early_seir_infected_only tv_sir 22 ok
early_seir_infected_only neural_ode_h2 21 ok
early_seir_infected_only sir 23 ok
early_seir_infected_only ude_sir_h2 21 ok
early_seir_infected_only neural_ode_h2 22 ok
early_seir_infected_only tv_sir 23 ok
early_seir_infected_only sir 24 ok
early_seir_infected_only ude_sir_h2 22 ok
early_seir_infected_only ude_sir_h2 23 ok
early_seir_infected_only sir 25 ok
early_seir_infected_only tv_sir 24 ok
early_seir_infected_only neural_ode_h2 23 ok
early_seir_infected_only tv_sir 25 ok
early_seir_infected_only ude_sir_h2 24 ok
early_seir_infected_only neural_ode_h2 24 ok
early_seir_infected_only sir 26 ok
early_seir_infected_only tv_sir 26 ok
early_seir_infected_only ude_sir_h2 25 ok
early_seir_infected_only neural_ode_h2 25 ok
early_seir_infected_only sir 27 ok
early_seir_infected_only neural_ode_h2 26 ok
early_seir_infected_only sir 28 ok
early_seir_infected_only tv_sir 27 ok
early_seir_infected_only ude_sir_h2 26 ok
early_seir_infected_only tv_sir 28 ok
early_seir_infected_only sir 29 ok
early_seir_infected_only neural_ode_h2 27 ok
early_seir_infected_only ude_sir_h2 27 ok
early_seir_infected_only ude_sir_h2 28 ok
early_seir_infected_only tv_sir 29 ok
early_seir_infected_only sir 30 ok
early_seir_infected_only neural_ode_h2 28 ok
early_seir_infected_only ude_sir_h2 29 ok
early_seir_infected_only neural_ode_h2 29 ok
early_seir_infected_only sir 31 ok
early_seir_infected_only tv_sir 30 ok
early_seir_infected_only neural_ode_h2 30 ok
early_seir_infected_only tv_sir 31 ok
early_seir_infected_only ude_sir_h2 30 ok
early_seir_infected_only sir 32 ok
early_seir_infected_only ude_sir_h2 31 ok
early_seir_infected_only sir 33 ok
early_seir_infected_only tv_sir 32 ok
early_seir_infected_only neural_ode_h2 31 ok
early_seir_infected_only ude_sir_h2 32 ok
early_seir_infected_only tv_sir 33 ok
early_seir_infected_only neural_ode_h2 32 ok
early_seir_infected_only sir 34 ok
early_seir_infected_only tv_sir 34 ok
early_seir_infected_only ude_sir_h2 33 ok
early_seir_infected_only sir 35 ok
early_seir_infected_only neural_ode_h2 33 ok
early_seir_infected_only sir 36 ok
early_seir_infected_only ude_sir_h2 34 ok
early_seir_infected_only tv_sir 35 ok
early_seir_infected_only neural_ode_h2 34 ok
early_seir_infected_only tv_sir 36 ok
early_seir_infected_only neural_ode_h2 35 ok
early_seir_infected_only ude_sir_h2 35 ok
early_seir_infected_only sir 37 ok
early_seir_infected_only tv_sir 37 ok
early_seir_infected_only sir 38 ok
early_seir_infected_only ude_sir_h2 36 ok
early_seir_infected_only neural_ode_h2 36 ok
early_seir_infected_only tv_sir 38 ok
early_seir_infected_only neural_ode_h2 37 ok
early_seir_infected_only ude_sir_h2 37 ok
early_seir_infected_only sir 39 ok
early_seir_infected_only tv_sir 39 ok
early_seir_infected_only neural_ode_h2 38 ok
early_seir_infected_only ude_sir_h2 38 ok
early_seir_infected_only ude_sir_h2 39 ok
early_seir_infected_only neural_ode_h2 39 ok
missing_neural_feedback sir 0 ok
missing_neural_feedback sir 1 ok
missing_neural_feedback tv_sir 0 ok
missing_neural_feedback tv_sir 1 ok
missing_neural_feedback sir 2 ok
missing_neural_feedback neural_ode_h2 0 ok
missing_neural_feedback tv_sir 2 ok
missing_neural_feedback sir 3 ok
missing_neural_feedback ude_sir_h2 0 ok
missing_neural_feedback neural_ode_h2 1 ok
missing_neural_feedback ude_sir_h2 1 ok
missing_neural_feedback sir 4 ok
missing_neural_feedback tv_sir 3 ok
missing_neural_feedback neural_ode_h2 2 ok
missing_neural_feedback ude_sir_h2 2 ok
missing_neural_feedback tv_sir 4 ok
missing_neural_feedback sir 5 ok
missing_neural_feedback neural_ode_h2 3 ok
missing_neural_feedback ude_sir_h2 3 ok
missing_neural_feedback tv_sir 5 ok
missing_neural_feedback sir 6 ok
missing_neural_feedback neural_ode_h2 4 ok
missing_neural_feedback ude_sir_h2 4 ok
missing_neural_feedback tv_sir 6 ok
missing_neural_feedback sir 7 ok
missing_neural_feedback neural_ode_h2 5 ok
missing_neural_feedback ude_sir_h2 5 ok
missing_neural_feedback tv_sir 7 ok
missing_neural_feedback sir 8 ok
missing_neural_feedback neural_ode_h2 6 ok
missing_neural_feedback ude_sir_h2 6 ok
missing_neural_feedback tv_sir 8 ok
missing_neural_feedback sir 9 ok
missing_neural_feedback neural_ode_h2 7 ok
missing_neural_feedback ude_sir_h2 7 ok
missing_neural_feedback tv_sir 9 ok
missing_neural_feedback sir 10 ok
missing_neural_feedback neural_ode_h2 8 ok
missing_neural_feedback ude_sir_h2 8 ok
missing_neural_feedback sir 11 ok
missing_neural_feedback tv_sir 10 ok
missing_neural_feedback neural_ode_h2 9 ok
missing_neural_feedback ude_sir_h2 9 ok
missing_neural_feedback sir 12 ok
missing_neural_feedback tv_sir 11 ok
missing_neural_feedback ude_sir_h2 10 ok
missing_neural_feedback neural_ode_h2 10 ok
missing_neural_feedback tv_sir 12 ok
missing_neural_feedback sir 13 ok
missing_neural_feedback ude_sir_h2 11 ok
missing_neural_feedback neural_ode_h2 11 ok
missing_neural_feedback sir 14 ok
missing_neural_feedback tv_sir 13 ok
missing_neural_feedback neural_ode_h2 12 ok
missing_neural_feedback ude_sir_h2 12 ok
missing_neural_feedback sir 15 ok
missing_neural_feedback tv_sir 14 ok
missing_neural_feedback neural_ode_h2 13 ok
missing_neural_feedback ude_sir_h2 13 ok
missing_neural_feedback tv_sir 15 ok
missing_neural_feedback sir 16 ok
missing_neural_feedback neural_ode_h2 14 ok
missing_neural_feedback ude_sir_h2 14 ok
missing_neural_feedback tv_sir 16 ok
missing_neural_feedback sir 17 ok
missing_neural_feedback ude_sir_h2 15 ok
missing_neural_feedback neural_ode_h2 15 ok
missing_neural_feedback tv_sir 17 ok
missing_neural_feedback sir 18 ok
missing_neural_feedback ude_sir_h2 16 ok
missing_neural_feedback neural_ode_h2 16 ok
missing_neural_feedback sir 19 ok
missing_neural_feedback tv_sir 18 ok
missing_neural_feedback neural_ode_h2 17 ok
missing_neural_feedback ude_sir_h2 17 ok
missing_neural_feedback tv_sir 19 ok
missing_neural_feedback sir 20 ok
missing_neural_feedback ude_sir_h2 18 ok
missing_neural_feedback neural_ode_h2 18 ok
missing_neural_feedback sir 21 ok
missing_neural_feedback tv_sir 20 ok
missing_neural_feedback neural_ode_h2 19 ok
missing_neural_feedback ude_sir_h2 19 ok
missing_neural_feedback sir 22 ok
missing_neural_feedback tv_sir 21 ok
missing_neural_feedback ude_sir_h2 20 ok
missing_neural_feedback neural_ode_h2 20 ok
missing_neural_feedback tv_sir 22 ok
missing_neural_feedback sir 23 ok
missing_neural_feedback neural_ode_h2 21 ok
missing_neural_feedback ude_sir_h2 21 ok
missing_neural_feedback tv_sir 23 ok
missing_neural_feedback sir 24 ok
missing_neural_feedback ude_sir_h2 22 ok
missing_neural_feedback neural_ode_h2 22 ok
missing_neural_feedback tv_sir 24 ok
missing_neural_feedback sir 25 ok
missing_neural_feedback neural_ode_h2 23 ok
missing_neural_feedback ude_sir_h2 23 ok
missing_neural_feedback tv_sir 25 ok
missing_neural_feedback sir 26 ok
missing_neural_feedback ude_sir_h2 24 ok
missing_neural_feedback neural_ode_h2 24 ok
missing_neural_feedback sir 27 ok
missing_neural_feedback tv_sir 26 ok
missing_neural_feedback ude_sir_h2 25 ok
missing_neural_feedback neural_ode_h2 25 ok
missing_neural_feedback tv_sir 27 ok
missing_neural_feedback sir 28 ok
missing_neural_feedback ude_sir_h2 26 ok
missing_neural_feedback neural_ode_h2 26 ok
missing_neural_feedback tv_sir 28 ok
missing_neural_feedback sir 29 ok
missing_neural_feedback ude_sir_h2 27 ok
missing_neural_feedback neural_ode_h2 27 ok
missing_neural_feedback sir 30 ok
missing_neural_feedback tv_sir 29 ok
missing_neural_feedback ude_sir_h2 28 ok
missing_neural_feedback neural_ode_h2 28 ok
missing_neural_feedback tv_sir 30 ok
missing_neural_feedback sir 31 ok
missing_neural_feedback ude_sir_h2 29 ok
missing_neural_feedback neural_ode_h2 29 ok
missing_neural_feedback tv_sir 31 ok
missing_neural_feedback sir 32 ok
missing_neural_feedback ude_sir_h2 30 ok
missing_neural_feedback neural_ode_h2 30 ok
missing_neural_feedback tv_sir 32 ok
missing_neural_feedback sir 33 ok
missing_neural_feedback ude_sir_h2 31 ok
missing_neural_feedback neural_ode_h2 31 ok
missing_neural_feedback sir 34 ok
missing_neural_feedback tv_sir 33 ok
missing_neural_feedback neural_ode_h2 32 ok
missing_neural_feedback ude_sir_h2 32 ok
missing_neural_feedback tv_sir 34 ok
missing_neural_feedback sir 35 ok
missing_neural_feedback ude_sir_h2 33 ok
missing_neural_feedback neural_ode_h2 33 ok
missing_neural_feedback sir 36 ok
missing_neural_feedback tv_sir 35 ok
missing_neural_feedback ude_sir_h2 34 ok
missing_neural_feedback neural_ode_h2 34 ok
missing_neural_feedback sir 37 ok
missing_neural_feedback tv_sir 36 ok
missing_neural_feedback neural_ode_h2 35 ok
missing_neural_feedback ude_sir_h2 35 ok
missing_neural_feedback tv_sir 37 ok
missing_neural_feedback sir 38 ok
missing_neural_feedback neural_ode_h2 36 ok
missing_neural_feedback ude_sir_h2 36 ok
missing_neural_feedback sir 39 ok
missing_neural_feedback tv_sir 38 ok
missing_neural_feedback ude_sir_h2 37 ok
missing_neural_feedback neural_ode_h2 37 ok
missing_neural_feedback tv_sir 39 ok
missing_neural_feedback neural_ode_h2 38 ok
missing_neural_feedback ude_sir_h2 38 ok
missing_neural_feedback ude_sir_h2 39 ok
missing_neural_feedback neural_ode_h2 39 ok
