regular_sir_full sir 0 ok
regular_sir_full sir 1 ok
regular_sir_full seir 0 ok
regular_sir_full seir 1 ok
regular_sir_full tv_sir 0 ok
regular_sir_full tv_sir 1 ok
regular_sir_full neural_ode_h2 0 ok
regular_sir_full sir 2 ok
regular_sir_full ude_sir_h2 0 ok
regular_sir_full seir 2 ok
regular_sir_full tv_sir 2 ok
regular_sir_full neural_ode_h2 1 ok
regular_sir_full sir 3 ok
regular_sir_full seir 3 ok
regular_sir_full ude_sir_h2 1 ok
regular_sir_full tv_sir 3 ok
regular_sir_full ude_sir_h2 2 ok
regular_sir_full neural_ode_h2 2 ok
regular_sir_full sir 4 ok
regular_sir_full seir 4 ok
regular_sir_full tv_sir 4 ok
regular_sir_full sir 5 ok
regular_sir_full neural_ode_h2 3 ok
regular_sir_full seir 5 ok
regular_sir_full ude_sir_h2 3 ok
regular_sir_full neural_ode_h2 4 ok
regular_sir_full tv_sir 5 ok
regular_sir_full sir 6 ok
regular_sir_full seir 6 ok
regular_sir_full ude_sir_h2 4 ok
regular_sir_full tv_sir 6 ok
regular_sir_full ude_sir_h2 5 ok
regular_sir_full neural_ode_h2 5 ok
regular_sir_full sir 7 ok
regular_sir_full seir 7 ok
regular_sir_full tv_sir 7 ok
regular_sir_full sir 8 ok
regular_sir_full neural_ode_h2 6 ok
regular_sir_full seir 8 ok
regular_sir_full ude_sir_h2 6 ok
regular_sir_full tv_sir 8 ok
regular_sir_full neural_ode_h2 7 ok
regular_sir_full sir 9 ok
regular_sir_full ude_sir_h2 7 ok
regular_sir_full seir 9 ok
regular_sir_full sir 10 ok
regular_sir_full tv_sir 9 ok
regular_sir_full neural_ode_h2 8 ok
regular_sir_full ude_sir_h2 8 ok
regular_sir_full seir 10 ok
regular_sir_full neural_ode_h2 9 ok
regular_sir_full tv_sir 10 ok
regular_sir_full sir 11 ok
regular_sir_full ude_sir_h2 9 ok
regular_sir_full seir 11 ok
regular_sir_full tv_sir 11 ok
regular_sir_full sir 12 ok
regular_sir_full neural_ode_h2 10 ok
regular_sir_full ude_sir_h2 10 ok
regular_sir_full seir 12 ok
regular_sir_full sir 13 ok
regular_sir_full tv_sir 12 ok
regular_sir_full neural_ode_h2 11 ok
regular_sir_full ude_sir_h2 11 ok
regular_sir_full seir 13 ok
regular_sir_full tv_sir 13 ok
regular_sir_full neural_ode_h2 12 ok
regular_sir_full sir 14 ok
regular_sir_full ude_sir_h2 12 ok
regular_sir_full seir 14 ok
regular_sir_full sir 15 ok
regular_sir_full tv_sir 14 ok
regular_sir_full neural_ode_h2 13 ok
regular_sir_full seir 15 ok
regular_sir_full ude_sir_h2 13 ok
regular_sir_full tv_sir 15 ok
regular_sir_full sir 16 ok
regular_sir_full neural_ode_h2 14 ok
regular_sir_full ude_sir_h2 14 ok
regular_sir_full seir 16 ok
regular_sir_full tv_sir 16 ok
regular_sir_full sir 17 ok
regular_sir_full neural_ode_h2 15 ok
regular_sir_full ude_sir_h2 15 ok
regular_sir_full seir 17 ok
regular_sir_full tv_sir 17 ok
regular_sir_full sir 18 ok
regular_sir_full neural_ode_h2 16 ok
regular_sir_full ude_sir_h2 16 ok
regular_sir_full seir 18 ok
regular_sir_full tv_sir 18 ok
regular_sir_full neural_ode_h2 17 ok
regular_sir_full sir 19 ok
regular_sir_full ude_sir_h2 17 ok
regular_sir_full seir 19 ok
early_seir_infected_only sir 0 ok
early_seir_infected_only seir 0 ok
regular_sir_full tv_sir 19 ok
early_seir_infected_only tv_sir 0 ok
regular_sir_full ude_sir_h2 18 ok
regular_sir_full neural_ode_h2 18 ok
early_seir_infected_only sir 1 ok
early_seir_infected_only seir 1 ok
early_seir_infected_only neural_ode_h2 0 ok
early_seir_infected_only ude_sir_h2 0 ok
regular_sir_full neural_ode_h2 19 ok
early_seir_infected_only tv_sir 1 ok
regular_sir_full ude_sir_h2 19 ok
early_seir_infected_only sir 2 ok
early_seir_infected_only ude_sir_h2 1 ok
early_seir_infected_only seir 2 ok
early_seir_infected_only neural_ode_h2 1 ok
early_seir_infected_only sir 3 ok
early_seir_infected_only tv_sir 2 ok
early_seir_infected_only seir 3 ok
early_seir_infected_only sir 4 ok
early_seir_infected_only neural_ode_h2 2 ok
early_seir_infected_only ude_sir_h2 2 ok
early_seir_infected_only tv_sir 3 ok
early_seir_infected_only seir 4 ok
early_seir_infected_only neural_ode_h2 3 ok
early_seir_infected_only tv_sir 4 ok
early_seir_infected_only sir 5 ok
early_seir_infected_only ude_sir_h2 3 ok
early_seir_infected_only seir 5 ok
early_seir_infected_only tv_sir 5 ok
early_seir_infected_only sir 6 ok
early_seir_infected_only neural_ode_h2 4 ok
early_seir_infected_only ude_sir_h2 4 ok
early_seir_infected_only seir 6 ok
early_seir_infected_only tv_sir 6 ok
early_seir_infected_only sir 7 ok
early_seir_infected_only neural_ode_h2 5 ok
early_seir_infected_only ude_sir_h2 5 ok
early_seir_infected_only seir 7 ok
early_seir_infected_only tv_sir 7 ok
early_seir_infected_only sir 8 ok
early_seir_infected_only neural_ode_h2 6 ok
early_seir_infected_only ude_sir_h2 6 ok
early_seir_infected_only seir 8 ok
early_seir_infected_only tv_sir 8 ok
early_seir_infected_only neural_ode_h2 7 ok
early_seir_infected_only sir 9 ok
early_seir_infected_only ude_sir_h2 7 ok
early_seir_infected_only seir 9 ok
early_seir_infected_only tv_sir 9 ok
early_seir_infected_only neural_ode_h2 8 ok
early_seir_infected_only ude_sir_h2 8 ok
early_seir_infected_only sir 10 ok
early_seir_infected_only seir 10 ok
early_seir_infected_only tv_sir 10 ok
early_seir_infected_only sir 11 ok
early_seir_infected_only neural_ode_h2 9 ok
early_seir_infected_only ude_sir_h2 9 ok
early_seir_infected_only seir 11 ok
early_seir_infected_only tv_sir 11 ok
early_seir_infected_only sir 12 ok
early_seir_infected_only neural_ode_h2 10 ok
early_seir_infected_only ude_sir_h2 10 ok
early_seir_infected_only seir 12 ok
early_seir_infected_only tv_sir 12 ok
early_seir_infected_only neural_ode_h2 11 ok
early_seir_infected_only sir 13 ok
early_seir_infected_only ude_sir_h2 11 ok
early_seir_infected_only seir 13 ok
early_seir_infected_only tv_sir 13 ok
early_seir_infected_only sir 14 ok
early_seir_infected_only neural_ode_h2 12 ok
early_seir_infected_only ude_sir_h2 12 ok
early_seir_infected_only seir 14 ok
early_seir_infected_only sir 15 ok
early_seir_infected_only tv_sir 14 ok
early_seir_infected_only neural_ode_h2 13 ok
early_seir_infected_only ude_sir_h2 13 ok
early_seir_infected_only seir 15 ok
early_seir_infected_only tv_sir 15 ok
early_seir_infected_only neural_ode_h2 14 ok
early_seir_infected_only sir 16 ok
early_seir_infected_only ude_sir_h2 14 ok
early_seir_infected_only seir 16 ok
early_seir_infected_only tv_sir 16 ok
early_seir_infected_only sir 17 ok
early_seir_infected_only neural_ode_h2 15 ok
early_seir_infected_only ude_sir_h2 15 ok
early_seir_infected_only seir 17 ok
early_seir_infected_only tv_sir 17 ok
early_seir_infected_only sir 18 ok
early_seir_infected_only neural_ode_h2 16 ok
early_seir_infected_only ude_sir_h2 16 ok
early_seir_infected_only seir 18 ok
early_seir_infected_only tv_sir 18 ok
early_seir_infected_only neural_ode_h2 17 ok
early_seir_infected_only ude_sir_h2 17 ok
early_seir_infected_only sir 19 ok
early_seir_infected_only seir 19 ok
early_seir_infected_only tv_sir 19 ok
early_seir_infected_only neural_ode_h2 18 ok
early_seir_infected_only ude_sir_h2 18 ok
early_seir_infected_only neural_ode_h2 19 ok
early_seir_infected_only ude_sir_h2 19 ok
missing_time_varying_transmission sir 0 ok
missing_time_varying_transmission seir 0 ok
missing_time_varying_transmission sir 1 ok
missing_time_varying_transmission tv_sir 0 ok
missing_time_varying_transmission seir 1 ok
missing_time_varying_transmission sir 2 ok
missing_time_varying_transmission tv_sir 1 ok
missing_time_varying_transmission neural_ode_h2 0 ok
missing_time_varying_transmission ude_sir_h2 0 ok
missing_time_varying_transmission seir 2 ok
missing_time_varying_transmission neural_ode_h2 1 ok
missing_time_varying_transmission ude_sir_h2 1 ok
missing_time_varying_transmission sir 3 ok
missing_time_varying_transmission tv_sir 2 ok
missing_time_varying_transmission seir 3 ok
missing_time_varying_transmission sir 4 ok
missing_time_varying_transmission neural_ode_h2 2 ok
missing_time_varying_transmission tv_sir 3 ok
missing_time_varying_transmission seir 4 ok
missing_time_varying_transmission ude_sir_h2 2 ok
missing_time_varying_transmission neural_ode_h2 3 ok
missing_time_varying_transmission sir 5 ok
missing_time_varying_transmission tv_sir 4 ok
missing_time_varying_transmission ude_sir_h2 3 ok
missing_time_varying_transmission seir 5 ok
missing_time_varying_transmission tv_sir 5 ok
missing_time_varying_transmission neural_ode_h2 4 ok
missing_time_varying_transmission sir 6 ok
missing_time_varying_transmission ude_sir_h2 4 ok
missing_time_varying_transmission seir 6 ok
missing_time_varying_transmission tv_sir 6 ok
missing_time_varying_transmission sir 7 ok
missing_time_varying_transmission neural_ode_h2 5 ok
missing_time_varying_transmission seir 7 ok
missing_time_varying_transmission ude_sir_h2 5 ok
missing_time_varying_transmission neural_ode_h2 6 ok
missing_time_varying_transmission sir 8 ok
missing_time_varying_transmission tv_sir 7 ok
missing_time_varying_transmission ude_sir_h2 6 ok
missing_time_varying_transmission seir 8 ok
missing_time_varying_transmission tv_sir 8 ok
missing_time_varying_transmission sir 9 ok
missing_time_varying_transmission neural_ode_h2 7 ok
missing_time_varying_transmission ude_sir_h2 7 ok
missing_time_varying_transmission seir 9 ok
missing_time_varying_transmission sir 10 ok
missing_time_varying_transmission tv_sir 9 ok
missing_time_varying_transmission neural_ode_h2 8 ok
missing_time_varying_transmission ude_sir_h2 8 ok
missing_time_varying_transmission seir 10 ok
missing_time_varying_transmission sir 11 ok
missing_time_varying_transmission neural_ode_h2 9 ok
missing_time_varying_transmission tv_sir 10 ok
missing_time_varying_transmission ude_sir_h2 9 ok
missing_time_varying_transmission seir 11 ok
missing_time_varying_transmission tv_sir 11 ok
missing_time_varying_transmission sir 12 ok
missing_time_varying_transmission neural_ode_h2 10 ok
missing_time_varying_transmission ude_sir_h2 10 ok
missing_time_varying_transmission seir 12 ok
missing_time_varying_transmission tv_sir 12 ok
missing_time_varying_transmission sir 13 ok
missing_time_varying_transmission neural_ode_h2 11 ok
missing_time_varying_transmission ude_sir_h2 11 ok
missing_time_varying_transmission seir 13 ok
missing_time_varying_transmission tv_sir 13 ok
missing_time_varying_transmission sir 14 ok
missing_time_varying_transmission neural_ode_h2 12 ok
missing_time_varying_transmission ude_sir_h2 12 ok
missing_time_varying_transmission seir 14 ok
missing_time_varying_transmission tv_sir 14 ok
missing_time_varying_transmission sir 15 ok
missing_time_varying_transmission neural_ode_h2 13 ok
missing_time_varying_transmission ude_sir_h2 13 ok
missing_time_varying_transmission seir 15 ok
missing_time_varying_transmission tv_sir 15 ok
missing_time_varying_transmission sir 16 ok
missing_time_varying_transmission neural_ode_h2 14 ok
missing_time_varying_transmission ude_sir_h2 14 ok
missing_time_varying_transmission seir 16 ok
missing_time_varying_transmission tv_sir 16 ok
missing_time_varying_transmission sir 17 ok
missing_time_varying_transmission neural_ode_h2 15 ok
missing_time_varying_transmission ude_sir_h2 15 ok
missing_time_varying_transmission seir 17 ok
missing_time_varying_transmission tv_sir 17 ok
missing_time_varying_transmission sir 18 ok
missing_time_varying_transmission neural_ode_h2 16 ok
missing_time_varying_transmission ude_sir_h2 16 ok
missing_time_varying_transmission seir 18 ok
missing_time_varying_transmission neural_ode_h2 17 ok
missing_time_varying_transmission tv_sir 18 ok
missing_time_varying_transmission sir 19 ok
missing_time_varying_transmission ude_sir_h2 17 ok
missing_time_varying_transmission seir 19 ok
missing_time_varying_transmission tv_sir 19 ok
missing_neural_feedback sir 0 ok
missing_time_varying_transmission neural_ode_h2 18 ok
missing_time_varying_transmission ude_sir_h2 18 ok
missing_neural_feedback seir 0 ok
missing_neural_feedback sir 1 ok
missing_neural_feedback tv_sir 0 ok
missing_time_varying_transmission neural_ode_h2 19 ok
missing_time_varying_transmission ude_sir_h2 19 ok
missing_neural_feedback seir 1 ok
missing_neural_feedback sir 2 ok
missing_neural_feedback tv_sir 1 ok
missing_neural_feedback neural_ode_h2 0 ok
missing_neural_feedback ude_sir_h2 0 ok
missing_neural_feedback seir 2 ok
missing_neural_feedback tv_sir 2 ok
missing_neural_feedback sir 3 ok
missing_neural_feedback neural_ode_h2 1 ok
missing_neural_feedback seir 3 ok
missing_neural_feedback ude_sir_h2 1 ok
missing_neural_feedback tv_sir 3 ok
missing_neural_feedback neural_ode_h2 2 ok
missing_neural_feedback sir 4 ok
missing_neural_feedback ude_sir_h2 2 ok
missing_neural_feedback seir 4 ok
missing_neural_feedback tv_sir 4 ok
missing_neural_feedback sir 5 ok
missing_neural_feedback neural_ode_h2 3 ok
missing_neural_feedback ude_sir_h2 3 ok
missing_neural_feedback seir 5 ok
missing_neural_feedback sir 6 ok
missing_neural_feedback tv_sir 5 ok
missing_neural_feedback ude_sir_h2 4 ok
missing_neural_feedback neural_ode_h2 4 ok
missing_neural_feedback seir 6 ok
missing_neural_feedback tv_sir 6 ok
missing_neural_feedback neural_ode_h2 5 ok
missing_neural_feedback sir 7 ok
missing_neural_feedback ude_sir_h2 5 ok
missing_neural_feedback seir 7 ok
missing_neural_feedback tv_sir 7 ok
missing_neural_feedback sir 8 ok
missing_neural_feedback neural_ode_h2 6 ok
missing_neural_feedback ude_sir_h2 6 ok
missing_neural_feedback seir 8 ok
missing_neural_feedback tv_sir 8 ok
missing_neural_feedback sir 9 ok
missing_neural_feedback neural_ode_h2 7 ok
missing_neural_feedback ude_sir_h2 7 ok
missing_neural_feedback seir 9 ok
missing_neural_feedback tv_sir 9 ok
missing_neural_feedback sir 10 ok
missing_neural_feedback neural_ode_h2 8 ok
missing_neural_feedback ude_sir_h2 8 ok
missing_neural_feedback seir 10 ok
missing_neural_feedback neural_ode_h2 9 ok
missing_neural_feedback tv_sir 10 ok
missing_neural_feedback sir 11 ok
missing_neural_feedback seir 11 ok
missing_neural_feedback ude_sir_h2 9 ok
missing_neural_feedback tv_sir 11 ok
missing_neural_feedback sir 12 ok
missing_neural_feedback neural_ode_h2 10 ok
missing_neural_feedback ude_sir_h2 10 ok
missing_neural_feedback seir 12 ok
missing_neural_feedback tv_sir 12 ok
missing_neural_feedback neural_ode_h2 11 ok
missing_neural_feedback sir 13 ok
missing_neural_feedback ude_sir_h2 11 ok
missing_neural_feedback seir 13 ok
missing_neural_feedback tv_sir 13 ok
missing_neural_feedback sir 14 ok
missing_neural_feedback neural_ode_h2 12 ok
missing_neural_feedback ude_sir_h2 12 ok
missing_neural_feedback seir 14 ok
missing_neural_feedback tv_sir 14 ok
missing_neural_feedback neural_ode_h2 13 ok
missing_neural_feedback sir 15 ok
missing_neural_feedback seir 15 ok
missing_neural_feedback ude_sir_h2 13 ok
missing_neural_feedback sir 16 ok
missing_neural_feedback tv_sir 15 ok
missing_neural_feedback neural_ode_h2 14 ok
missing_neural_feedback ude_sir_h2 14 ok
missing_neural_feedback seir 16 ok
missing_neural_feedback neural_ode_h2 15 ok
missing_neural_feedback tv_sir 16 ok
missing_neural_feedback sir 17 ok
missing_neural_feedback ude_sir_h2 15 ok
missing_neural_feedback seir 17 ok
missing_neural_feedback sir 18 ok
missing_neural_feedback tv_sir 17 ok
missing_neural_feedback neural_ode_h2 16 ok
missing_neural_feedback ude_sir_h2 16 ok
missing_neural_feedback seir 18 ok
missing_neural_feedback neural_ode_h2 17 ok
missing_neural_feedback tv_sir 18 ok
missing_neural_feedback sir 19 ok
missing_neural_feedback ude_sir_h2 17 ok
missing_neural_feedback seir 19 ok
noisy_sir_overfit_risk sir 0 ok
missing_neural_feedback tv_sir 19 ok
missing_neural_feedback neural_ode_h2 18 ok
noisy_sir_overfit_risk seir 0 ok
missing_neural_feedback ude_sir_h2 18 ok
noisy_sir_overfit_risk tv_sir 0 ok
noisy_sir_overfit_risk sir 1 ok
missing_neural_feedback neural_ode_h2 19 ok
noisy_sir_overfit_risk seir 1 nonfinite_score
missing_neural_feedback ude_sir_h2 19 ok
noisy_sir_overfit_risk tv_sir 1 ok
noisy_sir_overfit_risk neural_ode_h2 0 ok
noisy_sir_overfit_risk ude_sir_h2 0 ok
noisy_sir_overfit_risk sir 2 ok
noisy_sir_overfit_risk seir 2 ok
noisy_sir_overfit_risk tv_sir 2 ok
noisy_sir_overfit_risk sir 3 ok
noisy_sir_overfit_risk ude_sir_h2 1 ok
noisy_sir_overfit_risk neural_ode_h2 1 ok
noisy_sir_overfit_risk seir 3 ok
noisy_sir_overfit_risk tv_sir 3 ok
noisy_sir_overfit_risk neural_ode_h2 2 ok
noisy_sir_overfit_risk sir 4 ok
noisy_sir_overfit_risk seir 4 ok
noisy_sir_overfit_risk ude_sir_h2 2 ok
noisy_sir_overfit_risk tv_sir 4 ok
noisy_sir_overfit_risk sir 5 ok
noisy_sir_overfit_risk neural_ode_h2 3 ok
noisy_sir_overfit_risk ude_sir_h2 3 ok
noisy_sir_overfit_risk seir 5 ok
noisy_sir_overfit_risk tv_sir 5 ok
noisy_sir_overfit_risk sir 6 ok
noisy_sir_overfit_risk neural_ode_h2 4 ok
noisy_sir_overfit_risk ude_sir_h2 4 ok
noisy_sir_overfit_risk seir 6 nonfinite_score
noisy_sir_overfit_risk tv_sir 6 ok
noisy_sir_overfit_risk ude_sir_h2 5 ok
noisy_sir_overfit_risk neural_ode_h2 5 ok
noisy_sir_overfit_risk sir 7 ok
noisy_sir_overfit_risk seir 7 ok
noisy_sir_overfit_risk tv_sir 7 ok
noisy_sir_overfit_risk sir 8 ok
noisy_sir_overfit_risk ude_sir_h2 6 ok
noisy_sir_overfit_risk neural_ode_h2 6 ok
noisy_sir_overfit_risk seir 8 ok
noisy_sir_overfit_risk tv_sir 8 ok
noisy_sir_overfit_risk sir 9 ok
noisy_sir_overfit_risk neural_ode_h2 7 ok
noisy_sir_overfit_risk ude_sir_h2 7 ok
noisy_sir_overfit_risk seir 9 ok
noisy_sir_overfit_risk tv_sir 9 ok
noisy_sir_overfit_risk sir 10 ok
noisy_sir_overfit_risk neural_ode_h2 8 ok
noisy_sir_overfit_risk ude_sir_h2 8 ok
noisy_sir_overfit_risk seir 10 ok
noisy_sir_overfit_risk tv_sir 10 ok
noisy_sir_overfit_risk sir 11 ok
noisy_sir_overfit_risk neural_ode_h2 9 ok
noisy_sir_overfit_risk seir 11 ok
noisy_sir_overfit_risk ude_sir_h2 9 ok
noisy_sir_overfit_risk tv_sir 11 ok
noisy_sir_overfit_risk ude_sir_h2 10 ok
noisy_sir_overfit_risk sir 12 ok
noisy_sir_overfit_risk neural_ode_h2 10 ok
noisy_sir_overfit_risk seir 12 ok
noisy_sir_overfit_risk tv_sir 12 ok
noisy_sir_overfit_risk neural_ode_h2 11 ok
noisy_sir_overfit_risk sir 13 ok
noisy_sir_overfit_risk ude_sir_h2 11 ok
noisy_sir_overfit_risk seir 13 ok
noisy_sir_overfit_risk sir 14 ok
noisy_sir_overfit_risk tv_sir 13 ok
noisy_sir_overfit_risk neural_ode_h2 12 ok
noisy_sir_overfit_risk seir 14 ok
noisy_sir_overfit_risk ude_sir_h2 12 ok
noisy_sir_overfit_risk tv_sir 14 ok
noisy_sir_overfit_risk neural_ode_h2 13 ok
noisy_sir_overfit_risk sir 15 ok
noisy_sir_overfit_risk ude_sir_h2 13 ok
noisy_sir_overfit_risk seir 15 ok
noisy_sir_overfit_risk tv_sir 15 ok
noisy_sir_overfit_risk neural_ode_h2 14 ok
noisy_sir_overfit_risk sir 16 ok
noisy_sir_overfit_risk ude_sir_h2 14 ok
noisy_sir_overfit_risk seir 16 ok
noisy_sir_overfit_risk ude_sir_h2 15 ok
noisy_sir_overfit_risk sir 17 ok
noisy_sir_overfit_risk neural_ode_h2 15 ok
noisy_sir_overfit_risk tv_sir 16 ok
noisy_sir_overfit_risk seir 17 ok
noisy_sir_overfit_risk tv_sir 17 ok
noisy_sir_overfit_risk sir 18 ok
noisy_sir_overfit_risk neural_ode_h2 16 ok
noisy_sir_overfit_risk seir 18 ok
noisy_sir_overfit_risk ude_sir_h2 16 ok
noisy_sir_overfit_risk tv_sir 18 ok
noisy_sir_overfit_risk sir 19 ok
noisy_sir_overfit_risk neural_ode_h2 17 ok
noisy_sir_overfit_risk ude_sir_h2 17 ok
noisy_sir_overfit_risk seir 19 ok
noisy_sir_overfit_risk tv_sir 19 ok
noisy_sir_overfit_risk neural_ode_h2 18 ok
noisy_sir_overfit_risk ude_sir_h2 18 ok
noisy_sir_overfit_risk neural_ode_h2 19 ok
noisy_sir_overfit_risk ude_sir_h2 19 ok
